******************************************************************************
               TMS320C6x Linker PC v7.4.4                      
******************************************************************************
>> Linked Thu Mar 02 17:08:36 2023

OUTPUT FILE NAME:   <GTZ_One_freq.out>
ENTRY POINT SYMBOL: "_c_int00"  address: 0080d940


MEMORY CONFIGURATION

         name            origin    length      used     unused   attr    fill
----------------------  --------  ---------  --------  --------  ----  --------
  L2SRAM                00800000   00080000  0001b290  00064d70  RW X
  MSMCSRAM              0c000000   00400000  00000000  00400000  RW X
  DDR2                  80000000   10000000  00000000  10000000  RWIX


SEGMENT ALLOCATION MAP

run origin  load origin   length   init length attrs members
----------  ----------- ---------- ----------- ----- -------
00800000    00800000    00011660   00011660    r-x
  00800000    00800000    00011660   00011660    r-x .text
00811660    00811660    00003e40   00000000    rw-
  00811660    00811660    00003e40   00000000    rw- .far
008154a0    008154a0    000036e8   000036e8    r--
  008154a0    008154a0    000036e8   000036e8    r-- .const
00818b88    00818b88    00001000   00000000    rw-
  00818b88    00818b88    00001000   00000000    rw- .stack
00819b88    00819b88    00000b44   00000b44    rw-
  00819b88    00819b88    00000b44   00000b44    rw- .fardata
0081a6d0    0081a6d0    00000120   00000000    rw-
  0081a6d0    0081a6d0    00000120   00000000    rw- .cio
0081a800    0081a800    00000200   00000200    r-x
  0081a800    0081a800    00000200   00000200    r-x .vecs
0081aa00    0081aa00    00000026   00000000    rw-
  0081aa00    0081aa00    00000026   00000000    rw- .bss
0081aa28    0081aa28    00000014   00000014    rw-
  0081aa28    0081aa28    00000014   00000014    rw- .neardata
0081aa3c    0081aa3c    00000004   00000004    r--
  0081aa3c    0081aa3c    00000004   00000004    r-- .rodata
0081aa40    0081aa40    00000864   00000864    r--
  0081aa40    0081aa40    00000864   00000864    r-- .cinit


SECTION ALLOCATION MAP

 output                                  attributes/
section   page    origin      length       input sections
--------  ----  ----------  ----------   ----------------
.init_array 
*          0    00800000    00000000     UNINITIALIZED

xdc.meta   0    00800000    00000118     COPY SECTION
                  00800000    00000118     Sys_BIOs_config_pe66.oe66 (xdc.meta)

.text      0    00800000    00011660     
                  00800000    000008a0     sysbios.ae66 : BIOS.obj (.text:ti_sysbios_family_c64p_Exception_handler__I)
                  008008a0    000008a0     ti.targets.rts6000.ae66 : System.oe66 (.text:xdc_runtime_System_doPrint__I)
                  00801140    00000600     sysbios.ae66 : BIOS.obj (.text:ti_sysbios_heaps_HeapMem_alloc__E)
                  00801740    00000600                  : BIOS.obj (.text:ti_sysbios_knl_Semaphore_pend__E)
                  00801d40    000005e0                  : BIOS.obj (.text:ti_sysbios_heaps_HeapMem_free__E)
                  00802320    000005c0     rts6600_elf.lib : divd.obj (.text:__c6xabi_divd)
                  008028e0    000005a0     sysbios.ae66 : BIOS.obj (.text:ti_sysbios_timers_timer64_Timer_Module_startup__F)
                  00802e80    00000500                  : BIOS.obj (.text:ti_sysbios_utils_Load_update__E)
                  00803380    00000420                  : BIOS.obj (.text:ti_sysbios_knl_Task_sleep__E)
                  008037a0    00000420                  : BIOS.obj (.text:ti_sysbios_utils_Load_logLoads__I)
                  00803bc0    00000360     main_gtz.obj (.text)
                  00803f20    00000300     sysbios.ae66 : BIOS.obj (.text:ti_sysbios_family_c64p_Hwi_dispatchC__I)
                  00804220    000002e0                  : BIOS.obj (.text:ti_sysbios_heaps_HeapMem_Instance_init__F)
                  00804500    000002c0     rts6600_elf.lib : cos.obj (.text:cos)
                  008047c0    000002c0     ti.uia.runtime.ae66 : LoggerProbePoint.oe66 (.text:ti_uia_runtime_LoggerProbePoint_write8__E)
                  00804a80    000002c0                         : LoggerStopMode.oe66 (.text:ti_uia_runtime_LoggerStopMode_write8__E)
                  00804d40    000002a0     sysbios.ae66 : BIOS.obj (.text:ti_sysbios_knl_Clock_Instance_init__F)
                  00804fe0    000002a0                  : BIOS.obj (.text:ti_sysbios_knl_Clock_workFunc__E)
                  00805280    000002a0                  : BIOS.obj (.text:ti_sysbios_timers_timer64_Timer_deviceConfig__I)
                  00805520    00000280     rts6600_elf.lib : sin.obj (.text:sin)
                  008057a0    00000280     ti.uia.runtime.ae66 : LoggerStopMode.oe66 (.text:ti_uia_runtime_LoggerStopMode_writeMemoryRange__E)
                  00805a20    00000280     ti.targets.rts6000.ae66 : Error.oe66 (.text:xdc_runtime_Error_raiseX__F)
                  00805ca0    00000260     sysbios.ae66 : BIOS.obj (.text:ti_sysbios_family_c64p_Exception_internalHandler__I)
                  00805f00    00000260                  : BIOS.obj (.text:ti_sysbios_knl_Semaphore_post__E)
                  00806160    00000260     ti.uia.runtime.ae66 : LoggerProbePoint.oe66 (.text:ti_uia_runtime_LoggerProbePoint_write4__E)
                  008063c0    00000260                         : LoggerProbePoint.oe66 (.text:ti_uia_runtime_LoggerProbePoint_writeMemoryRange__E)
                  00806620    00000260     ti.targets.rts6000.ae66 : Startup.oe66 (.text:xdc_runtime_Startup_startMods__I)
                  00806880    00000260     Sys_BIOs_config_pe66.oe66 (.text:xdc_runtime_System_printfExtend__I)
                  00806ae0    00000240     rts6600_elf.lib : imath64.obj (.text:__c6xabi_divull)
                  00806d20    00000240     sysbios.ae66 : BIOS.obj (.text:ti_sysbios_knl_Task_exit__E)
                  00806f60    00000240     ti.uia.runtime.ae66 : LoggerProbePoint.oe66 (.text:ti_uia_runtime_LoggerProbePoint_write0__E)
                  008071a0    00000240                         : LoggerProbePoint.oe66 (.text:ti_uia_runtime_LoggerProbePoint_write1__E)
                  008073e0    00000240                         : LoggerProbePoint.oe66 (.text:ti_uia_runtime_LoggerProbePoint_write2__E)
                  00807620    00000240                         : LoggerStopMode.oe66 (.text:ti_uia_runtime_LoggerStopMode_write4__E)
                  00807860    00000240     ti.targets.rts6000.ae66 : LoggerBuf.oe66 (.text:xdc_runtime_LoggerBuf_write8__F)
                  00807aa0    00000220     sysbios.ae66 : BIOS.obj (.text:ti_sysbios_knl_Swi_run__I)
                  00807cc0    00000220                  : BIOS.obj (.text:ti_sysbios_knl_Task_schedule__I)
                  00807ee0    00000220                  : BIOS.obj (.text:ti_sysbios_knl_Task_startCore__E)
                  00808100    00000220     ti.targets.rts6000.ae66 : Core-mem.oe66 (.text:xdc_runtime_Core_createObject__I)
                  00808320    00000200     sysbios.ae66 : c64p_Hwi_disp_always.obj (.text:_ti_sysbios_family_c64p_Hwi_dispatchAlways)
                  00808520    00000200                  : BIOS.obj (.text:ti_sysbios_utils_Load_taskDeleteHook__E)
                  00808720    000001e0                  : BIOS.obj (.text:ti_sysbios_family_c64p_Exception_externalHandler__I)
                  00808900    000001e0                  : BIOS.obj (.text:ti_sysbios_knl_Task_checkStacks__E)
                  00808ae0    000001e0                  : BIOS.obj (.text:ti_sysbios_knl_Task_postInit__I)
                  00808cc0    000001e0                  : BIOS.obj (.text:ti_sysbios_timers_timer64_Timer_getFreq__E)
                  00808ea0    000001e0                  : BIOS.obj (.text:ti_sysbios_utils_Load_idleFxn__E)
                  00809080    000001c0                  : BIOS.obj (.text:ti_sysbios_family_c64p_Exception_decodeMpfsr__I)
                  00809240    000001c0                  : BIOS.obj (.text:ti_sysbios_gates_GateMutex_enter__E)
                  00809400    000001c0                  : BIOS.obj (.text:ti_sysbios_timers_timer64_Timer_setPeriodMicroSecs__E)
                  008095c0    000001c0     ti.targets.rts6000.ae66 : Text.oe66 (.text:xdc_runtime_Text_putSite__F)
                  00809780    000001a0     sysbios.ae66 : BIOS.obj (.text:ti_sysbios_timers_timer64_Timer_start__E)
                  00809920    000001a0     ti.targets.rts6000.ae66 : LoggerBuf.oe66 (.text:xdc_runtime_LoggerBuf_write4__F)
                  00809ac0    00000180     rts6600_elf.lib : copy_decompress_rle.obj (.text:__TI_decompress_rle_core)
                  00809c40    00000180     sysbios.ae66 : c64p_Exception_asm.obj (.text)
                  00809dc0    00000180                  : BIOS.obj (.text:ti_sysbios_knl_Swi_schedule__I)
                  00809f40    00000180                  : BIOS.obj (.text:ti_sysbios_knl_Task_unblockI__E)
                  0080a0c0    00000160                  : BIOS.obj (.text:ti_sysbios_utils_Load_taskCreateHook__E)
                  0080a220    00000140     boot.ae66 : autoinit.oe66 (.text:_auto_init_elf)
                  0080a360    00000140     sysbios.ae66 : BIOS.obj (.text:ti_sysbios_family_c64p_Exception_Module_startup__F)
                  0080a4a0    00000140                  : BIOS.obj (.text:ti_sysbios_family_c64p_Hwi_Module_startup__F)
                  0080a5e0    00000140                  : BIOS.obj (.text:ti_sysbios_family_c66_Cache_Module_startup__F)
                  0080a720    00000140                  : BIOS.obj (.text:ti_sysbios_knl_Semaphore_Instance_init__F)
                  0080a860    00000140                  : BIOS.obj (.text:ti_sysbios_knl_Swi_post__E)
                  0080a9a0    00000140                  : BIOS.obj (.text:ti_sysbios_knl_Task_Module_startup__F)
                  0080aae0    00000140                  : BIOS.obj (.text:ti_sysbios_knl_Task_blockI__E)
                  0080ac20    00000140     ti.targets.rts6000.ae66 : Text.oe66 (.text:xdc_runtime_Text_putLab__F)
                  0080ad60    00000120     sysbios.ae66 : BIOS.obj (.text:ti_sysbios_BIOS_rtsUnlock__I)
                  0080ae80    00000120                  : BIOS.obj (.text:ti_sysbios_knl_Clock_startI__E)
                  0080afa0    00000120     ti.uia.runtime.ae66 : LoggerProbePoint.oe66 (.text:ti_uia_runtime_LoggerProbePoint_setFilterLevel__E)
                  0080b0c0    00000120                         : LoggerStopMode.oe66 (.text:ti_uia_runtime_LoggerStopMode_setFilterLevel__E)
                  0080b1e0    00000120                         : QueueDescriptor.oe66 (.text:ti_uia_runtime_QueueDescriptor_addToList__E)
                  0080b300    00000120     ti.targets.rts6000.ae66 : LoggerBuf.oe66 (.text:xdc_runtime_LoggerBuf_setFilterLevel__F)
                  0080b420    00000120                             : Text.oe66 (.text:xdc_runtime_Text_putMod__F)
                  0080b540    00000100     sysbios.ae66 : BIOS.obj (.text:ti_sysbios_knl_Swi_restoreHwi__E)
                  0080b640    00000100                  : BIOS.obj (.text:ti_sysbios_timers_timer64_Timer_initDevice__I)
                  0080b740    00000100                  : BIOS.obj (.text:ti_sysbios_utils_Load_addTask__E)
                  0080b840    00000100     ti.uia.runtime.ae66 : LoggerProbePoint.oe66 (.text:ti_uia_runtime_LoggerProbePoint_getFilterLevel__E)
                  0080b940    00000100                         : LoggerStopMode.oe66 (.text:ti_uia_runtime_LoggerStopMode_getContents__E)
                  0080ba40    00000100                         : LoggerStopMode.oe66 (.text:ti_uia_runtime_LoggerStopMode_getFilterLevel__E)
                  0080bb40    00000100     ti.targets.rts6000.ae66 : Core-mem.oe66 (.text:xdc_runtime_Core_deleteObject__I)
                  0080bc40    00000100                             : LoggerBuf.oe66 (.text:xdc_runtime_LoggerBuf_getFilterLevel__F)
                  0080bd40    00000100                             : Startup.oe66 (.text:xdc_runtime_Startup_exec__F)
                  0080be40    00000100                             : Text.oe66 (.text:xdc_runtime_Text_visitRope2__I)
                  0080bf40    000000e0     rts6600_elf.lib : copy_zero_init.obj (.text:decompress:ZI:__TI_zero_init)
                  0080c020    000000e0                     : memset.obj (.text:memset)
                  0080c100    000000e0     sysbios.ae66 : BIOS.obj (.text:ti_sysbios_knl_Clock_start__E)
                  0080c1e0    000000e0     Sys_BIOs_config_pe66.oe66 (.text:ti_uia_runtime_LoggerProbePoint_Object__create__S)
                  0080c2c0    000000e0     ti.uia.runtime.ae66 : LoggerProbePoint.oe66 (.text:ti_uia_runtime_LoggerProbePoint_getContents__E)
                  0080c3a0    000000e0                         : LoggerProbePoint.oe66 (.text:ti_uia_runtime_LoggerProbePoint_writeBlockOfMemory__I)
                  0080c480    000000e0     Sys_BIOs_config_pe66.oe66 (.text:ti_uia_runtime_LoggerStopMode_Object__create__S)
                  0080c560    000000e0     ti.uia.runtime.ae66 : LoggerStopMode.oe66 (.text:ti_uia_runtime_LoggerStopMode_writeBlockOfMemory__I)
                  0080c640    000000e0                         : QueueDescriptor.oe66 (.text:ti_uia_runtime_QueueDescriptor_removeFromList__E)
                  0080c720    000000e0     ti.targets.rts6000.ae66 : Error.oe66 (.text:xdc_runtime_Error_print__F)
                  0080c800    000000e0     Sys_BIOs_config_pe66.oe66 (.text:xdc_runtime_LoggerBuf_Object__create__S)
                  0080c8e0    000000e0     ti.targets.rts6000.ae66 : Memory.oe66 (.text:xdc_runtime_Memory_alloc__F)
                  0080c9c0    000000c0     rts6600_elf.lib : trgdrv.obj (.text:HOSTwrite)
                  0080ca80    000000c0                     : dtor_list.obj (.text:_Z11__TI_atexitPFYvPvES_S_)
                  0080cb40    000000c0                     : dtor_list.obj (.text:__cxa_finalize)
                  0080cc00    000000c0                     : divu.obj (.text:__divu)
                  0080ccc0    000000c0                     : remi.obj (.text:__remi)
                  0080cd80    000000c0                     : exit.obj (.text:exit)
                  0080ce40    000000c0     sysbios.ae66 : BIOS.obj (.text:ti_sysbios_BIOS_errorRaiseHook__I)
                  0080cf00    000000c0                  : BIOS.obj (.text:ti_sysbios_heaps_HeapMem_getStats__E)
                  0080cfc0    000000c0                  : BIOS.obj (.text:ti_sysbios_knl_Clock_logTick__E)
                  0080d080    000000c0                  : BIOS.obj (.text:ti_sysbios_knl_Task_allBlockedFunction__I)
                  0080d140    000000c0                  : BIOS.obj (.text:ti_sysbios_timers_timer64_Timer_startup__E)
                  0080d200    000000c0                  : BIOS.obj (.text:ti_sysbios_utils_Load_taskSwitchHook__E)
                  0080d2c0    000000c0     ti.uia.runtime.ae66 : LoggerProbePoint.oe66 (.text:ti_uia_runtime_LoggerProbePoint_Instance_init__F)
                  0080d380    000000c0                         : LoggerProbePoint.oe66 (.text:ti_uia_runtime_LoggerProbePoint_Module_startup__F)
                  0080d440    000000c0                         : LoggerStopMode.oe66 (.text:ti_uia_runtime_LoggerStopMode_Instance_init__F)
                  0080d500    000000c0                         : LoggerStopMode.oe66 (.text:ti_uia_runtime_LoggerStopMode_Module_startup__F)
                  0080d5c0    000000c0     util.obj (.text)
                  0080d680    000000c0     ti.targets.rts6000.ae66 : LoggerBuf.oe66 (.text:xdc_runtime_LoggerBuf_Instance_init__F)
                  0080d740    000000c0                             : System.oe66 (.text:xdc_runtime_System_formatNum__I)
                  0080d800    000000a0     rts6600_elf.lib : round.obj (.text:__c6xabi_nround)
                  0080d8a0    000000a0                     : remu.obj (.text:__remu)
                  0080d940    000000a0     boot.ae66 : boot.oe66 (.text:_c_int00)
                  0080d9e0    000000a0     rts6600_elf.lib : memcpy64.obj (.text:memcpy)
                  0080da80    000000a0                     : modf.obj (.text:modf)
                  0080db20    000000a0     sysbios.ae66 : BIOS.obj (.text:ti_sysbios_family_c64p_Hwi_getStackInfo__E)
                  0080dbc0    000000a0                  : BIOS.obj (.text:ti_sysbios_heaps_HeapMem_init__I)
                  0080dc60    000000a0     Sys_BIOs_config_pe66.oe66 (.text:ti_sysbios_knl_Clock_Object__create__S)
                  0080dd00    000000a0     sysbios.ae66 : BIOS.obj (.text:ti_sysbios_knl_Idle_run__E)
                  0080dda0    000000a0                  : BIOS.obj (.text:ti_sysbios_knl_Semaphore_pendTimeout__I)
                  0080de40    000000a0                  : BIOS.obj (.text:ti_sysbios_knl_Task_processVitalTaskFlag__I)
                  0080dee0    000000a0                  : BIOS.obj (.text:ti_sysbios_timers_timer64_Timer_stop__E)
                  0080df80    000000a0     ti.uia.runtime.ae66 : LoggerProbePoint.oe66 (.text:ti_uia_runtime_LoggerProbePoint_readBlockOfMemory__I)
                  0080e020    000000a0                         : LoggerStopMode.oe66 (.text:ti_uia_runtime_LoggerStopMode_readBlockOfMemory__I)
                  0080e0c0    000000a0     ti.targets.rts6000.ae66 : Assert.oe66 (.text:xdc_runtime_Assert_raise__I)
                  0080e160    000000a0                             : LoggerBuf.oe66 (.text:xdc_runtime_LoggerBuf_Module_startup__F)
                  0080e200    000000a0                             : SysMin.oe66 (.text:xdc_runtime_SysMin_abort__F)
                  0080e2a0    000000a0                             : SysMin.oe66 (.text:xdc_runtime_SysMin_flush__F)
                  0080e340    000000a0                             : SysMin.oe66 (.text:xdc_runtime_SysMin_putch__F)
                  0080e3e0    000000a0                             : Text.oe66 (.text:xdc_runtime_Text_xprintf__I)
                  0080e480    00000080     rts6600_elf.lib : llshift.obj (.text:__c6xabi_llshl)
                  0080e500    00000080     sysbios.ae66 : c62_TaskSupport_asm.obj (.text:_ti_sysbios_family_c62_TaskSupport_swap__E)
                  0080e580    00000080     Sys_BIOs_config_pe66.oe66 (.text:malloc)
                  0080e600    00000080     rts6600_elf.lib : trgmsg.obj (.text:readmsg)
                  0080e680    00000080     Sys_BIOs_config_pe66.oe66 (.text:ti_sysbios_BIOS_exitFunc__I)
                  0080e700    00000080     sysbios.ae66 : BIOS.obj (.text:ti_sysbios_BIOS_registerRTSLock__I)
                  0080e780    00000080     Sys_BIOs_config_pe66.oe66 (.text:ti_sysbios_gates_GateHwi_Object__create__S)
                  0080e800    00000080     Sys_BIOs_config_pe66.oe66 (.text:ti_sysbios_gates_GateMutex_Object__create__S)
                  0080e880    00000080     sysbios.ae66 : BIOS.obj (.text:ti_sysbios_hal_Hwi_checkStack:ti_sysbios_hal_Hwi_checkStack)
                  0080e900    00000080                  : BIOS.obj (.text:ti_sysbios_hal_Hwi_initStack:ti_sysbios_hal_Hwi_initStack)
                  0080e980    00000080     Sys_BIOs_config_pe66.oe66 (.text:ti_sysbios_heaps_HeapMem_Object__create__S)
                  0080ea00    00000080     sysbios.ae66 : BIOS.obj (.text:ti_sysbios_knl_Clock_Module_startup__F)
                  0080ea80    00000080     Sys_BIOs_config_pe66.oe66 (.text:ti_sysbios_knl_Clock_doTick__I)
                  0080eb00    00000080     sysbios.ae66 : BIOS.obj (.text:ti_sysbios_knl_Clock_getTicks__E)
                  0080eb80    00000080     Sys_BIOs_config_pe66.oe66 (.text:ti_sysbios_knl_Queue_Object__create__S)
                  0080ec00    00000080     Sys_BIOs_config_pe66.oe66 (.text:ti_sysbios_knl_Semaphore_Object__create__S)
                  0080ec80    00000080     sysbios.ae66 : BIOS.obj (.text:ti_sysbios_knl_Swi_startup__E)
                  0080ed00    00000080                  : BIOS.obj (.text:ti_sysbios_knl_Task_restore__E)
                  0080ed80    00000080                  : BIOS.obj (.text:ti_sysbios_timers_timer64_Timer_getCount__E)
                  0080ee00    00000080                  : BIOS.obj (.text:ti_sysbios_timers_timer64_Timer_getPeriod__E)
                  0080ee80    00000080     ti.uia.runtime.ae66 : LoggerProbePoint.oe66 (.text:ti_uia_runtime_LoggerProbePoint_disable__E)
                  0080ef00    00000080                         : LoggerProbePoint.oe66 (.text:ti_uia_runtime_LoggerProbePoint_enable__E)
                  0080ef80    00000080                         : LoggerProbePoint.oe66 (.text:ti_uia_runtime_LoggerProbePoint_filterOutEvent__I)
                  0080f000    00000080                         : LoggerProbePoint.oe66 (.text:ti_uia_runtime_LoggerProbePoint_reset__F)
                  0080f080    00000080                         : LoggerStopMode.oe66 (.text:ti_uia_runtime_LoggerStopMode_disable__E)
                  0080f100    00000080                         : LoggerStopMode.oe66 (.text:ti_uia_runtime_LoggerStopMode_enable__E)
                  0080f180    00000080                         : LoggerStopMode.oe66 (.text:ti_uia_runtime_LoggerStopMode_filterOutEvent__I)
                  0080f200    00000080                         : LoggerStopMode.oe66 (.text:ti_uia_runtime_LoggerStopMode_reset__F)
                  0080f280    00000080     ti.targets.rts6000.ae66 : Core-label.oe66 (.text:xdc_runtime_Core_assignLabel__I)
                  0080f300    00000080                             : Core-params.oe66 (.text:xdc_runtime_Core_assignParams__I)
                  0080f380    00000080                             : LoggerBuf.oe66 (.text:xdc_runtime_LoggerBuf_filterOutEvent__I)
                  0080f400    00000080     Sys_BIOs_config_pe66.oe66 (.text:xdc_runtime_SysMin_output__I)
                  0080f480    00000080     ti.targets.rts6000.ae66 : System.oe66 (.text:xdc_runtime_System_atexit__F)
                  0080f500    00000080                             : System.oe66 (.text:xdc_runtime_System_putchar__I)
                  0080f580    00000080                             : System.oe66 (.text:xdc_runtime_System_rtsExit__I)
                  0080f600    00000080                             : Text.oe66 (.text:xdc_runtime_Text_printVisFxn__I)
                  0080f680    00000060     rts6600_elf.lib : frcmpyd_div.obj (.text:__c6xabi_frcmpyd_div)
                  0080f6e0    00000060                     : llshift.obj (.text:__c6xabi_llshru)
                  0080f740    00000060                     : imath64.obj (.text:_subcull)
                  0080f7a0    00000060     sysbios.ae66 : BIOS.obj (.text:ti_sysbios_BIOS_rtsLock__I)
                  0080f800    00000060                  : BIOS.obj (.text:ti_sysbios_family_c62_TaskSupport_start__E)
                  0080f860    00000060                  : BIOS.obj (.text:ti_sysbios_gates_GateMutex_Instance_init__F)
                  0080f8c0    00000060     Sys_BIOs_config_pe66.oe66 (.text:ti_sysbios_gates_GateMutex_Object__delete__S)
                  0080f920    00000060     sysbios.ae66 : BIOS.obj (.text:ti_sysbios_knl_Swi_Module_startup__F)
                  0080f980    00000060                  : BIOS.obj (.text:ti_sysbios_knl_Task_enter__I)
                  0080f9e0    00000060                  : BIOS.obj (.text:ti_sysbios_knl_Task_sleepTimeout__I)
                  0080fa40    00000060     ti.uia.runtime.ae66 : LogSync.oe66 (.text:ti_uia_runtime_LogSync_Module_startup__F)
                  0080faa0    00000060                         : LoggerProbePoint.oe66 (.text:ti_uia_runtime_LoggerProbePoint_Instance_finalize__F)
                  0080fb00    00000060     Sys_BIOs_config_pe66.oe66 (.text:ti_uia_runtime_LoggerProbePoint_Object__delete__S)
                  0080fb60    00000060     ti.uia.runtime.ae66 : LoggerStopMode.oe66 (.text:ti_uia_runtime_LoggerStopMode_Instance_finalize__F)
                  0080fbc0    00000060     Sys_BIOs_config_pe66.oe66 (.text:ti_uia_runtime_LoggerStopMode_Object__delete__S)
                  0080fc20    00000060     rts6600_elf.lib : trgmsg.obj (.text:writemsg)
                  0080fc80    00000060     Sys_BIOs_config_pe66.oe66 (.text:xdc_runtime_LoggerBuf_Object__delete__S)
                  0080fce0    00000060     ti.targets.rts6000.ae66 : Memory.oe66 (.text:xdc_runtime_Memory_calloc__F)
                  0080fd40    00000060                             : SysMin.oe66 (.text:xdc_runtime_SysMin_Module_startup__F)
                  0080fda0    00000060                             : SysMin.oe66 (.text:xdc_runtime_SysMin_exit__F)
                  0080fe00    00000060                             : System.oe66 (.text:xdc_runtime_System_avprintf__F)
                  0080fe60    00000060                             : System.oe66 (.text:xdc_runtime_System_vprintf__F)
                  0080fec0    00000060                             : Text.oe66 (.text:xdc_runtime_Text_cordText__F)
                  0080ff20    00000040     rts6600_elf.lib : args_main.obj (.text:_args_main)
                  0080ff60    00000040     sysbios.ae66 : c62_TaskSupport_asm.obj (.text:_ti_sysbios_family_c62_TaskSupport_buildTaskStack)
                  0080ffa0    00000040                  : c64p_Hwi_asm_switch.obj (.text:_ti_sysbios_family_xxx_Hwi_switchToIsrStack)
                  0080ffe0    00000040     Sys_BIOs_config_pe66.oe66 (.text:free)
                  00810020    00000040     Sys_BIOs_config_pe66.oe66 (.text:ti_sysbios_BIOS_startFunc__I)
                  00810060    00000040     Sys_BIOs_config_pe66.oe66 (.text:ti_sysbios_family_c64p_Hwi_Module__startupDone__F)
                  008100a0    00000040     sysbios.ae66 : BIOS.obj (.text:ti_sysbios_family_c64p_Hwi_disableInterrupt__E)
                  008100e0    00000040                  : BIOS.obj (.text:ti_sysbios_family_c64p_Hwi_enableInterrupt__E)
                  00810120    00000040     Sys_BIOs_config_pe66.oe66 (.text:ti_sysbios_gates_GateHwi_Handle__label__S)
                  00810160    00000040     Sys_BIOs_config_pe66.oe66 (.text:ti_sysbios_gates_GateHwi_Object__delete__S)
                  008101a0    00000040     Sys_BIOs_config_pe66.oe66 (.text:ti_sysbios_gates_GateMutex_Handle__label__S)
                  008101e0    00000040     sysbios.ae66 : BIOS.obj (.text:ti_sysbios_gates_GateMutex_leave__E)
                  00810220    00000040     Sys_BIOs_config_pe66.oe66 (.text:ti_sysbios_hal_Timer_Module__startupDone__F)
                  00810260    00000040     Sys_BIOs_config_pe66.oe66 (.text:ti_sysbios_heaps_HeapMem_Handle__label__S)
                  008102a0    00000040     Sys_BIOs_config_pe66.oe66 (.text:ti_sysbios_heaps_HeapMem_Object__delete__S)
                  008102e0    00000040     Sys_BIOs_config_pe66.oe66 (.text:ti_sysbios_heaps_HeapMem_Object__get__S)
                  00810320    00000040     Sys_BIOs_config_pe66.oe66 (.text:ti_sysbios_knl_Semaphore_Object__destruct__S)
                  00810360    00000040     Sys_BIOs_config_pe66.oe66 (.text:ti_sysbios_knl_Swi_Object__get__S)
                  008103a0    00000040     Sys_BIOs_config_pe66.oe66 (.text:ti_sysbios_knl_Task_Object__get__S)
                  008103e0    00000040     Sys_BIOs_config_pe66.oe66 (.text:ti_sysbios_timers_timer64_Timer_Module__startupDone__F)
                  00810420    00000040     Sys_BIOs_config_pe66.oe66 (.text:ti_uia_family_c66_TimestampC66XGlobal_Module__startupDone__F)
                  00810460    00000040     Sys_BIOs_config_pe66.oe66 (.text:ti_uia_runtime_LoggerProbePoint_Handle__label__S)
                  008104a0    00000040     Sys_BIOs_config_pe66.oe66 (.text:ti_uia_runtime_LoggerProbePoint_Object__get__S)
                  008104e0    00000040     Sys_BIOs_config_pe66.oe66 (.text:ti_uia_runtime_LoggerStopMode_Handle__label__S)
                  00810520    00000040     Sys_BIOs_config_pe66.oe66 (.text:ti_uia_runtime_LoggerStopMode_Object__get__S)
                  00810560    00000040     ti.uia.runtime.ae66 : LoggerStopMode.oe66 (.text:ti_uia_runtime_LoggerStopMode_write0__E)
                  008105a0    00000040                         : LoggerStopMode.oe66 (.text:ti_uia_runtime_LoggerStopMode_write1__E)
                  008105e0    00000040                         : LoggerStopMode.oe66 (.text:ti_uia_runtime_LoggerStopMode_write2__E)
                  00810620    00000040                         : QueueDescriptor.oe66 (.text:ti_uia_runtime_QueueDescriptor_initHeader__E)
                  00810660    00000040     ti.targets.rts6000.ae66 : Error.oe66 (.text:xdc_runtime_Error_check__F)
                  008106a0    00000040                             : Error.oe66 (.text:xdc_runtime_Error_init__F)
                  008106e0    00000040                             : Gate.oe66 (.text:xdc_runtime_Gate_leaveSystem__F)
                  00810720    00000040     Sys_BIOs_config_pe66.oe66 (.text:xdc_runtime_LoggerBuf_Handle__label__S)
                  00810760    00000040     ti.targets.rts6000.ae66 : LoggerBuf.oe66 (.text:xdc_runtime_LoggerBuf_Instance_finalize__F)
                  008107a0    00000040     Sys_BIOs_config_pe66.oe66 (.text:xdc_runtime_LoggerBuf_Object__get__S)
                  008107e0    00000040     ti.targets.rts6000.ae66 : LoggerBuf.oe66 (.text:xdc_runtime_LoggerBuf_write0__F)
                  00810820    00000040                             : LoggerBuf.oe66 (.text:xdc_runtime_LoggerBuf_write1__F)
                  00810860    00000040                             : LoggerBuf.oe66 (.text:xdc_runtime_LoggerBuf_write2__F)
                  008108a0    00000040                             : Memory.oe66 (.text:xdc_runtime_Memory_free__F)
                  008108e0    00000040                             : Registry.oe66 (.text:xdc_runtime_Registry_findById__F)
                  00810920    00000040                             : System.oe66 (.text:xdc_runtime_System_abort__F)
                  00810960    00000040     Sys_BIOs_config_pe66.oe66 (.text:xdc_runtime_System_aprintf__E)
                  008109a0    00000040     Sys_BIOs_config_pe66.oe66 (.text:xdc_runtime_System_printf__E)
                  008109e0    00000040     ti.targets.rts6000.ae66 : Text.oe66 (.text:xdc_runtime_Text_ropeText__F)
                  00810a20    00000020     rts6600_elf.lib : trunc.obj (.text:__c6xabi_trunc)
                  00810a40    00000020                     : dtor_list.obj (.text:__cxa_atexit)
                  00810a60    00000020                     : dtor_list.obj (.text:__cxa_ia64_exit)
                  00810a80    00000020     ti.targets.rts6000.ae66 : xdc_noinit.oe66 (.text:__xdc__init)
                  00810aa0    00000020     rts6600_elf.lib : _lock.obj (.text:_nop)
                  00810ac0    00000020                     : _lock.obj (.text:_register_lock)
                  00810ae0    00000020                     : _lock.obj (.text:_register_unlock)
                  00810b00    00000020     sysbios.ae66 : c62_TaskSupport_asm.obj (.text:_ti_sysbios_family_c62_TaskSupport_glue)
                  00810b20    00000020                  : c64p_Hwi_asm_switch.obj (.text:_ti_sysbios_family_xxx_Hwi_switchToTaskStack)
                  00810b40    00000020     rts6600_elf.lib : exit.obj (.text:abort)
                  00810b60    00000020                     : dtor_list.obj (.text:atexit)
                  00810b80    00000020                     : copy_decompress_none.obj (.text:decompress:none:__TI_decompress_none)
                  00810ba0    00000020                     : copy_decompress_rle.obj (.text:decompress:rle24:__TI_decompress_rle24)
                  00810bc0    00000020     Sys_BIOs_config_pe66.oe66 (.text:ti_sysbios_BIOS_RtsGateProxy_enter__E)
                  00810be0    00000020     Sys_BIOs_config_pe66.oe66 (.text:ti_sysbios_BIOS_RtsGateProxy_leave__E)
                  00810c00    00000020     sysbios.ae66 : BIOS.obj (.text:ti_sysbios_BIOS_getCpuFreq__E)
                  00810c20    00000020                  : BIOS.obj (.text:ti_sysbios_BIOS_nullFunc__I)
                  00810c40    00000020                  : BIOS.obj (.text:ti_sysbios_BIOS_setThreadType__E)
                  00810c60    00000020                  : BIOS.obj (.text:ti_sysbios_BIOS_start__E)
                  00810c80    00000020     Sys_BIOs_config_pe66.oe66 (.text:ti_sysbios_family_c62_TaskSupport_Module__startupDone__S)
                  00810ca0    00000020     sysbios.ae66 : BIOS.obj (.text:ti_sysbios_family_c62_TaskSupport_checkStack__E)
                  00810cc0    00000020                  : BIOS.obj (.text:ti_sysbios_family_c64p_Hwi_clearInterrupt__E)
                  00810ce0    00000020                  : BIOS.obj (.text:ti_sysbios_family_c64p_Hwi_startup__E)
                  00810d00    00000020                  : BIOS.obj (.text:ti_sysbios_family_c64p_Hwi_switchFromBootStack__E)
                  00810d20    00000020                  : BIOS.obj (.text:ti_sysbios_family_c64p_TimestampProvider_Module_startup__F)
                  00810d40    00000020                  : BIOS.obj (.text:ti_sysbios_family_c64p_TimestampProvider_get32__E)
                  00810d60    00000020                  : BIOS.obj (.text:ti_sysbios_family_c64p_TimestampProvider_get64__E)
                  00810d80    00000020                  : BIOS.obj (.text:ti_sysbios_family_c64p_tci6488_TimerSupport_enable__E)
                  00810da0    00000020                  : BIOS.obj (.text:ti_sysbios_gates_GateHwi_Instance_init__F)
                  00810dc0    00000020                  : BIOS.obj (.text:ti_sysbios_gates_GateHwi_enter__E)
                  00810de0    00000020                  : BIOS.obj (.text:ti_sysbios_gates_GateHwi_leave__E)
                  00810e00    00000020                  : BIOS.obj (.text:ti_sysbios_gates_GateHwi_query__F)
                  00810e20    00000020                  : BIOS.obj (.text:ti_sysbios_gates_GateMutex_Instance_finalize__F)
                  00810e40    00000020                  : BIOS.obj (.text:ti_sysbios_gates_GateMutex_query__F)
                  00810e60    00000020     Sys_BIOs_config_pe66.oe66 (.text:ti_sysbios_hal_Hwi_HwiProxy_Module__startupDone__S)
                  00810e80    00000020     sysbios.ae66 : BIOS.obj (.text:ti_sysbios_hal_Hwi_Module_startup__F)
                  00810ea0    00000020                  : BIOS.obj (.text:ti_sysbios_hal_Timer_Module_startup__F)
                  00810ec0    00000020     Sys_BIOs_config_pe66.oe66 (.text:ti_sysbios_hal_Timer_TimerProxy_Module__startupDone__S)
                  00810ee0    00000020     Sys_BIOs_config_pe66.oe66 (.text:ti_sysbios_hal_Timer_TimerProxy_getExpiredCounts__E)
                  00810f00    00000020     Sys_BIOs_config_pe66.oe66 (.text:ti_sysbios_hal_Timer_TimerProxy_getPeriod__E)
                  00810f20    00000020     Sys_BIOs_config_pe66.oe66 (.text:ti_sysbios_hal_Timer_TimerProxy_setNextTick__E)
                  00810f40    00000020     Sys_BIOs_config_pe66.oe66 (.text:ti_sysbios_heaps_HeapMem_Module_GateProxy_enter__E)
                  00810f60    00000020     Sys_BIOs_config_pe66.oe66 (.text:ti_sysbios_heaps_HeapMem_Module_GateProxy_leave__E)
                  00810f80    00000020     sysbios.ae66 : BIOS.obj (.text:ti_sysbios_heaps_HeapMem_isBlocking__E)
                  00810fa0    00000020     Sys_BIOs_config_pe66.oe66 (.text:ti_sysbios_knl_Clock_Params__init__S)
                  00810fc0    00000020     sysbios.ae66 : BIOS.obj (.text:ti_sysbios_knl_Idle_loop__E)
                  00810fe0    00000020                  : BIOS.obj (.text:ti_sysbios_knl_Queue_Instance_init__F)
                  00811000    00000020     Sys_BIOs_config_pe66.oe66 (.text:ti_sysbios_knl_Queue_Object__destruct__S)
                  00811020    00000020     Sys_BIOs_config_pe66.oe66 (.text:ti_sysbios_knl_Queue_Object__get__S)
                  00811040    00000020     sysbios.ae66 : BIOS.obj (.text:ti_sysbios_knl_Queue_empty__E)
                  00811060    00000020                  : BIOS.obj (.text:ti_sysbios_knl_Semaphore_Instance_finalize__F)
                  00811080    00000020                  : BIOS.obj (.text:ti_sysbios_knl_Swi_disable__E)
                  008110a0    00000020     Sys_BIOs_config_pe66.oe66 (.text:ti_sysbios_knl_Task_Object__first__S)
                  008110c0    00000020     Sys_BIOs_config_pe66.oe66 (.text:ti_sysbios_knl_Task_Object__next__S)
                  008110e0    00000020     Sys_BIOs_config_pe66.oe66 (.text:ti_sysbios_knl_Task_SupportProxy_Module__startupDone__S)
                  00811100    00000020     sysbios.ae66 : BIOS.obj (.text:ti_sysbios_knl_Task_disable__E)
                  00811120    00000020                  : BIOS.obj (.text:ti_sysbios_knl_Task_startup__E)
                  00811140    00000020                  : BIOS.obj (.text:ti_sysbios_timers_timer64_Timer_setNextTick__E)
                  00811160    00000020                  : BIOS.obj (.text:ti_sysbios_utils_Load_taskRegHook__E)
                  00811180    00000020     ti.uia.family.c66.ae66 : TimestampC66XGlobal.oe66 (.text:ti_uia_family_c66_TimestampC66XGlobal_Module_startup__F)
                  008111a0    00000020     Sys_BIOs_config_pe66.oe66 (.text:ti_uia_runtime_LogSync_CpuTimestampProxy_Module__startupDone__S)
                  008111c0    00000020     Sys_BIOs_config_pe66.oe66 (.text:ti_uia_runtime_LogSync_GlobalTimestampProxy_Module__startupDone__S)
                  008111e0    00000020     ti.uia.runtime.ae66 : LoggerProbePoint.oe66 (.text:ti_uia_runtime_LoggerProbePoint_getFreeSize__E)
                  00811200    00000020                         : LoggerProbePoint.oe66 (.text:ti_uia_runtime_LoggerProbePoint_getInstanceId__E)
                  00811220    00000020                         : LoggerProbePoint.oe66 (.text:ti_uia_runtime_LoggerProbePoint_getMaxLength__E)
                  00811240    00000020                         : LoggerProbePoint.oe66 (.text:ti_uia_runtime_LoggerProbePoint_getPriority__E)
                  00811260    00000020                         : LoggerProbePoint.oe66 (.text:ti_uia_runtime_LoggerProbePoint_getTransferType__F)
                  00811280    00000020                         : LoggerProbePoint.oe66 (.text:ti_uia_runtime_LoggerProbePoint_getUnreadSize__E)
                  008112a0    00000020                         : LoggerProbePoint.oe66 (.text:ti_uia_runtime_LoggerProbePoint_isEmpty__E)
                  008112c0    00000020                         : LoggerProbePoint.oe66 (.text:ti_uia_runtime_LoggerProbePoint_setPriority__E)
                  008112e0    00000020                         : LoggerStopMode.oe66 (.text:ti_uia_runtime_LoggerStopMode_getFreeSize__E)
                  00811300    00000020                         : LoggerStopMode.oe66 (.text:ti_uia_runtime_LoggerStopMode_getInstanceId__E)
                  00811320    00000020                         : LoggerStopMode.oe66 (.text:ti_uia_runtime_LoggerStopMode_getMaxLength__E)
                  00811340    00000020                         : LoggerStopMode.oe66 (.text:ti_uia_runtime_LoggerStopMode_getPriority__E)
                  00811360    00000020                         : LoggerStopMode.oe66 (.text:ti_uia_runtime_LoggerStopMode_getTransferType__F)
                  00811380    00000020                         : LoggerStopMode.oe66 (.text:ti_uia_runtime_LoggerStopMode_getUnreadSize__E)
                  008113a0    00000020                         : LoggerStopMode.oe66 (.text:ti_uia_runtime_LoggerStopMode_isEmpty__E)
                  008113c0    00000020                         : LoggerStopMode.oe66 (.text:ti_uia_runtime_LoggerStopMode_setPriority__E)
                  008113e0    00000020     ti.targets.rts6000.ae66 : Gate.oe66 (.text:xdc_runtime_Gate_enterSystem__F)
                  00811400    00000020     Sys_BIOs_config_pe66.oe66 (.text:xdc_runtime_IHeap_alloc)
                  00811420    00000020     Sys_BIOs_config_pe66.oe66 (.text:xdc_runtime_IHeap_free)
                  00811440    00000020     Sys_BIOs_config_pe66.oe66 (.text:xdc_runtime_LoggerBuf_Module_GateProxy_enter__E)
                  00811460    00000020     Sys_BIOs_config_pe66.oe66 (.text:xdc_runtime_LoggerBuf_Module_GateProxy_leave__E)
                  00811480    00000020     ti.targets.rts6000.ae66 : LoggerBuf.oe66 (.text:xdc_runtime_LoggerBuf_disable__F)
                  008114a0    00000020                             : LoggerBuf.oe66 (.text:xdc_runtime_LoggerBuf_enable__F)
                  008114c0    00000020     Sys_BIOs_config_pe66.oe66 (.text:xdc_runtime_Memory_HeapProxy_alloc__E)
                  008114e0    00000020     Sys_BIOs_config_pe66.oe66 (.text:xdc_runtime_Memory_HeapProxy_free__E)
                  00811500    00000020     Sys_BIOs_config_pe66.oe66 (.text:xdc_runtime_Startup_exec__I)
                  00811520    00000020     Sys_BIOs_config_pe66.oe66 (.text:xdc_runtime_Startup_reset__I)
                  00811540    00000020     ti.targets.rts6000.ae66 : SysMin.oe66 (.text:xdc_runtime_SysMin_ready__F)
                  00811560    00000020     Sys_BIOs_config_pe66.oe66 (.text:xdc_runtime_System_Module_GateProxy_enter__E)
                  00811580    00000020     Sys_BIOs_config_pe66.oe66 (.text:xdc_runtime_System_Module_GateProxy_leave__E)
                  008115a0    00000020     ti.targets.rts6000.ae66 : System.oe66 (.text:xdc_runtime_System_Module_startup__F)
                  008115c0    00000020                             : System.oe66 (.text:xdc_runtime_System_exit__F)
                  008115e0    00000020                             : System.oe66 (.text:xdc_runtime_System_lastFxn__I)
                  00811600    00000020                             : System.oe66 (.text:xdc_runtime_System_vsnprintf__F)
                  00811620    00000020     Sys_BIOs_config_pe66.oe66 (.text:xdc_runtime_Text_visitRope__I)
                  00811640    00000020     Sys_BIOs_config_pe66.oe66 (.text:xdc_runtime_Timestamp_Module__startupDone__S)

.far       0    00811660    00003e40     UNINITIALIZED
                  00811660    00002618     Sys_BIOs_config_pe66.oe66 (.far)
                  00813c78    00001800     Sys_BIOs_config_pe66.oe66 (.far:taskStackSection)
                  00815478    00000020     util.obj (.far)
                  00815498    00000008     rts6600_elf.lib : trgdrv.obj (.far)

.const     0    008154a0    000036e8     
                  008154a0    000021b1     Sys_BIOs_config_pe66.oe66 (.const:xdc_runtime_Text_charTab__A)
                  00817651    00000683     sysbios.ae66 : BIOS.obj (.const:.string)
                  00817cd4    00000004     ti.targets.rts6000.ae66 : Assert.oe66 (.const:.string)
                  00817cd8    00000400     Sys_BIOs_config_pe66.oe66 (.const:ti_sysbios_family_c66_Cache_marvalues__C)
                  008180d8    00000128     Sys_BIOs_config_pe66.oe66 (.const:xdc_runtime_Text_nodeTab__A)
                  00818200    000000a8     util.obj (.const:.string)
                  008182a8    00000060     Sys_BIOs_config_pe66.oe66 (.const:ti_uia_runtime_LoggerProbePoint_Module__FXNS__C)
                  00818308    00000060     Sys_BIOs_config_pe66.oe66 (.const:ti_uia_runtime_LoggerStopMode_Module__FXNS__C)
                  00818368    00000058     ti.targets.rts6000.ae66 : Error.oe66 (.const:.string)
                  008183c0    00000047     Sys_BIOs_config_pe66.oe66 (.const:.string)
                  00818407    00000001     --HOLE-- [fill = 0]
                  00818408    00000044     Sys_BIOs_config_pe66.oe66 (.const:xdc_runtime_Startup_sfxnTab__A)
                  0081844c    00000040     ti.targets.rts6000.ae66 : Text.oe66 (.const:.string)
                  0081848c    0000003c     Sys_BIOs_config_pe66.oe66 (.const:xdc_runtime_LoggerBuf_Module__FXNS__C)
                  008184c8    00000034     Sys_BIOs_config_pe66.oe66 (.const:ti_uia_runtime_LoggerProbePoint_Object__PARAMS__C)
                  008184fc    00000034     Sys_BIOs_config_pe66.oe66 (.const:ti_uia_runtime_LoggerStopMode_Object__PARAMS__C)
                  00818530    00000030     Sys_BIOs_config_pe66.oe66 (.const:ti_sysbios_knl_Task_hooks__A)
                  00818560    0000002c     ti.targets.rts6000.ae66 : Startup.oe66 (.const:.string)
                  0081858c    00000028     Sys_BIOs_config_pe66.oe66 (.const:ti_sysbios_heaps_HeapMem_Module__FXNS__C)
                  008185b4    00000028     Sys_BIOs_config_pe66.oe66 (.const:xdc_runtime_LoggerBuf_Object__PARAMS__C)
                  008185dc    00000024     Sys_BIOs_config_pe66.oe66 (.const:ti_sysbios_gates_GateHwi_Module__FXNS__C)
                  00818600    00000024     Sys_BIOs_config_pe66.oe66 (.const:ti_sysbios_gates_GateMutex_Module__FXNS__C)
                  00818624    00000024     Sys_BIOs_config_pe66.oe66 (.const:ti_sysbios_heaps_HeapMem_Object__PARAMS__C)
                  00818648    00000024     Sys_BIOs_config_pe66.oe66 (.const:ti_sysbios_knl_Clock_Object__PARAMS__C)
                  0081866c    00000024     Sys_BIOs_config_pe66.oe66 (.const:ti_sysbios_knl_Semaphore_Object__PARAMS__C)
                  00818690    00000022     Sys_BIOs_config_pe66.oe66 (.const:xdc_runtime_Startup_sfxnRts__A)
                  008186b2    00000002     Sys_BIOs_config_pe66.oe66 (.const:ti_sysbios_BIOS_Module__id__C)
                  008186b4    00000020     Sys_BIOs_config_pe66.oe66 (.const:ti_sysbios_gates_GateHwi_Object__DESC__C)
                  008186d4    00000020     Sys_BIOs_config_pe66.oe66 (.const:ti_sysbios_gates_GateMutex_Object__DESC__C)
                  008186f4    00000020     Sys_BIOs_config_pe66.oe66 (.const:ti_sysbios_heaps_HeapMem_Object__DESC__C)
                  00818714    00000020     Sys_BIOs_config_pe66.oe66 (.const:ti_sysbios_knl_Clock_Object__DESC__C)
                  00818734    00000020     Sys_BIOs_config_pe66.oe66 (.const:ti_sysbios_knl_Queue_Object__DESC__C)
                  00818754    00000020     Sys_BIOs_config_pe66.oe66 (.const:ti_sysbios_knl_Semaphore_Object__DESC__C)
                  00818774    00000020     Sys_BIOs_config_pe66.oe66 (.const:ti_uia_runtime_LoggerProbePoint_Object__DESC__C)
                  00818794    00000020     Sys_BIOs_config_pe66.oe66 (.const:ti_uia_runtime_LoggerStopMode_Object__DESC__C)
                  008187b4    00000020     Sys_BIOs_config_pe66.oe66 (.const:xdc_runtime_LoggerBuf_Object__DESC__C)
                  008187d4    00000018     Sys_BIOs_config_pe66.oe66 (.const:ti_sysbios_gates_GateHwi_Object__PARAMS__C)
                  008187ec    00000018     Sys_BIOs_config_pe66.oe66 (.const:ti_sysbios_gates_GateMutex_Object__PARAMS__C)
                  00818804    00000018     Sys_BIOs_config_pe66.oe66 (.const:ti_sysbios_knl_Queue_Object__PARAMS__C)
                  0081881c    00000014     main_gtz.obj (.const:.string)
                  00818830    00000011     ti.targets.rts6000.ae66 : System.oe66 (.const:digtohex)
                  00818841    00000001     --HOLE-- [fill = 0]
                  00818842    00000002     Sys_BIOs_config_pe66.oe66 (.const:ti_sysbios_family_c64p_Exception_Module__id__C)
                  00818844    0000000c     Sys_BIOs_config_pe66.oe66 (.const:ti_sysbios_family_c66_Cache_initSize__C)
                  00818850    00000008     ti.targets.rts6000.ae66 : System.oe66 (.const:.string)
                  00818858    00000008     Sys_BIOs_config_pe66.oe66 (.const:ti_sysbios_knl_Idle_coreList__A)
                  00818860    00000008     Sys_BIOs_config_pe66.oe66 (.const:ti_sysbios_knl_Idle_coreList__C)
                  00818868    00000008     Sys_BIOs_config_pe66.oe66 (.const:ti_sysbios_knl_Idle_funcList__A)
                  00818870    00000008     Sys_BIOs_config_pe66.oe66 (.const:ti_sysbios_knl_Idle_funcList__C)
                  00818878    00000008     Sys_BIOs_config_pe66.oe66 (.const:ti_sysbios_knl_Task_hooks__C)
                  00818880    00000008     Sys_BIOs_config_pe66.oe66 (.const:xdc_runtime_Startup_firstFxns__A)
                  00818888    00000008     Sys_BIOs_config_pe66.oe66 (.const:xdc_runtime_Startup_firstFxns__C)
                  00818890    00000008     Sys_BIOs_config_pe66.oe66 (.const:xdc_runtime_Startup_lastFxns__C)
                  00818898    00000004     Sys_BIOs_config_pe66.oe66 (.const:ti_sysbios_BIOS_Module__diagsEnabled__C)
                  0081889c    00000004     Sys_BIOs_config_pe66.oe66 (.const:ti_sysbios_BIOS_Module__diagsIncluded__C)
                  008188a0    00000004     Sys_BIOs_config_pe66.oe66 (.const:ti_sysbios_BIOS_Module__diagsMask__C)
                  008188a4    00000004     Sys_BIOs_config_pe66.oe66 (.const:ti_sysbios_BIOS_installedErrorHook__C)
                  008188a8    00000004     Sys_BIOs_config_pe66.oe66 (.const:ti_sysbios_family_c64p_Exception_E_exceptionMax__C)
                  008188ac    00000004     Sys_BIOs_config_pe66.oe66 (.const:ti_sysbios_family_c64p_Exception_E_exceptionMin__C)
                  008188b0    00000004     Sys_BIOs_config_pe66.oe66 (.const:ti_sysbios_family_c64p_Exception_exceptionHook__C)
                  008188b4    00000004     Sys_BIOs_config_pe66.oe66 (.const:ti_sysbios_family_c64p_Exception_externalHook__C)
                  008188b8    00000004     Sys_BIOs_config_pe66.oe66 (.const:ti_sysbios_family_c64p_Exception_internalHook__C)
                  008188bc    00000004     Sys_BIOs_config_pe66.oe66 (.const:ti_sysbios_family_c64p_Exception_nmiHook__C)
                  008188c0    00000004     Sys_BIOs_config_pe66.oe66 (.const:ti_sysbios_family_c64p_Hwi_LD_end__C)
                  008188c4    00000004     Sys_BIOs_config_pe66.oe66 (.const:ti_sysbios_family_c64p_Hwi_LM_begin__C)
                  008188c8    00000004     Sys_BIOs_config_pe66.oe66 (.const:ti_sysbios_family_c64p_Hwi_Module__diagsEnabled__C)
                  008188cc    00000004     Sys_BIOs_config_pe66.oe66 (.const:ti_sysbios_family_c64p_Hwi_Module__diagsIncluded__C)
                  008188d0    00000004     Sys_BIOs_config_pe66.oe66 (.const:ti_sysbios_family_c64p_Hwi_Module__diagsMask__C)
                  008188d4    00000004     Sys_BIOs_config_pe66.oe66 (.const:ti_sysbios_family_c64p_Hwi_Module__loggerFxn1__C)
                  008188d8    00000004     Sys_BIOs_config_pe66.oe66 (.const:ti_sysbios_family_c64p_Hwi_Module__loggerFxn8__C)
                  008188dc    00000004     Sys_BIOs_config_pe66.oe66 (.const:ti_sysbios_family_c64p_Hwi_Module__loggerObj__C)
                  008188e0    00000004     Sys_BIOs_config_pe66.oe66 (.const:ti_sysbios_gates_GateMutex_A_badContext__C)
                  008188e4    00000004     Sys_BIOs_config_pe66.oe66 (.const:ti_sysbios_gates_GateMutex_Instance_State_sem__O)
                  008188e8    00000004     Sys_BIOs_config_pe66.oe66 (.const:ti_sysbios_gates_GateMutex_Module__diagsEnabled__C)
                  008188ec    00000004     Sys_BIOs_config_pe66.oe66 (.const:ti_sysbios_gates_GateMutex_Module__diagsIncluded__C)
                  008188f0    00000004     Sys_BIOs_config_pe66.oe66 (.const:ti_sysbios_gates_GateMutex_Module__diagsMask__C)
                  008188f4    00000004     Sys_BIOs_config_pe66.oe66 (.const:ti_sysbios_hal_Hwi_E_stackOverflow__C)
                  008188f8    00000004     Sys_BIOs_config_pe66.oe66 (.const:ti_sysbios_heaps_HeapMem_A_align__C)
                  008188fc    00000004     Sys_BIOs_config_pe66.oe66 (.const:ti_sysbios_heaps_HeapMem_A_heapSize__C)
                  00818900    00000004     Sys_BIOs_config_pe66.oe66 (.const:ti_sysbios_heaps_HeapMem_A_invalidFree__C)
                  00818904    00000004     Sys_BIOs_config_pe66.oe66 (.const:ti_sysbios_heaps_HeapMem_A_zeroBlock__C)
                  00818908    00000004     Sys_BIOs_config_pe66.oe66 (.const:ti_sysbios_heaps_HeapMem_E_memory__C)
                  0081890c    00000004     Sys_BIOs_config_pe66.oe66 (.const:ti_sysbios_heaps_HeapMem_Module__diagsEnabled__C)
                  00818910    00000004     Sys_BIOs_config_pe66.oe66 (.const:ti_sysbios_heaps_HeapMem_Module__diagsIncluded__C)
                  00818914    00000004     Sys_BIOs_config_pe66.oe66 (.const:ti_sysbios_heaps_HeapMem_Module__diagsMask__C)
                  00818918    00000004     Sys_BIOs_config_pe66.oe66 (.const:ti_sysbios_heaps_HeapMem_Module__gateObj__C)
                  0081891c    00000004     Sys_BIOs_config_pe66.oe66 (.const:ti_sysbios_heaps_HeapMem_Object__count__C)
                  00818920    00000004     Sys_BIOs_config_pe66.oe66 (.const:ti_sysbios_heaps_HeapMem_reqAlign__C)
                  00818924    00000004     Sys_BIOs_config_pe66.oe66 (.const:ti_sysbios_knl_Clock_A_badThreadType__C)
                  00818928    00000004     Sys_BIOs_config_pe66.oe66 (.const:ti_sysbios_knl_Clock_LM_begin__C)
                  0081892c    00000004     Sys_BIOs_config_pe66.oe66 (.const:ti_sysbios_knl_Clock_LM_tick__C)
                  00818930    00000004     Sys_BIOs_config_pe66.oe66 (.const:ti_sysbios_knl_Clock_LW_delayed__C)
                  00818934    00000004     Sys_BIOs_config_pe66.oe66 (.const:ti_sysbios_knl_Clock_Module_State_clockQ__O)
                  00818938    00000004     Sys_BIOs_config_pe66.oe66 (.const:ti_sysbios_knl_Clock_Module__diagsEnabled__C)
                  0081893c    00000004     Sys_BIOs_config_pe66.oe66 (.const:ti_sysbios_knl_Clock_Module__diagsIncluded__C)
                  00818940    00000004     Sys_BIOs_config_pe66.oe66 (.const:ti_sysbios_knl_Clock_Module__diagsMask__C)
                  00818944    00000004     Sys_BIOs_config_pe66.oe66 (.const:ti_sysbios_knl_Clock_Module__loggerFxn1__C)
                  00818948    00000004     Sys_BIOs_config_pe66.oe66 (.const:ti_sysbios_knl_Clock_Module__loggerFxn2__C)
                  0081894c    00000004     Sys_BIOs_config_pe66.oe66 (.const:ti_sysbios_knl_Clock_Module__loggerObj__C)
                  00818950    00000004     Sys_BIOs_config_pe66.oe66 (.const:ti_sysbios_knl_Clock_tickMode__C)
                  00818954    00000004     Sys_BIOs_config_pe66.oe66 (.const:ti_sysbios_knl_Clock_tickSource__C)
                  00818958    00000004     Sys_BIOs_config_pe66.oe66 (.const:ti_sysbios_knl_Semaphore_A_badContext__C)
                  0081895c    00000004     Sys_BIOs_config_pe66.oe66 (.const:ti_sysbios_knl_Semaphore_A_noEvents__C)
                  00818960    00000004     Sys_BIOs_config_pe66.oe66 (.const:ti_sysbios_knl_Semaphore_A_overflow__C)
                  00818964    00000004     Sys_BIOs_config_pe66.oe66 (.const:ti_sysbios_knl_Semaphore_A_pendTaskDisabled__C)
                  00818968    00000004     Sys_BIOs_config_pe66.oe66 (.const:ti_sysbios_knl_Semaphore_Instance_State_pendQ__O)
                  0081896c    00000004     Sys_BIOs_config_pe66.oe66 (.const:ti_sysbios_knl_Semaphore_LM_pend__C)
                  00818970    00000004     Sys_BIOs_config_pe66.oe66 (.const:ti_sysbios_knl_Semaphore_LM_post__C)
                  00818974    00000004     Sys_BIOs_config_pe66.oe66 (.const:ti_sysbios_knl_Semaphore_Module__diagsEnabled__C)
                  00818978    00000004     Sys_BIOs_config_pe66.oe66 (.const:ti_sysbios_knl_Semaphore_Module__diagsIncluded__C)
                  0081897c    00000004     Sys_BIOs_config_pe66.oe66 (.const:ti_sysbios_knl_Semaphore_Module__diagsMask__C)
                  00818980    00000004     Sys_BIOs_config_pe66.oe66 (.const:ti_sysbios_knl_Semaphore_Module__loggerFxn2__C)
                  00818984    00000004     Sys_BIOs_config_pe66.oe66 (.const:ti_sysbios_knl_Semaphore_Module__loggerFxn4__C)
                  00818988    00000004     Sys_BIOs_config_pe66.oe66 (.const:ti_sysbios_knl_Semaphore_Module__loggerObj__C)
                  0081898c    00000004     Sys_BIOs_config_pe66.oe66 (.const:ti_sysbios_knl_Swi_LD_end__C)
                  00818990    00000004     Sys_BIOs_config_pe66.oe66 (.const:ti_sysbios_knl_Swi_LM_begin__C)
                  00818994    00000004     Sys_BIOs_config_pe66.oe66 (.const:ti_sysbios_knl_Swi_LM_post__C)
                  00818998    00000004     Sys_BIOs_config_pe66.oe66 (.const:ti_sysbios_knl_Swi_Module__diagsEnabled__C)
                  0081899c    00000004     Sys_BIOs_config_pe66.oe66 (.const:ti_sysbios_knl_Swi_Module__diagsIncluded__C)
                  008189a0    00000004     Sys_BIOs_config_pe66.oe66 (.const:ti_sysbios_knl_Swi_Module__diagsMask__C)
                  008189a4    00000004     Sys_BIOs_config_pe66.oe66 (.const:ti_sysbios_knl_Swi_Module__loggerFxn1__C)
                  008189a8    00000004     Sys_BIOs_config_pe66.oe66 (.const:ti_sysbios_knl_Swi_Module__loggerFxn4__C)
                  008189ac    00000004     Sys_BIOs_config_pe66.oe66 (.const:ti_sysbios_knl_Swi_Module__loggerObj__C)
                  008189b0    00000004     Sys_BIOs_config_pe66.oe66 (.const:ti_sysbios_knl_Swi_Object__count__C)
                  008189b4    00000004     Sys_BIOs_config_pe66.oe66 (.const:ti_sysbios_knl_Task_A_badTimeout__C)
                  008189b8    00000004     Sys_BIOs_config_pe66.oe66 (.const:ti_sysbios_knl_Task_A_sleepTaskDisabled__C)
                  008189bc    00000004     Sys_BIOs_config_pe66.oe66 (.const:ti_sysbios_knl_Task_E_spOutOfBounds__C)
                  008189c0    00000004     Sys_BIOs_config_pe66.oe66 (.const:ti_sysbios_knl_Task_E_stackOverflow__C)
                  008189c4    00000004     Sys_BIOs_config_pe66.oe66 (.const:ti_sysbios_knl_Task_LD_block__C)
                  008189c8    00000004     Sys_BIOs_config_pe66.oe66 (.const:ti_sysbios_knl_Task_LD_exit__C)
                  008189cc    00000004     Sys_BIOs_config_pe66.oe66 (.const:ti_sysbios_knl_Task_LD_ready__C)
                  008189d0    00000004     Sys_BIOs_config_pe66.oe66 (.const:ti_sysbios_knl_Task_LM_sleep__C)
                  008189d4    00000004     Sys_BIOs_config_pe66.oe66 (.const:ti_sysbios_knl_Task_LM_switch__C)
                  008189d8    00000004     Sys_BIOs_config_pe66.oe66 (.const:ti_sysbios_knl_Task_Module_State_inactiveQ__O)
                  008189dc    00000004     Sys_BIOs_config_pe66.oe66 (.const:ti_sysbios_knl_Task_Module_State_terminatedQ__O)
                  008189e0    00000004     Sys_BIOs_config_pe66.oe66 (.const:ti_sysbios_knl_Task_Module__diagsEnabled__C)
                  008189e4    00000004     Sys_BIOs_config_pe66.oe66 (.const:ti_sysbios_knl_Task_Module__diagsIncluded__C)
                  008189e8    00000004     Sys_BIOs_config_pe66.oe66 (.const:ti_sysbios_knl_Task_Module__diagsMask__C)
                  008189ec    00000004     Sys_BIOs_config_pe66.oe66 (.const:ti_sysbios_knl_Task_Module__loggerFxn2__C)
                  008189f0    00000004     Sys_BIOs_config_pe66.oe66 (.const:ti_sysbios_knl_Task_Module__loggerFxn4__C)
                  008189f4    00000004     Sys_BIOs_config_pe66.oe66 (.const:ti_sysbios_knl_Task_Module__loggerObj__C)
                  008189f8    00000004     Sys_BIOs_config_pe66.oe66 (.const:ti_sysbios_knl_Task_Object__count__C)
                  008189fc    00000004     Sys_BIOs_config_pe66.oe66 (.const:ti_sysbios_knl_Task_Object__heap__C)
                  00818a00    00000004     Sys_BIOs_config_pe66.oe66 (.const:ti_sysbios_knl_Task_allBlockedFunc__C)
                  00818a04    00000004     Sys_BIOs_config_pe66.oe66 (.const:ti_sysbios_knl_Task_numConstructedTasks__C)
                  00818a08    00000004     Sys_BIOs_config_pe66.oe66 (.const:ti_sysbios_timers_timer64_Timer_A_notAvailable__C)
                  00818a0c    00000004     Sys_BIOs_config_pe66.oe66 (.const:ti_sysbios_timers_timer64_Timer_E_cannotSupport__C)
                  00818a10    00000004     Sys_BIOs_config_pe66.oe66 (.const:ti_sysbios_timers_timer64_Timer_Module__diagsEnabled__C)
                  00818a14    00000004     Sys_BIOs_config_pe66.oe66 (.const:ti_sysbios_timers_timer64_Timer_Module__diagsIncluded__C)
                  00818a18    00000004     Sys_BIOs_config_pe66.oe66 (.const:ti_sysbios_timers_timer64_Timer_Module__diagsMask__C)
                  00818a1c    00000004     Sys_BIOs_config_pe66.oe66 (.const:ti_sysbios_timers_timer64_Timer_anyMask__C)
                  00818a20    00000004     Sys_BIOs_config_pe66.oe66 (.const:ti_sysbios_timers_timer64_Timer_freqDivisor__C)
                  00818a24    00000004     Sys_BIOs_config_pe66.oe66 (.const:ti_sysbios_timers_timer64_Timer_numLocalTimers__C)
                  00818a28    00000004     Sys_BIOs_config_pe66.oe66 (.const:ti_sysbios_timers_timer64_Timer_numTimerDevices__C)
                  00818a2c    00000004     Sys_BIOs_config_pe66.oe66 (.const:ti_sysbios_utils_Load_LS_cpuLoad__C)
                  00818a30    00000004     Sys_BIOs_config_pe66.oe66 (.const:ti_sysbios_utils_Load_LS_hwiLoad__C)
                  00818a34    00000004     Sys_BIOs_config_pe66.oe66 (.const:ti_sysbios_utils_Load_LS_swiLoad__C)
                  00818a38    00000004     Sys_BIOs_config_pe66.oe66 (.const:ti_sysbios_utils_Load_LS_taskLoad__C)
                  00818a3c    00000004     Sys_BIOs_config_pe66.oe66 (.const:ti_sysbios_utils_Load_Module_State_taskList__O)
                  00818a40    00000004     Sys_BIOs_config_pe66.oe66 (.const:ti_sysbios_utils_Load_Module__diagsEnabled__C)
                  00818a44    00000004     Sys_BIOs_config_pe66.oe66 (.const:ti_sysbios_utils_Load_Module__diagsIncluded__C)
                  00818a48    00000004     Sys_BIOs_config_pe66.oe66 (.const:ti_sysbios_utils_Load_Module__diagsMask__C)
                  00818a4c    00000004     Sys_BIOs_config_pe66.oe66 (.const:ti_sysbios_utils_Load_Module__loggerFxn1__C)
                  00818a50    00000004     Sys_BIOs_config_pe66.oe66 (.const:ti_sysbios_utils_Load_Module__loggerFxn2__C)
                  00818a54    00000004     Sys_BIOs_config_pe66.oe66 (.const:ti_sysbios_utils_Load_Module__loggerFxn4__C)
                  00818a58    00000004     Sys_BIOs_config_pe66.oe66 (.const:ti_sysbios_utils_Load_Module__loggerObj__C)
                  00818a5c    00000004     Sys_BIOs_config_pe66.oe66 (.const:ti_sysbios_utils_Load_postUpdate__C)
                  00818a60    00000004     Sys_BIOs_config_pe66.oe66 (.const:ti_sysbios_utils_Load_windowInMs__C)
                  00818a64    00000004     Sys_BIOs_config_pe66.oe66 (.const:ti_uia_family_c66_TimestampC66XGlobal_timerBaseAdrs__C)
                  00818a68    00000004     Sys_BIOs_config_pe66.oe66 (.const:ti_uia_runtime_ILoggerSnapshot_Interface__BASE__C)
                  00818a6c    00000004     Sys_BIOs_config_pe66.oe66 (.const:ti_uia_runtime_IUIATransfer_Interface__BASE__C)
                  00818a70    00000004     Sys_BIOs_config_pe66.oe66 (.const:ti_uia_runtime_LoggerProbePoint_E_badLevel__C)
                  00818a74    00000004     Sys_BIOs_config_pe66.oe66 (.const:ti_uia_runtime_LoggerProbePoint_Object__count__C)
                  00818a78    00000004     Sys_BIOs_config_pe66.oe66 (.const:ti_uia_runtime_LoggerProbePoint_overflowLogger__C)
                  00818a7c    00000004     Sys_BIOs_config_pe66.oe66 (.const:ti_uia_runtime_LoggerProbePoint_statusLogger__C)
                  00818a80    00000004     Sys_BIOs_config_pe66.oe66 (.const:ti_uia_runtime_LoggerStopMode_E_badLevel__C)
                  00818a84    00000004     Sys_BIOs_config_pe66.oe66 (.const:ti_uia_runtime_LoggerStopMode_Object__count__C)
                  00818a88    00000004     Sys_BIOs_config_pe66.oe66 (.const:ti_uia_runtime_LoggerStopMode_overflowLogger__C)
                  00818a8c    00000004     Sys_BIOs_config_pe66.oe66 (.const:ti_uia_runtime_LoggerStopMode_statusLogger__C)
                  00818a90    00000004     Sys_BIOs_config_pe66.oe66 (.const:xdc_runtime_Assert_E_assertFailed__C)
                  00818a94    00000004     Sys_BIOs_config_pe66.oe66 (.const:xdc_runtime_Core_A_initializedParams__C)
                  00818a98    00000004     Sys_BIOs_config_pe66.oe66 (.const:xdc_runtime_Core_Module__diagsEnabled__C)
                  00818a9c    00000004     Sys_BIOs_config_pe66.oe66 (.const:xdc_runtime_Core_Module__diagsIncluded__C)
                  00818aa0    00000004     Sys_BIOs_config_pe66.oe66 (.const:xdc_runtime_Core_Module__diagsMask__C)
                  00818aa4    00000004     Sys_BIOs_config_pe66.oe66 (.const:xdc_runtime_Error_E_memory__C)
                  00818aa8    00000004     Sys_BIOs_config_pe66.oe66 (.const:xdc_runtime_Error_Module__diagsEnabled__C)
                  00818aac    00000004     Sys_BIOs_config_pe66.oe66 (.const:xdc_runtime_Error_Module__diagsIncluded__C)
                  00818ab0    00000004     Sys_BIOs_config_pe66.oe66 (.const:xdc_runtime_Error_Module__diagsMask__C)
                  00818ab4    00000004     Sys_BIOs_config_pe66.oe66 (.const:xdc_runtime_Error_Module__loggerFxn8__C)
                  00818ab8    00000004     Sys_BIOs_config_pe66.oe66 (.const:xdc_runtime_Error_Module__loggerObj__C)
                  00818abc    00000004     Sys_BIOs_config_pe66.oe66 (.const:xdc_runtime_Error_policy__C)
                  00818ac0    00000004     Sys_BIOs_config_pe66.oe66 (.const:xdc_runtime_Error_raiseHook__C)
                  00818ac4    00000004     Sys_BIOs_config_pe66.oe66 (.const:xdc_runtime_IFilterLogger_Interface__BASE__C)
                  00818ac8    00000004     Sys_BIOs_config_pe66.oe66 (.const:xdc_runtime_IGateProvider_Interface__BASE__C)
                  00818acc    00000004     Sys_BIOs_config_pe66.oe66 (.const:xdc_runtime_IHeap_Interface__BASE__C)
                  00818ad0    00000004     Sys_BIOs_config_pe66.oe66 (.const:xdc_runtime_ILogger_Interface__BASE__C)
                  00818ad4    00000004     Sys_BIOs_config_pe66.oe66 (.const:xdc_runtime_IModule_Interface__BASE__C)
                  00818ad8    00000004     Sys_BIOs_config_pe66.oe66 (.const:xdc_runtime_Log_L_error__C)
                  00818adc    00000004     Sys_BIOs_config_pe66.oe66 (.const:xdc_runtime_LoggerBuf_E_badLevel__C)
                  00818ae0    00000004     Sys_BIOs_config_pe66.oe66 (.const:xdc_runtime_LoggerBuf_Module__gateObj__C)
                  00818ae4    00000004     Sys_BIOs_config_pe66.oe66 (.const:xdc_runtime_LoggerBuf_Object__count__C)
                  00818ae8    00000004     Sys_BIOs_config_pe66.oe66 (.const:xdc_runtime_LoggerBuf_statusLogger__C)
                  00818aec    00000004     Sys_BIOs_config_pe66.oe66 (.const:xdc_runtime_Memory_defaultHeapInstance__C)
                  00818af0    00000004     Sys_BIOs_config_pe66.oe66 (.const:xdc_runtime_Startup_execImpl__C)
                  00818af4    00000004     Sys_BIOs_config_pe66.oe66 (.const:xdc_runtime_Startup_maxPasses__C)
                  00818af8    00000004     Sys_BIOs_config_pe66.oe66 (.const:xdc_runtime_Startup_lastFxns__A)
                  00818afc    00000004     Sys_BIOs_config_pe66.oe66 (.const:xdc_runtime_Startup_sfxnRts__C)
                  00818b00    00000004     Sys_BIOs_config_pe66.oe66 (.const:xdc_runtime_Startup_sfxnTab__C)
                  00818b04    00000004     Sys_BIOs_config_pe66.oe66 (.const:xdc_runtime_SysMin_bufSize__C)
                  00818b08    00000004     Sys_BIOs_config_pe66.oe66 (.const:xdc_runtime_SysMin_outputFunc__C)
                  00818b0c    00000004     Sys_BIOs_config_pe66.oe66 (.const:xdc_runtime_System_Module__gateObj__C)
                  00818b10    00000004     Sys_BIOs_config_pe66.oe66 (.const:xdc_runtime_System_extendFxn__C)
                  00818b14    00000004     Sys_BIOs_config_pe66.oe66 (.const:xdc_runtime_System_maxAtexitHandlers__C)
                  00818b18    00000004     Sys_BIOs_config_pe66.oe66 (.const:xdc_runtime_Text_charTab__C)
                  00818b1c    00000004     Sys_BIOs_config_pe66.oe66 (.const:xdc_runtime_Text_nameEmpty__C)
                  00818b20    00000004     Sys_BIOs_config_pe66.oe66 (.const:xdc_runtime_Text_nameStatic__C)
                  00818b24    00000004     Sys_BIOs_config_pe66.oe66 (.const:xdc_runtime_Text_nameUnknown__C)
                  00818b28    00000004     Sys_BIOs_config_pe66.oe66 (.const:xdc_runtime_Text_nodeTab__C)
                  00818b2c    00000004     Sys_BIOs_config_pe66.oe66 (.const:xdc_runtime_Text_visitRopeFxn__C)
                  00818b30    00000002     Sys_BIOs_config_pe66.oe66 (.const:ti_sysbios_family_c64p_Exception_enableExternalMPC__C)
                  00818b32    00000002     Sys_BIOs_config_pe66.oe66 (.const:ti_sysbios_family_c64p_Exception_enablePrint__C)
                  00818b34    00000002     Sys_BIOs_config_pe66.oe66 (.const:ti_sysbios_family_c64p_Exception_useInternalBuffer__C)
                  00818b36    00000002     Sys_BIOs_config_pe66.oe66 (.const:ti_sysbios_family_c64p_Hwi_Module__id__C)
                  00818b38    00000002     Sys_BIOs_config_pe66.oe66 (.const:ti_sysbios_family_c64p_Hwi_Module__loggerDefined__C)
                  00818b3a    00000002     Sys_BIOs_config_pe66.oe66 (.const:ti_sysbios_gates_GateMutex_Module__id__C)
                  00818b3c    00000002     Sys_BIOs_config_pe66.oe66 (.const:ti_sysbios_hal_Hwi_Module__id__C)
                  00818b3e    00000002     Sys_BIOs_config_pe66.oe66 (.const:ti_sysbios_heaps_HeapMem_Module__id__C)
                  00818b40    00000002     Sys_BIOs_config_pe66.oe66 (.const:ti_sysbios_knl_Clock_Module__id__C)
                  00818b42    00000002     Sys_BIOs_config_pe66.oe66 (.const:ti_sysbios_knl_Clock_Module__loggerDefined__C)
                  00818b44    00000002     Sys_BIOs_config_pe66.oe66 (.const:ti_sysbios_knl_Semaphore_Module__id__C)
                  00818b46    00000002     Sys_BIOs_config_pe66.oe66 (.const:ti_sysbios_knl_Semaphore_Module__loggerDefined__C)
                  00818b48    00000002     Sys_BIOs_config_pe66.oe66 (.const:ti_sysbios_knl_Swi_Module__id__C)
                  00818b4a    00000002     Sys_BIOs_config_pe66.oe66 (.const:ti_sysbios_knl_Swi_Module__loggerDefined__C)
                  00818b4c    00000002     Sys_BIOs_config_pe66.oe66 (.const:ti_sysbios_knl_Task_Module__id__C)
                  00818b4e    00000002     Sys_BIOs_config_pe66.oe66 (.const:ti_sysbios_knl_Task_Module__loggerDefined__C)
                  00818b50    00000002     Sys_BIOs_config_pe66.oe66 (.const:ti_sysbios_knl_Task_deleteTerminatedTasks__C)
                  00818b52    00000002     Sys_BIOs_config_pe66.oe66 (.const:ti_sysbios_knl_Task_initStackFlag__C)
                  00818b54    00000002     Sys_BIOs_config_pe66.oe66 (.const:ti_sysbios_timers_timer64_Timer_Module__id__C)
                  00818b56    00000002     Sys_BIOs_config_pe66.oe66 (.const:ti_sysbios_timers_timer64_Timer_startupNeeded__C)
                  00818b58    00000002     Sys_BIOs_config_pe66.oe66 (.const:ti_sysbios_utils_Load_Module__id__C)
                  00818b5a    00000002     Sys_BIOs_config_pe66.oe66 (.const:ti_sysbios_utils_Load_Module__loggerDefined__C)
                  00818b5c    00000002     Sys_BIOs_config_pe66.oe66 (.const:ti_sysbios_utils_Load_autoAddTasks__C)
                  00818b5e    00000002     Sys_BIOs_config_pe66.oe66 (.const:ti_sysbios_utils_Load_hwiEnabled__C)
                  00818b60    00000002     Sys_BIOs_config_pe66.oe66 (.const:ti_sysbios_utils_Load_swiEnabled__C)
                  00818b62    00000002     Sys_BIOs_config_pe66.oe66 (.const:ti_sysbios_utils_Load_taskEnabled__C)
                  00818b64    00000002     Sys_BIOs_config_pe66.oe66 (.const:ti_sysbios_utils_Load_updateInIdle__C)
                  00818b66    00000002     Sys_BIOs_config_pe66.oe66 (.const:ti_uia_runtime_LoggerProbePoint_Module__id__C)
                  00818b68    00000002     Sys_BIOs_config_pe66.oe66 (.const:ti_uia_runtime_LoggerProbePoint_filterByLevel__C)
                  00818b6a    00000002     Sys_BIOs_config_pe66.oe66 (.const:ti_uia_runtime_LoggerProbePoint_isTimestampEnabled__C)
                  00818b6c    00000002     Sys_BIOs_config_pe66.oe66 (.const:ti_uia_runtime_LoggerStopMode_Module__id__C)
                  00818b6e    00000002     Sys_BIOs_config_pe66.oe66 (.const:ti_uia_runtime_LoggerStopMode_filterByLevel__C)
                  00818b70    00000002     Sys_BIOs_config_pe66.oe66 (.const:ti_uia_runtime_LoggerStopMode_isTimestampEnabled__C)
                  00818b72    00000002     Sys_BIOs_config_pe66.oe66 (.const:xdc_runtime_Core_Module__id__C)
                  00818b74    00000002     Sys_BIOs_config_pe66.oe66 (.const:xdc_runtime_Error_Module__loggerDefined__C)
                  00818b76    00000002     Sys_BIOs_config_pe66.oe66 (.const:xdc_runtime_Error_maxDepth__C)
                  00818b78    00000002     Sys_BIOs_config_pe66.oe66 (.const:xdc_runtime_LoggerBuf_Module__id__C)
                  00818b7a    00000002     Sys_BIOs_config_pe66.oe66 (.const:xdc_runtime_LoggerBuf_filterByLevel__C)
                  00818b7c    00000002     Sys_BIOs_config_pe66.oe66 (.const:xdc_runtime_Memory_Module__id__C)
                  00818b7e    00000002     Sys_BIOs_config_pe66.oe66 (.const:xdc_runtime_SysMin_flushAtExit__C)
                  00818b80    00000002     Sys_BIOs_config_pe66.oe66 (.const:xdc_runtime_Text_charCnt__C)
                  00818b82    00000002     Sys_BIOs_config_pe66.oe66 (.const:xdc_runtime_Text_isLoaded__C)
                  00818b84    00000002     Sys_BIOs_config_pe66.oe66 (.const:xdc_runtime_Text_registryModsLastId__C)
                  00818b86    00000002     Sys_BIOs_config_pe66.oe66 (.const:xdc_runtime_Text_unnamedModsLastId__C)

.stack     0    00818b88    00001000     UNINITIALIZED
                  00818b88    00000008     boot.ae66 : boot.oe66 (.stack)
                  00818b90    00000ff8     --HOLE--

.fardata   0    00819b88    00000b44     
                  00819b88    000002e0     Sys_BIOs_config_pe66.oe66 (.fardata)
                  00819e68    00000180     Sys_BIOs_config_pe66.oe66 (.fardata:ti_sysbios_timers_timer64_Timer_Module_State_0_device__A)
                  00819fe8    00000114     Sys_BIOs_config_pe66.oe66 (.fardata:ti_uia_runtime_LoggerProbePoint_Object__table__V)
                  0081a0fc    00000004     rts6600_elf.lib : dtor_list.obj (.fardata)
                  0081a100    000000f0     Sys_BIOs_config_pe66.oe66 (.fardata:ti_sysbios_knl_Task_Object__table__V)
                  0081a1f0    00000080     Sys_BIOs_config_pe66.oe66 (.fardata:ti_sysbios_knl_Swi_Module_State_0_readyQ__A)
                  0081a270    00000080     Sys_BIOs_config_pe66.oe66 (.fardata:ti_sysbios_knl_Task_Module_State_0_readyQ__A)
                  0081a2f0    00000080     Sys_BIOs_config_pe66.oe66 (.fardata:ti_sysbios_timers_timer64_Timer_Module_State_0_gctrl__A)
                  0081a370    00000080     Sys_BIOs_config_pe66.oe66 (.fardata:ti_sysbios_timers_timer64_Timer_Module_State_0_handles__A)
                  0081a3f0    00000080     Sys_BIOs_config_pe66.oe66 (.fardata:ti_sysbios_timers_timer64_Timer_Module_State_0_intFreqs__A)
                  0081a470    0000005c     Sys_BIOs_config_pe66.oe66 (.fardata:ti_uia_runtime_LoggerStopMode_Object__table__V)
                  0081a4cc    00000004     --HOLE--
                  0081a4d0    0000004c     Sys_BIOs_config_pe66.oe66 (.fardata:ti_sysbios_timers_timer64_Timer_Object__table__V)
                  0081a51c    00000004     --HOLE--
                  0081a520    00000040     rts6600_elf.lib : cos.obj (.fardata:R$1)
                  0081a560    00000040                     : sin.obj (.fardata:R$1)
                  0081a5a0    00000040     Sys_BIOs_config_pe66.oe66 (.fardata:ti_sysbios_gates_GateMutex_Object__table__V)
                  0081a5e0    00000030     Sys_BIOs_config_pe66.oe66 (.fardata:ti_sysbios_knl_Swi_Object__table__V)
                  0081a610    00000024     Sys_BIOs_config_pe66.oe66 (.fardata:xdc_runtime_LoggerBuf_Object__table__V)
                  0081a634    00000004     --HOLE--
                  0081a638    00000018     Sys_BIOs_config_pe66.oe66 (.fardata:ti_sysbios_family_c64p_Hwi_Object__table__V)
                  0081a650    00000018     Sys_BIOs_config_pe66.oe66 (.fardata:ti_sysbios_heaps_HeapMem_Object__table__V)
                  0081a668    00000010     util.obj (.fardata:coef)
                  0081a678    00000010     Sys_BIOs_config_pe66.oe66 (.fardata:xdc_runtime_System_Module_State_0_atexitHandlers__A)
                  0081a688    0000000c     rts6600_elf.lib : exit.obj (.fardata)
                  0081a694    00000008                     : _lock.obj (.fardata)
                  0081a69c    00000004     --HOLE--
                  0081a6a0    00000008     Sys_BIOs_config_pe66.oe66 (.fardata:ti_sysbios_hal_Hwi_Object__table__V)
                  0081a6a8    00000008     Sys_BIOs_config_pe66.oe66 (.fardata:ti_sysbios_hal_Timer_Object__table__V)
                  0081a6b0    00000004     Sys_BIOs_config_pe66.oe66 (.fardata:ti_sysbios_gates_GateHwi_Object__table__V)
                  0081a6b4    00000004     --HOLE--
                  0081a6b8    00000004     Sys_BIOs_config_pe66.oe66 (.fardata:ti_sysbios_knl_Task_Module_State_0_idleTask__A)
                  0081a6bc    00000004     --HOLE--
                  0081a6c0    00000004     Sys_BIOs_config_pe66.oe66 (.fardata:ti_sysbios_utils_Load_Module_State_0_runningTask__A)
                  0081a6c4    00000004     --HOLE--
                  0081a6c8    00000004     Sys_BIOs_config_pe66.oe66 (.fardata:ti_sysbios_utils_Load_Module_State_0_taskStartTime__A)

.cio       0    0081a6d0    00000120     UNINITIALIZED
                  0081a6d0    00000120     rts6600_elf.lib : trgmsg.obj (.cio)

.vecs      0    0081a800    00000200     
                  0081a800    00000200     Sys_BIOs_config_pe66.oe66 (.vecs)

.bss       0    0081aa00    00000026     UNINITIALIZED
                  0081aa00    00000020     util.obj (.bss)
                  0081aa20    00000006     main_gtz.obj (.bss)

.neardata 
*          0    0081aa28    00000014     
                  0081aa28    0000000c     main_gtz.obj (.neardata)
                  0081aa34    00000008     ti.uia.runtime.ae66 : QueueDescriptor.oe66 (.neardata)

.rodata    0    0081aa3c    00000004     
                  0081aa3c    00000004     main_gtz.obj (.rodata)

.cinit     0    0081aa40    00000864     
                  0081aa40    00000806     (.cinit..fardata.load) [load image, compression = rle]
                  0081b246    00000002     --HOLE-- [fill = 0]
                  0081b248    0000000c     (__TI_handler_table)
                  0081b254    0000000a     (.cinit..rodata.load) [load image, compression = rle]
                  0081b25e    00000002     --HOLE-- [fill = 0]
                  0081b260    00000009     (.cinit..neardata.load) [load image, compression = rle]
                  0081b269    00000003     --HOLE-- [fill = 0]
                  0081b26c    00000008     (.cinit..bss.load) [load image, compression = zero_init]
                  0081b274    00000008     (.cinit..far.load) [load image, compression = zero_init]
                  0081b27c    00000028     (__TI_cinit_table)


LINKER GENERATED COPY TABLES

__TI_cinit_table @ 0081b27c records: 5, size/record: 8, table size: 40
	.fardata: load addr=0081aa40, load size=00000806 bytes, run addr=00819b88, run size=00000b44 bytes, compression=rle
	.rodata: load addr=0081b254, load size=0000000a bytes, run addr=0081aa3c, run size=00000004 bytes, compression=rle
	.neardata: load addr=0081b260, load size=00000009 bytes, run addr=0081aa28, run size=00000014 bytes, compression=rle
	.bss: load addr=0081b26c, load size=00000008 bytes, run addr=0081aa00, run size=00000026 bytes, compression=zero_init
	.far: load addr=0081b274, load size=00000008 bytes, run addr=00811660, run size=00003e40 bytes, compression=zero_init


LINKER GENERATED HANDLER TABLE

__TI_handler_table @ 0081b248 records: 3, size/record: 4, table size: 12
	index: 0, handler: __TI_zero_init
	index: 1, handler: __TI_decompress_rle24
	index: 2, handler: __TI_decompress_none


GLOBAL SYMBOLS: SORTED ALPHABETICALLY BY Name 

address    name
--------   ----
00810b40   C$$EXIT
0080fc78   C$$IO$$
0080c9c0   HOSTwrite
[...]
00811460   xdc_runtime_LoggerBuf_Module_GateProxy_leave__E
00811480   xdc_runtime_LoggerBuf_disable__E
00811480   xdc_runtime_LoggerBuf_disable__F
008114a0   xdc_runtime_LoggerBuf_enable__E
008114a0   xdc_runtime_LoggerBuf_enable__F
008114c0   xdc_runtime_Memory_HeapProxy_alloc__E
008114e0   xdc_runtime_Memory_HeapProxy_free__E
00811500   xdc_runtime_Startup_exec__I
00811520   xdc_runtime_Startup_reset__I
00811540   xdc_runtime_SysMin_ready__E
00811540   xdc_runtime_SysMin_ready__F
00811540   xdc_runtime_System_SupportProxy_ready__E
00811560   xdc_runtime_System_Module_GateProxy_enter__E
00811580   xdc_runtime_System_Module_GateProxy_leave__E
008115a0   xdc_runtime_System_Module_startup__E
008115a0   xdc_runtime_System_Module_startup__F
008115c0   xdc_runtime_System_exit__E
008115c0   xdc_runtime_System_exit__F
008115e0   xdc_runtime_System_lastFxn__I
00811600   xdc_runtime_System_snprintf_va__E
00811600   xdc_runtime_System_snprintf_va__F
00811600   xdc_runtime_System_vsnprintf__E
00811600   xdc_runtime_System_vsnprintf__F
00811620   xdc_runtime_Text_visitRope__I
00811640   xdc_runtime_Timestamp_Module__startupDone__S
00811660   ti_sysbios_heaps_HeapMem_Instance_State_0_buf__A
00812660   ti_sysbios_knl_Task_Instance_State_0_hookEnv__A
00812668   ti_sysbios_knl_Task_Instance_State_1_hookEnv__A
00812670   ti_sysbios_knl_Task_Instance_State_2_hookEnv__A
00812678   ti_uia_runtime_LoggerProbePoint_Instance_State_0_bufferArray__A
008128f8   ti_uia_runtime_LoggerProbePoint_Instance_State_1_bufferArray__A
00812d78   ti_uia_runtime_LoggerProbePoint_Instance_State_2_bufferArray__A
008131f8   ti_uia_runtime_LoggerStopMode_Instance_State_0_bufferArray__A
00813478   xdc_runtime_LoggerBuf_Instance_State_0_entryArr__A
00813878   xdc_runtime_SysMin_Module_State_0_outbuf__A
00813c78   ti_sysbios_knl_Task_Instance_State_0_stack__A
00814478   ti_sysbios_knl_Task_Instance_State_1_stack__A
00814c78   ti_sysbios_knl_Task_Instance_State_2_stack__A
00815478   gtz_out
008154a0   xdc_runtime_Text_charTab__A
00817cd8   ti_sysbios_family_c66_Cache_marvalues__C
008180d8   xdc_runtime_Text_nodeTab__A
008182a8   ti_uia_runtime_LoggerProbePoint_Module__FXNS__C
00818308   ti_uia_runtime_LoggerStopMode_Module__FXNS__C
00818408   xdc_runtime_Startup_sfxnTab__A
0081848c   xdc_runtime_LoggerBuf_Module__FXNS__C
008184c8   ti_uia_runtime_LoggerProbePoint_Object__PARAMS__C
008184fc   ti_uia_runtime_LoggerStopMode_Object__PARAMS__C
00818530   ti_sysbios_knl_Task_hooks__A
0081858c   ti_sysbios_heaps_HeapMem_Module__FXNS__C
008185b4   xdc_runtime_LoggerBuf_Object__PARAMS__C
008185dc   ti_sysbios_gates_GateHwi_Module__FXNS__C
00818600   ti_sysbios_gates_GateMutex_Module__FXNS__C
00818624   ti_sysbios_heaps_HeapMem_Object__PARAMS__C
00818648   ti_sysbios_knl_Clock_Object__PARAMS__C
0081866c   ti_sysbios_knl_Semaphore_Object__PARAMS__C
00818690   xdc_runtime_Startup_sfxnRts__A
008186b2   ti_sysbios_BIOS_Module__id__C
008186b4   ti_sysbios_gates_GateHwi_Object__DESC__C
008186d4   ti_sysbios_gates_GateMutex_Object__DESC__C
008186f4   ti_sysbios_heaps_HeapMem_Object__DESC__C
00818714   ti_sysbios_knl_Clock_Object__DESC__C
00818734   ti_sysbios_knl_Queue_Object__DESC__C
00818754   ti_sysbios_knl_Semaphore_Object__DESC__C
00818774   ti_uia_runtime_LoggerProbePoint_Object__DESC__C
00818794   ti_uia_runtime_LoggerStopMode_Object__DESC__C
008187b4   xdc_runtime_LoggerBuf_Object__DESC__C
008187d4   ti_sysbios_gates_GateHwi_Object__PARAMS__C
008187ec   ti_sysbios_gates_GateMutex_Object__PARAMS__C
00818804   ti_sysbios_knl_Queue_Object__PARAMS__C
00818842   ti_sysbios_family_c64p_Exception_Module__id__C
00818844   ti_sysbios_family_c66_Cache_initSize__C
00818858   ti_sysbios_knl_Idle_coreList__A
00818860   ti_sysbios_knl_Idle_coreList__C
00818868   ti_sysbios_knl_Idle_funcList__A
00818870   ti_sysbios_knl_Idle_funcList__C
00818878   ti_sysbios_knl_Task_hooks__C
00818880   xdc_runtime_Startup_firstFxns__A
00818888   xdc_runtime_Startup_firstFxns__C
00818890   xdc_runtime_Startup_lastFxns__C
00818898   ti_sysbios_BIOS_Module__diagsEnabled__C
0081889c   ti_sysbios_BIOS_Module__diagsIncluded__C
008188a0   ti_sysbios_BIOS_Module__diagsMask__C
008188a4   ti_sysbios_BIOS_installedErrorHook__C
008188a8   ti_sysbios_family_c64p_Exception_E_exceptionMax__C
008188ac   ti_sysbios_family_c64p_Exception_E_exceptionMin__C
008188b0   ti_sysbios_family_c64p_Exception_exceptionHook__C
008188b4   ti_sysbios_family_c64p_Exception_externalHook__C
008188b8   ti_sysbios_family_c64p_Exception_internalHook__C
008188bc   ti_sysbios_family_c64p_Exception_nmiHook__C
008188c0   ti_sysbios_family_c64p_Hwi_LD_end__C
008188c4   ti_sysbios_family_c64p_Hwi_LM_begin__C
008188c8   ti_sysbios_family_c64p_Hwi_Module__diagsEnabled__C
008188cc   ti_sysbios_family_c64p_Hwi_Module__diagsIncluded__C
008188d0   ti_sysbios_family_c64p_Hwi_Module__diagsMask__C
008188d4   ti_sysbios_family_c64p_Hwi_Module__loggerFxn1__C
008188d8   ti_sysbios_family_c64p_Hwi_Module__loggerFxn8__C
008188dc   ti_sysbios_family_c64p_Hwi_Module__loggerObj__C
008188e0   ti_sysbios_gates_GateMutex_A_badContext__C
008188e4   ti_sysbios_gates_GateMutex_Instance_State_sem__O
008188e8   ti_sysbios_gates_GateMutex_Module__diagsEnabled__C
008188ec   ti_sysbios_gates_GateMutex_Module__diagsIncluded__C
008188f0   ti_sysbios_gates_GateMutex_Module__diagsMask__C
008188f4   ti_sysbios_hal_Hwi_E_stackOverflow__C
008188f8   ti_sysbios_heaps_HeapMem_A_align__C
008188fc   ti_sysbios_heaps_HeapMem_A_heapSize__C
00818900   ti_sysbios_heaps_HeapMem_A_invalidFree__C
00818904   ti_sysbios_heaps_HeapMem_A_zeroBlock__C
00818908   ti_sysbios_heaps_HeapMem_E_memory__C
0081890c   ti_sysbios_heaps_HeapMem_Module__diagsEnabled__C
00818910   ti_sysbios_heaps_HeapMem_Module__diagsIncluded__C
00818914   ti_sysbios_heaps_HeapMem_Module__diagsMask__C
00818918   ti_sysbios_heaps_HeapMem_Module__gateObj__C
0081891c   ti_sysbios_heaps_HeapMem_Object__count__C
00818920   ti_sysbios_heaps_HeapMem_reqAlign__C
00818924   ti_sysbios_knl_Clock_A_badThreadType__C
00818928   ti_sysbios_knl_Clock_LM_begin__C
0081892c   ti_sysbios_knl_Clock_LM_tick__C
00818930   ti_sysbios_knl_Clock_LW_delayed__C
00818934   ti_sysbios_knl_Clock_Module_State_clockQ__O
00818938   ti_sysbios_knl_Clock_Module__diagsEnabled__C
0081893c   ti_sysbios_knl_Clock_Module__diagsIncluded__C
00818940   ti_sysbios_knl_Clock_Module__diagsMask__C
00818944   ti_sysbios_knl_Clock_Module__loggerFxn1__C
00818948   ti_sysbios_knl_Clock_Module__loggerFxn2__C
0081894c   ti_sysbios_knl_Clock_Module__loggerObj__C
00818950   ti_sysbios_knl_Clock_tickMode__C
00818954   ti_sysbios_knl_Clock_tickSource__C
00818958   ti_sysbios_knl_Semaphore_A_badContext__C
0081895c   ti_sysbios_knl_Semaphore_A_noEvents__C
00818960   ti_sysbios_knl_Semaphore_A_overflow__C
00818964   ti_sysbios_knl_Semaphore_A_pendTaskDisabled__C
00818968   ti_sysbios_knl_Semaphore_Instance_State_pendQ__O
0081896c   ti_sysbios_knl_Semaphore_LM_pend__C
00818970   ti_sysbios_knl_Semaphore_LM_post__C
00818974   ti_sysbios_knl_Semaphore_Module__diagsEnabled__C
00818978   ti_sysbios_knl_Semaphore_Module__diagsIncluded__C
0081897c   ti_sysbios_knl_Semaphore_Module__diagsMask__C
00818980   ti_sysbios_knl_Semaphore_Module__loggerFxn2__C
00818984   ti_sysbios_knl_Semaphore_Module__loggerFxn4__C
00818988   ti_sysbios_knl_Semaphore_Module__loggerObj__C
0081898c   ti_sysbios_knl_Swi_LD_end__C
00818990   ti_sysbios_knl_Swi_LM_begin__C
00818994   ti_sysbios_knl_Swi_LM_post__C
00818998   ti_sysbios_knl_Swi_Module__diagsEnabled__C
0081899c   ti_sysbios_knl_Swi_Module__diagsIncluded__C
008189a0   ti_sysbios_knl_Swi_Module__diagsMask__C
008189a4   ti_sysbios_knl_Swi_Module__loggerFxn1__C
008189a8   ti_sysbios_knl_Swi_Module__loggerFxn4__C
008189ac   ti_sysbios_knl_Swi_Module__loggerObj__C
008189b0   ti_sysbios_knl_Swi_Object__count__C
008189b4   ti_sysbios_knl_Task_A_badTimeout__C
008189b8   ti_sysbios_knl_Task_A_sleepTaskDisabled__C
008189bc   ti_sysbios_knl_Task_E_spOutOfBounds__C
008189c0   ti_sysbios_knl_Task_E_stackOverflow__C
008189c4   ti_sysbios_knl_Task_LD_block__C
008189c8   ti_sysbios_knl_Task_LD_exit__C
008189cc   ti_sysbios_knl_Task_LD_ready__C
008189d0   ti_sysbios_knl_Task_LM_sleep__C
008189d4   ti_sysbios_knl_Task_LM_switch__C
008189d8   ti_sysbios_knl_Task_Module_State_inactiveQ__O
008189dc   ti_sysbios_knl_Task_Module_State_terminatedQ__O
008189e0   ti_sysbios_knl_Task_Module__diagsEnabled__C
008189e4   ti_sysbios_knl_Task_Module__diagsIncluded__C
008189e8   ti_sysbios_knl_Task_Module__diagsMask__C
008189ec   ti_sysbios_knl_Task_Module__loggerFxn2__C
008189f0   ti_sysbios_knl_Task_Module__loggerFxn4__C
008189f4   ti_sysbios_knl_Task_Module__loggerObj__C
008189f8   ti_sysbios_knl_Task_Object__count__C
008189fc   ti_sysbios_knl_Task_Object__heap__C
00818a00   ti_sysbios_knl_Task_allBlockedFunc__C
00818a04   ti_sysbios_knl_Task_numConstructedTasks__C
00818a08   ti_sysbios_timers_timer64_Timer_A_notAvailable__C
00818a0c   ti_sysbios_timers_timer64_Timer_E_cannotSupport__C
00818a10   ti_sysbios_timers_timer64_Timer_Module__diagsEnabled__C
00818a14   ti_sysbios_timers_timer64_Timer_Module__diagsIncluded__C
00818a18   ti_sysbios_timers_timer64_Timer_Module__diagsMask__C
00818a1c   ti_sysbios_timers_timer64_Timer_anyMask__C
00818a20   ti_sysbios_timers_timer64_Timer_freqDivisor__C
00818a24   ti_sysbios_timers_timer64_Timer_numLocalTimers__C
00818a28   ti_sysbios_timers_timer64_Timer_numTimerDevices__C
00818a2c   ti_sysbios_utils_Load_LS_cpuLoad__C
00818a30   ti_sysbios_utils_Load_LS_hwiLoad__C
00818a34   ti_sysbios_utils_Load_LS_swiLoad__C
00818a38   ti_sysbios_utils_Load_LS_taskLoad__C
00818a3c   ti_sysbios_utils_Load_Module_State_taskList__O
00818a40   ti_sysbios_utils_Load_Module__diagsEnabled__C
00818a44   ti_sysbios_utils_Load_Module__diagsIncluded__C
00818a48   ti_sysbios_utils_Load_Module__diagsMask__C
00818a4c   ti_sysbios_utils_Load_Module__loggerFxn1__C
00818a50   ti_sysbios_utils_Load_Module__loggerFxn2__C
00818a54   ti_sysbios_utils_Load_Module__loggerFxn4__C
00818a58   ti_sysbios_utils_Load_Module__loggerObj__C
00818a5c   ti_sysbios_utils_Load_postUpdate__C
00818a60   ti_sysbios_utils_Load_windowInMs__C
00818a64   ti_uia_family_c66_TimestampC66XGlobal_timerBaseAdrs__C
00818a68   ti_uia_runtime_ILoggerSnapshot_Interface__BASE__C
00818a6c   ti_uia_runtime_IUIATransfer_Interface__BASE__C
00818a70   ti_uia_runtime_LoggerProbePoint_E_badLevel__C
00818a74   ti_uia_runtime_LoggerProbePoint_Object__count__C
00818a78   ti_uia_runtime_LoggerProbePoint_overflowLogger__C
00818a7c   ti_uia_runtime_LoggerProbePoint_statusLogger__C
00818a80   ti_uia_runtime_LoggerStopMode_E_badLevel__C
00818a84   ti_uia_runtime_LoggerStopMode_Object__count__C
00818a88   ti_uia_runtime_LoggerStopMode_overflowLogger__C
00818a8c   ti_uia_runtime_LoggerStopMode_statusLogger__C
00818a90   xdc_runtime_Assert_E_assertFailed__C
00818a94   xdc_runtime_Core_A_initializedParams__C
00818a98   xdc_runtime_Core_Module__diagsEnabled__C
00818a9c   xdc_runtime_Core_Module__diagsIncluded__C
00818aa0   xdc_runtime_Core_Module__diagsMask__C
00818aa4   xdc_runtime_Error_E_memory__C
00818aa8   xdc_runtime_Error_Module__diagsEnabled__C
00818aac   xdc_runtime_Error_Module__diagsIncluded__C
00818ab0   xdc_runtime_Error_Module__diagsMask__C
00818ab4   xdc_runtime_Error_Module__loggerFxn8__C
00818ab8   xdc_runtime_Error_Module__loggerObj__C
00818abc   xdc_runtime_Error_policy__C
00818ac0   xdc_runtime_Error_raiseHook__C
00818ac4   xdc_runtime_IFilterLogger_Interface__BASE__C
00818ac8   xdc_runtime_IGateProvider_Interface__BASE__C
00818acc   xdc_runtime_IHeap_Interface__BASE__C
00818ad0   xdc_runtime_ILogger_Interface__BASE__C
00818ad4   xdc_runtime_IModule_Interface__BASE__C
00818ad8   xdc_runtime_Log_L_error__C
00818adc   xdc_runtime_LoggerBuf_E_badLevel__C
00818ae0   xdc_runtime_LoggerBuf_Module__gateObj__C
00818ae4   xdc_runtime_LoggerBuf_Object__count__C
00818ae8   xdc_runtime_LoggerBuf_statusLogger__C
00818aec   xdc_runtime_Memory_defaultHeapInstance__C
00818af0   xdc_runtime_Startup_execImpl__C
00818af4   xdc_runtime_Startup_maxPasses__C
00818af8   xdc_runtime_Startup_lastFxns__A
00818afc   xdc_runtime_Startup_sfxnRts__C
00818b00   xdc_runtime_Startup_sfxnTab__C
00818b04   xdc_runtime_SysMin_bufSize__C
00818b08   xdc_runtime_SysMin_outputFunc__C
00818b0c   xdc_runtime_System_Module__gateObj__C
00818b10   xdc_runtime_System_extendFxn__C
00818b14   xdc_runtime_System_maxAtexitHandlers__C
00818b18   xdc_runtime_Text_charTab__C
00818b1c   xdc_runtime_Text_nameEmpty__C
00818b20   xdc_runtime_Text_nameStatic__C
00818b24   xdc_runtime_Text_nameUnknown__C
00818b28   xdc_runtime_Text_nodeTab__C
00818b2c   xdc_runtime_Text_visitRopeFxn__C
00818b30   ti_sysbios_family_c64p_Exception_enableExternalMPC__C
00818b32   ti_sysbios_family_c64p_Exception_enablePrint__C
00818b34   ti_sysbios_family_c64p_Exception_useInternalBuffer__C
00818b36   ti_sysbios_family_c64p_Hwi_Module__id__C
00818b38   ti_sysbios_family_c64p_Hwi_Module__loggerDefined__C
00818b3a   ti_sysbios_gates_GateMutex_Module__id__C
00818b3c   ti_sysbios_hal_Hwi_Module__id__C
00818b3e   ti_sysbios_heaps_HeapMem_Module__id__C
00818b40   ti_sysbios_knl_Clock_Module__id__C
00818b42   ti_sysbios_knl_Clock_Module__loggerDefined__C
00818b44   ti_sysbios_knl_Semaphore_Module__id__C
00818b46   ti_sysbios_knl_Semaphore_Module__loggerDefined__C
00818b48   ti_sysbios_knl_Swi_Module__id__C
00818b4a   ti_sysbios_knl_Swi_Module__loggerDefined__C
00818b4c   ti_sysbios_knl_Task_Module__id__C
00818b4e   ti_sysbios_knl_Task_Module__loggerDefined__C
00818b50   ti_sysbios_knl_Task_deleteTerminatedTasks__C
00818b52   ti_sysbios_knl_Task_initStackFlag__C
00818b54   ti_sysbios_timers_timer64_Timer_Module__id__C
00818b56   ti_sysbios_timers_timer64_Timer_startupNeeded__C
00818b58   ti_sysbios_utils_Load_Module__id__C
00818b5a   ti_sysbios_utils_Load_Module__loggerDefined__C
00818b5c   ti_sysbios_utils_Load_autoAddTasks__C
00818b5e   ti_sysbios_utils_Load_hwiEnabled__C
00818b60   ti_sysbios_utils_Load_swiEnabled__C
00818b62   ti_sysbios_utils_Load_taskEnabled__C
00818b64   ti_sysbios_utils_Load_updateInIdle__C
00818b66   ti_uia_runtime_LoggerProbePoint_Module__id__C
00818b68   ti_uia_runtime_LoggerProbePoint_filterByLevel__C
00818b6a   ti_uia_runtime_LoggerProbePoint_isTimestampEnabled__C
00818b6c   ti_uia_runtime_LoggerStopMode_Module__id__C
00818b6e   ti_uia_runtime_LoggerStopMode_filterByLevel__C
00818b70   ti_uia_runtime_LoggerStopMode_isTimestampEnabled__C
00818b72   xdc_runtime_Core_Module__id__C
00818b74   xdc_runtime_Error_Module__loggerDefined__C
00818b76   xdc_runtime_Error_maxDepth__C
00818b78   xdc_runtime_LoggerBuf_Module__id__C
00818b7a   xdc_runtime_LoggerBuf_filterByLevel__C
00818b7c   xdc_runtime_Memory_Module__id__C
00818b7e   xdc_runtime_SysMin_flushAtExit__C
00818b80   xdc_runtime_Text_charCnt__C
00818b82   xdc_runtime_Text_isLoaded__C
00818b84   xdc_runtime_Text_registryModsLastId__C
00818b86   xdc_runtime_Text_unnamedModsLastId__C
00818b88   _stack
00819b88   __TI_STACK_END
00819b88   ti_sysbios_BIOS_Module__state__V
00819ba8   ti_sysbios_family_c64p_Exception_Module__state__V
00819bd8   ti_sysbios_family_c64p_Hwi_Module__root__V
00819be0   ti_sysbios_family_c64p_Hwi_Module__state__V
00819c48   ti_sysbios_gates_GateHwi_Module__root__V
00819c50   ti_sysbios_gates_GateMutex_Module__root__V
00819c58   ti_sysbios_hal_Hwi_Module__root__V
00819c60   ti_sysbios_hal_Timer_Module__root__V
00819c68   ti_sysbios_heaps_HeapMem_Module__root__V
00819c70   ti_sysbios_knl_Clock_Module__root__V
00819c78   ti_sysbios_knl_Clock_Module__state__V
00819ca0   ti_sysbios_knl_Event_Module__root__V
00819cac   ti_sysbios_knl_Queue_Module__root__V
00819cb4   ti_sysbios_knl_Semaphore_Module__root__V
00819cc0   ti_sysbios_knl_Swi_Module__root__V
00819ccc   ti_sysbios_knl_Swi_Module__state__V
00819ce8   ti_sysbios_knl_Task_Module__root__V
00819cf4   ti_sysbios_knl_Task_Module__state__V
00819d38   ti_sysbios_timers_timer64_Timer_Module__root__V
00819d40   ti_sysbios_timers_timer64_Timer_Module__state__V
00819d54   ti_sysbios_utils_Load_Module__root__V
00819d58   ti_sysbios_utils_Load_Module__state__V
00819dd4   ti_uia_family_c66_TimestampC66XGlobal_Module__root__V
00819ddc   ti_uia_runtime_LogSync_Module__root__V
00819de4   ti_uia_runtime_LogSync_Module__state__V
00819df0   ti_uia_runtime_LoggerProbePoint_Module__root__V
00819df8   ti_uia_runtime_LoggerProbePoint_Module__state__V
00819e00   ti_uia_runtime_LoggerStopMode_Module__root__V
00819e08   ti_uia_runtime_LoggerStopMode_Module__state__V
00819e10   ti_uia_runtime_QueueDescriptor_Module__state__V
00819e1c   xdc_runtime_Error_Module__state__V
00819e20   xdc_runtime_LoggerBuf_Module__root__V
00819e28   xdc_runtime_LoggerBuf_Module__state__V
00819e2e   xdc_runtime_Main_Module__root__V
00819e30   xdc_runtime_Memory_Module__state__V
00819e34   xdc_runtime_Registry_Module__state__V
00819e3c   xdc_runtime_Startup_Module__state__V
00819e44   xdc_runtime_SysMin_Module__state__V
00819e50   xdc_runtime_System_Module__state__V
00819e5c   xdc_runtime_Text_Module__state__V
00819e64   __xdc__init__addr
00819e68   ti_sysbios_timers_timer64_Timer_Module_State_0_device__A
00819fe8   ti_uia_runtime_LoggerProbePoint_Object__table__V
0081a100   ti_sysbios_knl_Task_Object__table__V
0081a1a0   TSK_idle
0081a1f0   ti_sysbios_knl_Swi_Module_State_0_readyQ__A
0081a270   ti_sysbios_knl_Task_Module_State_0_readyQ__A
0081a2f0   ti_sysbios_timers_timer64_Timer_Module_State_0_gctrl__A
0081a370   ti_sysbios_timers_timer64_Timer_Module_State_0_handles__A
0081a3f0   ti_sysbios_timers_timer64_Timer_Module_State_0_intFreqs__A
0081a470   ti_uia_runtime_LoggerStopMode_Object__table__V
0081a4d0   ti_sysbios_timers_timer64_Timer_Object__table__V
0081a5a0   ti_sysbios_gates_GateMutex_Object__table__V
0081a5e0   ti_sysbios_knl_Swi_Object__table__V
0081a610   xdc_runtime_LoggerBuf_Object__table__V
0081a638   ti_sysbios_family_c64p_Hwi_Object__table__V
0081a650   ti_sysbios_heaps_HeapMem_Object__table__V
0081a668   coef
0081a678   xdc_runtime_System_Module_State_0_atexitHandlers__A
0081a688   _cleanup_ptr
0081a68c   _dtors_ptr
0081a690   __TI_enable_exit_profile_output
0081a694   _lock
0081a698   _unlock
0081a6a0   ti_sysbios_hal_Hwi_Object__table__V
0081a6a8   ti_sysbios_hal_Timer_Object__table__V
0081a6b0   ti_sysbios_gates_GateHwi_Object__table__V
0081a6b8   ti_sysbios_knl_Task_Module_State_0_idleTask__A
0081a6c0   ti_sysbios_utils_Load_Module_State_0_runningTask__A
0081a6c8   ti_sysbios_utils_Load_Module_State_0_taskStartTime__A
0081a6d0   __CIOBUF_
0081a800   ti_sysbios_family_c64p_Hwi0
0081a800   ti_sysbios_family_c64p_Hwi_int0
0081a820   ti_sysbios_family_c64p_Hwi_int1
0081a840   ti_sysbios_family_c64p_Hwi_int2
0081a860   ti_sysbios_family_c64p_Hwi_int3
0081a880   ti_sysbios_family_c64p_Hwi_int4
0081a8a0   ti_sysbios_family_c64p_Hwi_int5
0081a8c0   ti_sysbios_family_c64p_Hwi_int6
0081a8e0   ti_sysbios_family_c64p_Hwi_int7
0081a900   ti_sysbios_family_c64p_Hwi_int8
0081a920   ti_sysbios_family_c64p_Hwi_int9
0081a940   ti_sysbios_family_c64p_Hwi_int10
0081a960   ti_sysbios_family_c64p_Hwi_int11
0081a980   ti_sysbios_family_c64p_Hwi_int12
0081a9a0   ti_sysbios_family_c64p_Hwi_int13
0081a9c0   ti_sysbios_family_c64p_Hwi_int14
0081a9e0   ti_sysbios_family_c64p_Hwi_int15
0081aa00   __TI_STATIC_BASE
0081aa00   time1
0081aa04   time2
0081aa08   digit
0081aa0c   freq1
0081aa10   freq2
0081aa14   mag1
0081aa18   mag2
0081aa1c   sample
0081aa28   N
0081aa34   ti_uia_runtime_QueueDescriptor_gPtrToFirstDescriptor
0081aa38   ti_uia_runtime_QueueDescriptor_gUpdateCount
0081aa3c   N_const
0081b248   __TI_Handler_Table_Base
0081b254   __TI_Handler_Table_Limit
0081b27c   __TI_CINIT_Base
0081b2a4   __TI_CINIT_Limit
ffffffff   __TI_pprof_out_hndl
ffffffff   __TI_prof_data_size
ffffffff   __TI_prof_data_start
ffffffff   __binit__
ffffffff   __c_args__
ffffffff   binit
UNDEFED    __TI_INITARRAY_Base
UNDEFED    __TI_INITARRAY_Limit

[852 symbols]
