******************************************************************************
               TMS320C6x Linker PC v7.4.4                      
******************************************************************************
>> Linked Sat Mar 04 13:21:38 2023

OUTPUT FILE NAME:   <GTZ_all_freq_2022.out>
ENTRY POINT SYMBOL: "_c_int00"  address: 008121c0


MEMORY CONFIGURATION

         name            origin    length      used     unused   attr    fill
----------------------  --------  ---------  --------  --------  ----  --------
  L2SRAM                00800000   00080000  00020b64  0005f49c  RW X
  MSMCSRAM              0c000000   00400000  00000000  00400000  RW X
  DDR2                  80000000   10000000  00000000  10000000  RWIX


SEGMENT ALLOCATION MAP

run origin  load origin   length   init length attrs members
----------  ----------- ---------- ----------- ----- -------
00800000    00800000    00016600   00016600    r-x
  00800000    00800000    00016600   00016600    r-x .text
00816600    00816600    00004478   00000000    rw-
  00816600    00816600    00004478   00000000    rw- .far
0081aa78    0081aa78    00000008   00000008    rw-
  0081aa78    0081aa78    00000008   00000008    rw- .fardata.1
0081aa80    0081aa80    000037f0   000037f0    r--
  0081aa80    0081aa80    000037f0   000037f0    r-- .const
0081e270    0081e270    00001000   00000000    rw-
  0081e270    0081e270    00001000   00000000    rw- .stack
0081f270    0081f270    00000d94   00000d94    rw-
  0081f270    0081f270    00000d94   00000d94    rw- .fardata.2
00820008    00820008    00000134   00000000    rw-
  00820008    00820008    00000120   00000000    rw- .cio
  00820128    00820128    00000014   00000000    rw- .bss
0082013c    0082013c    00000014   00000014    rw-
  0082013c    0082013c    00000014   00000014    rw- .neardata
00820400    00820400    00000a18   00000a18    r-x
  00820400    00820400    00000200   00000200    r-x .vecs
  00820600    00820600    00000818   00000818    r-- .cinit


SECTION ALLOCATION MAP

 output                                  attributes/
section   page    origin      length       input sections
--------  ----  ----------  ----------   ----------------
.init_array 
*          0    00800000    00000000     UNINITIALIZED

xdc.meta   0    00800000    00000110     COPY SECTION
                  00800000    00000110     Sys_BIOs_config_pe66.oe66 (xdc.meta)

.text      0    00800000    00016600     
                  00800000    000008a0     sysbios.ae66 : BIOS.obj (.text:ti_sysbios_family_c64p_Exception_handler__I)
                  008008a0    000008a0     ti.targets.rts6000.ae66 : System.oe66 (.text:xdc_runtime_System_doPrint__I)
                  00801140    00000600     sysbios.ae66 : BIOS.obj (.text:ti_sysbios_heaps_HeapMem_alloc__E)
                  00801740    00000600                  : BIOS.obj (.text:ti_sysbios_knl_Semaphore_pend__E)
                  00801d40    000005e0                  : BIOS.obj (.text:ti_sysbios_heaps_HeapMem_free__E)
                  00802320    000005c0     rts6600_elf.lib : divd.obj (.text:__c6xabi_divd)
                  008028e0    000005c0                     : _printfi.obj (.text:_getarg_diouxp)
                  00802ea0    000005a0     sysbios.ae66 : BIOS.obj (.text:ti_sysbios_timers_timer64_Timer_Module_startup__F)
                  00803440    00000500                  : BIOS.obj (.text:ti_sysbios_utils_Load_update__E)
                  00803940    000004c0     rts6600_elf.lib : fwrite.obj (.text:fwrite)
                  00803e00    00000460                     : _printfi.obj (.text:_printfi)
                  00804260    00000460                     : _printfi.obj (.text:_setfield)
                  008046c0    00000420     sysbios.ae66 : BIOS.obj (.text:ti_sysbios_knl_Task_sleep__E)
                  00804ae0    00000420                  : BIOS.obj (.text:ti_sysbios_utils_Load_logLoads__I)
                  00804f00    000003a0     rts6600_elf.lib : fputs.obj (.text:fputs)
                  008052a0    00000380     main_gtz.obj (.text)
                  00805620    00000320     rts6600_elf.lib : _printfi.obj (.text:_pproc_fge)
                  00805940    00000300     sysbios.ae66 : BIOS.obj (.text:ti_sysbios_family_c64p_Hwi_dispatchC__I)
                  00805c40    00000300     util.obj (.text)
                  00805f40    000002e0     rts6600_elf.lib : _printfi.obj (.text:_pproc_fwp)
                  00806220    000002e0     sysbios.ae66 : BIOS.obj (.text:ti_sysbios_heaps_HeapMem_Instance_init__F)
                  00806500    000002c0     rts6600_elf.lib : fread.obj (.text:fread)
                  008067c0    000002c0     ti.uia.runtime.ae66 : LoggerProbePoint.oe66 (.text:ti_uia_runtime_LoggerProbePoint_write8__E)
                  00806a80    000002c0                         : LoggerStopMode.oe66 (.text:ti_uia_runtime_LoggerStopMode_write8__E)
                  00806d40    000002a0     rts6600_elf.lib : _printfi.obj (.text:fcvt)
                  00806fe0    000002a0     sysbios.ae66 : BIOS.obj (.text:ti_sysbios_knl_Clock_Instance_init__F)
                  00807280    000002a0                  : BIOS.obj (.text:ti_sysbios_knl_Clock_workFunc__E)
                  00807520    000002a0                  : BIOS.obj (.text:ti_sysbios_timers_timer64_Timer_deviceConfig__I)
                  008077c0    00000280     rts6600_elf.lib : _printfi.obj (.text:ecvt)
                  00807a40    00000280     ti.uia.runtime.ae66 : LoggerStopMode.oe66 (.text:ti_uia_runtime_LoggerStopMode_writeMemoryRange__E)
                  00807cc0    00000280     ti.targets.rts6000.ae66 : Error.oe66 (.text:xdc_runtime_Error_raiseX__F)
                  00807f40    00000260     sysbios.ae66 : BIOS.obj (.text:ti_sysbios_family_c64p_Exception_internalHandler__I)
                  008081a0    00000260                  : BIOS.obj (.text:ti_sysbios_knl_Semaphore_post__E)
                  00808400    00000260     ti.uia.runtime.ae66 : LoggerProbePoint.oe66 (.text:ti_uia_runtime_LoggerProbePoint_write4__E)
                  00808660    00000260                         : LoggerProbePoint.oe66 (.text:ti_uia_runtime_LoggerProbePoint_writeMemoryRange__E)
                  008088c0    00000260     ti.targets.rts6000.ae66 : Startup.oe66 (.text:xdc_runtime_Startup_startMods__I)
                  00808b20    00000260     Sys_BIOs_config_pe66.oe66 (.text:xdc_runtime_System_printfExtend__I)
                  00808d80    00000240     rts6600_elf.lib : imath64.obj (.text:__c6xabi_divull)
                  00808fc0    00000240                     : _printfi.obj (.text:_pconv_e)
                  00809200    00000240                     : _printfi.obj (.text:_pproc_diouxp)
                  00809440    00000240     sysbios.ae66 : BIOS.obj (.text:ti_sysbios_knl_Task_exit__E)
                  00809680    00000240     ti.uia.runtime.ae66 : LoggerProbePoint.oe66 (.text:ti_uia_runtime_LoggerProbePoint_write0__E)
                  008098c0    00000240                         : LoggerProbePoint.oe66 (.text:ti_uia_runtime_LoggerProbePoint_write1__E)
                  00809b00    00000240                         : LoggerProbePoint.oe66 (.text:ti_uia_runtime_LoggerProbePoint_write2__E)
                  00809d40    00000240                         : LoggerStopMode.oe66 (.text:ti_uia_runtime_LoggerStopMode_write4__E)
                  00809f80    00000240     ti.targets.rts6000.ae66 : LoggerBuf.oe66 (.text:xdc_runtime_LoggerBuf_write8__F)
                  0080a1c0    00000220     rts6600_elf.lib : _printfi.obj (.text:_pproc_str)
                  0080a3e0    00000220                     : fputc.obj (.text:fputc)
                  0080a600    00000220     sysbios.ae66 : BIOS.obj (.text:ti_sysbios_knl_Swi_run__I)
                  0080a820    00000220                  : BIOS.obj (.text:ti_sysbios_knl_Task_schedule__I)
                  0080aa40    00000220                  : BIOS.obj (.text:ti_sysbios_knl_Task_startCore__E)
                  0080ac60    00000220     ti.targets.rts6000.ae66 : Core-mem.oe66 (.text:xdc_runtime_Core_createObject__I)
                  0080ae80    00000200     rts6600_elf.lib : _printfi.obj (.text:_pconv_g)
                  0080b080    00000200     sysbios.ae66 : c64p_Hwi_disp_always.obj (.text:_ti_sysbios_family_c64p_Hwi_dispatchAlways)
                  0080b280    00000200     rts6600_elf.lib : setvbuf.obj (.text:setvbuf)
                  0080b480    00000200     sysbios.ae66 : BIOS.obj (.text:ti_sysbios_utils_Load_taskDeleteHook__E)
                  0080b680    000001e0                  : BIOS.obj (.text:ti_sysbios_family_c64p_Exception_externalHandler__I)
                  0080b860    000001e0                  : BIOS.obj (.text:ti_sysbios_knl_Task_checkStacks__E)
                  0080ba40    000001e0                  : BIOS.obj (.text:ti_sysbios_knl_Task_postInit__I)
                  0080bc20    000001e0                  : BIOS.obj (.text:ti_sysbios_timers_timer64_Timer_getFreq__E)
                  0080be00    000001e0                  : BIOS.obj (.text:ti_sysbios_utils_Load_idleFxn__E)
                  0080bfe0    000001c0     rts6600_elf.lib : _printfi.obj (.text:_mcpy)
                  0080c1a0    000001c0                     : fopen.obj (.text:_openfile)
                  0080c360    000001c0     sysbios.ae66 : BIOS.obj (.text:ti_sysbios_family_c64p_Exception_decodeMpfsr__I)
                  0080c520    000001c0                  : BIOS.obj (.text:ti_sysbios_gates_GateMutex_enter__E)
                  0080c6e0    000001c0                  : BIOS.obj (.text:ti_sysbios_timers_timer64_Timer_setPeriodMicroSecs__E)
                  0080c8a0    000001c0     ti.targets.rts6000.ae66 : Text.oe66 (.text:xdc_runtime_Text_putSite__F)
                  0080ca60    000001a0     rts6600_elf.lib : trgdrv.obj (.text:HOSTrename)
                  0080cc00    000001a0                     : imath40.obj (.text:__c6xabi_divul)
                  0080cda0    000001a0     sysbios.ae66 : BIOS.obj (.text:ti_sysbios_timers_timer64_Timer_start__E)
                  0080cf40    000001a0     ti.targets.rts6000.ae66 : LoggerBuf.oe66 (.text:xdc_runtime_LoggerBuf_write4__F)
                  0080d0e0    00000180     rts6600_elf.lib : copy_decompress_rle.obj (.text:__TI_decompress_rle_core)
                  0080d260    00000180                     : lowlev.obj (.text:open)
                  0080d3e0    00000180     sysbios.ae66 : c64p_Exception_asm.obj (.text)
                  0080d560    00000180                  : BIOS.obj (.text:ti_sysbios_knl_Swi_schedule__I)
                  0080d6e0    00000180                  : BIOS.obj (.text:ti_sysbios_knl_Task_unblockI__E)
                  0080d860    00000160                  : BIOS.obj (.text:ti_sysbios_utils_Load_taskCreateHook__E)
                  0080d9c0    00000140     boot.ae66 : autoinit.oe66 (.text:_auto_init_elf)
                  0080db00    00000140     rts6600_elf.lib : _printfi.obj (.text:_pproc_fflags)
                  0080dc40    00000140                     : lowlev.obj (.text:getdevice)
                  0080dd80    00000140     sysbios.ae66 : BIOS.obj (.text:ti_sysbios_family_c64p_Exception_Module_startup__F)
                  0080dec0    00000140                  : BIOS.obj (.text:ti_sysbios_family_c64p_Hwi_Module_startup__F)
                  0080e000    00000140                  : BIOS.obj (.text:ti_sysbios_family_c66_Cache_Module_startup__F)
                  0080e140    00000140                  : BIOS.obj (.text:ti_sysbios_knl_Semaphore_Instance_init__F)
                  0080e280    00000140                  : BIOS.obj (.text:ti_sysbios_knl_Swi_post__E)
                  0080e3c0    00000140                  : BIOS.obj (.text:ti_sysbios_knl_Task_Module_startup__F)
                  0080e500    00000140                  : BIOS.obj (.text:ti_sysbios_knl_Task_blockI__E)
                  0080e640    00000140     ti.targets.rts6000.ae66 : Text.oe66 (.text:xdc_runtime_Text_putLab__F)
                  0080e780    00000120     rts6600_elf.lib : _bufread.obj (.text:_buff_read)
                  0080e8a0    00000120                     : fclose.obj (.text:_closefile)
                  0080e9c0    00000120                     : _printfi.obj (.text:_ltostr)
                  0080eae0    00000120                     : fopen.obj (.text:_search_fp)
                  0080ec00    00000120                     : fseek.obj (.text:fseek)
                  0080ed20    00000120     sysbios.ae66 : BIOS.obj (.text:ti_sysbios_BIOS_rtsUnlock__I)
                  0080ee40    00000120                  : BIOS.obj (.text:ti_sysbios_knl_Clock_startI__E)
                  0080ef60    00000120     ti.uia.runtime.ae66 : LoggerProbePoint.oe66 (.text:ti_uia_runtime_LoggerProbePoint_setFilterLevel__E)
                  0080f080    00000120                         : LoggerStopMode.oe66 (.text:ti_uia_runtime_LoggerStopMode_setFilterLevel__E)
                  0080f1a0    00000120                         : QueueDescriptor.oe66 (.text:ti_uia_runtime_QueueDescriptor_addToList__E)
                  0080f2c0    00000120     ti.targets.rts6000.ae66 : LoggerBuf.oe66 (.text:xdc_runtime_LoggerBuf_setFilterLevel__F)
                  0080f3e0    00000120                             : Text.oe66 (.text:xdc_runtime_Text_putMod__F)
                  0080f500    00000100     rts6600_elf.lib : trgdrv.obj (.text:HOSTlseek)
                  0080f600    00000100                     : _io_perm.obj (.text:_wrt_ok)
                  0080f700    00000100     sysbios.ae66 : BIOS.obj (.text:ti_sysbios_knl_Swi_restoreHwi__E)
                  0080f800    00000100                  : BIOS.obj (.text:ti_sysbios_timers_timer64_Timer_initDevice__I)
                  0080f900    00000100                  : BIOS.obj (.text:ti_sysbios_utils_Load_addTask__E)
                  0080fa00    00000100     ti.uia.runtime.ae66 : LoggerProbePoint.oe66 (.text:ti_uia_runtime_LoggerProbePoint_getFilterLevel__E)
                  0080fb00    00000100                         : LoggerStopMode.oe66 (.text:ti_uia_runtime_LoggerStopMode_getContents__E)
                  0080fc00    00000100                         : LoggerStopMode.oe66 (.text:ti_uia_runtime_LoggerStopMode_getFilterLevel__E)
                  0080fd00    00000100     ti.targets.rts6000.ae66 : Core-mem.oe66 (.text:xdc_runtime_Core_deleteObject__I)
                  0080fe00    00000100                             : LoggerBuf.oe66 (.text:xdc_runtime_LoggerBuf_getFilterLevel__F)
                  0080ff00    00000100                             : Startup.oe66 (.text:xdc_runtime_Startup_exec__F)
                  00810000    00000100                             : Text.oe66 (.text:xdc_runtime_Text_visitRope2__I)
                  00810100    000000e0     rts6600_elf.lib : trgdrv.obj (.text:HOSTopen)
                  008101e0    000000e0                     : _printfi.obj (.text:_div)
                  008102c0    000000e0                     : atoi.obj (.text:atoi)
                  008103a0    000000e0                     : lowlev.obj (.text:close)
                  00810480    000000e0                     : copy_zero_init.obj (.text:decompress:ZI:__TI_zero_init)
                  00810560    000000e0                     : ltoa.obj (.text:ltoa)
                  00810640    000000e0                     : memset.obj (.text:memset)
                  00810720    000000e0                     : printf.obj (.text:printf)
                  00810800    000000e0     sysbios.ae66 : BIOS.obj (.text:ti_sysbios_knl_Clock_start__E)
                  008108e0    000000e0     Sys_BIOs_config_pe66.oe66 (.text:ti_uia_runtime_LoggerProbePoint_Object__create__S)
                  008109c0    000000e0     ti.uia.runtime.ae66 : LoggerProbePoint.oe66 (.text:ti_uia_runtime_LoggerProbePoint_getContents__E)
                  00810aa0    000000e0                         : LoggerProbePoint.oe66 (.text:ti_uia_runtime_LoggerProbePoint_writeBlockOfMemory__I)
                  00810b80    000000e0     Sys_BIOs_config_pe66.oe66 (.text:ti_uia_runtime_LoggerStopMode_Object__create__S)
                  00810c60    000000e0     ti.uia.runtime.ae66 : LoggerStopMode.oe66 (.text:ti_uia_runtime_LoggerStopMode_writeBlockOfMemory__I)
                  00810d40    000000e0                         : QueueDescriptor.oe66 (.text:ti_uia_runtime_QueueDescriptor_removeFromList__E)
                  00810e20    000000e0     ti.targets.rts6000.ae66 : Error.oe66 (.text:xdc_runtime_Error_print__F)
                  00810f00    000000e0     Sys_BIOs_config_pe66.oe66 (.text:xdc_runtime_LoggerBuf_Object__create__S)
                  00810fe0    000000e0     ti.targets.rts6000.ae66 : Memory.oe66 (.text:xdc_runtime_Memory_alloc__F)
                  008110c0    000000c0     rts6600_elf.lib : trgdrv.obj (.text:HOSTread)
                  00811180    000000c0                     : trgdrv.obj (.text:HOSTunlink)
                  00811240    000000c0                     : trgdrv.obj (.text:HOSTwrite)
                  00811300    000000c0                     : dtor_list.obj (.text:_Z11__TI_atexitPFYvPvES_S_)
                  008113c0    000000c0                     : dtor_list.obj (.text:__cxa_finalize)
                  00811480    000000c0                     : divu.obj (.text:__divu)
                  00811540    000000c0                     : fflush.obj (.text:_doflush)
                  00811600    000000c0                     : _io_perm.obj (.text:_rd_ok)
                  008116c0    000000c0                     : exit.obj (.text:exit)
                  00811780    000000c0     sysbios.ae66 : BIOS.obj (.text:ti_sysbios_BIOS_errorRaiseHook__I)
                  00811840    000000c0                  : BIOS.obj (.text:ti_sysbios_heaps_HeapMem_getStats__E)
                  00811900    000000c0                  : BIOS.obj (.text:ti_sysbios_knl_Clock_logTick__E)
                  008119c0    000000c0                  : BIOS.obj (.text:ti_sysbios_knl_Task_allBlockedFunction__I)
                  00811a80    000000c0                  : BIOS.obj (.text:ti_sysbios_timers_timer64_Timer_startup__E)
                  00811b40    000000c0                  : BIOS.obj (.text:ti_sysbios_utils_Load_taskSwitchHook__E)
                  00811c00    000000c0     ti.uia.runtime.ae66 : LoggerProbePoint.oe66 (.text:ti_uia_runtime_LoggerProbePoint_Instance_init__F)
                  00811cc0    000000c0                         : LoggerProbePoint.oe66 (.text:ti_uia_runtime_LoggerProbePoint_Module_startup__F)
                  00811d80    000000c0                         : LoggerStopMode.oe66 (.text:ti_uia_runtime_LoggerStopMode_Instance_init__F)
                  00811e40    000000c0                         : LoggerStopMode.oe66 (.text:ti_uia_runtime_LoggerStopMode_Module_startup__F)
                  00811f00    000000c0     ti.targets.rts6000.ae66 : LoggerBuf.oe66 (.text:xdc_runtime_LoggerBuf_Instance_init__F)
                  00811fc0    000000c0                             : System.oe66 (.text:xdc_runtime_System_formatNum__I)
                  00812080    000000a0     rts6600_elf.lib : trgdrv.obj (.text:HOSTclose)
                  00812120    000000a0                     : remu.obj (.text:__remu)
                  008121c0    000000a0     boot.ae66 : boot.oe66 (.text:_c_int00)
                  00812260    000000a0     rts6600_elf.lib : fopen.obj (.text:_cleanup)
                  00812300    000000a0                     : _printfi.obj (.text:_ecpy)
                  008123a0    000000a0                     : _printfi.obj (.text:_fcpy)
                  00812440    000000a0                     : _printfi.obj (.text:_pconv_f)
                  008124e0    000000a0                     : lowlev.obj (.text:finddevice)
                  00812580    000000a0                     : lowlev.obj (.text:lseek)
                  00812620    000000a0                     : memcpy64.obj (.text:memcpy)
                  008126c0    000000a0                     : lowlev.obj (.text:read)
                  00812760    000000a0     sysbios.ae66 : BIOS.obj (.text:ti_sysbios_family_c64p_Hwi_getStackInfo__E)
                  00812800    000000a0                  : BIOS.obj (.text:ti_sysbios_heaps_HeapMem_init__I)
                  008128a0    000000a0     Sys_BIOs_config_pe66.oe66 (.text:ti_sysbios_knl_Clock_Object__create__S)
                  00812940    000000a0     sysbios.ae66 : BIOS.obj (.text:ti_sysbios_knl_Idle_run__E)
                  008129e0    000000a0                  : BIOS.obj (.text:ti_sysbios_knl_Semaphore_pendTimeout__I)
                  00812a80    000000a0                  : BIOS.obj (.text:ti_sysbios_knl_Task_processVitalTaskFlag__I)
                  00812b20    000000a0                  : BIOS.obj (.text:ti_sysbios_timers_timer64_Timer_stop__E)
                  00812bc0    000000a0     ti.uia.runtime.ae66 : LoggerProbePoint.oe66 (.text:ti_uia_runtime_LoggerProbePoint_readBlockOfMemory__I)
                  00812c60    000000a0                         : LoggerStopMode.oe66 (.text:ti_uia_runtime_LoggerStopMode_readBlockOfMemory__I)
                  00812d00    000000a0     rts6600_elf.lib : lowlev.obj (.text:write)
                  00812da0    000000a0     ti.targets.rts6000.ae66 : Assert.oe66 (.text:xdc_runtime_Assert_raise__I)
                  00812e40    000000a0                             : LoggerBuf.oe66 (.text:xdc_runtime_LoggerBuf_Module_startup__F)
                  00812ee0    000000a0                             : SysMin.oe66 (.text:xdc_runtime_SysMin_abort__F)
                  00812f80    000000a0                             : SysMin.oe66 (.text:xdc_runtime_SysMin_flush__F)
                  00813020    000000a0                             : SysMin.oe66 (.text:xdc_runtime_SysMin_putch__F)
                  008130c0    000000a0                             : Text.oe66 (.text:xdc_runtime_Text_xprintf__I)
                  00813160    00000080     rts6600_elf.lib : llshift.obj (.text:__c6xabi_llshl)
                  008131e0    00000080     sysbios.ae66 : c62_TaskSupport_asm.obj (.text:_ti_sysbios_family_c62_TaskSupport_swap__E)
                  00813260    00000080     Sys_BIOs_config_pe66.oe66 (.text:malloc)
                  008132e0    00000080     rts6600_elf.lib : trgmsg.obj (.text:readmsg)
                  00813360    00000080     Sys_BIOs_config_pe66.oe66 (.text:ti_sysbios_BIOS_exitFunc__I)
                  008133e0    00000080     sysbios.ae66 : BIOS.obj (.text:ti_sysbios_BIOS_registerRTSLock__I)
                  00813460    00000080     Sys_BIOs_config_pe66.oe66 (.text:ti_sysbios_gates_GateHwi_Object__create__S)
                  008134e0    00000080     Sys_BIOs_config_pe66.oe66 (.text:ti_sysbios_gates_GateMutex_Object__create__S)
                  00813560    00000080     sysbios.ae66 : BIOS.obj (.text:ti_sysbios_hal_Hwi_checkStack:ti_sysbios_hal_Hwi_checkStack)
                  008135e0    00000080                  : BIOS.obj (.text:ti_sysbios_hal_Hwi_initStack:ti_sysbios_hal_Hwi_initStack)
                  00813660    00000080     Sys_BIOs_config_pe66.oe66 (.text:ti_sysbios_heaps_HeapMem_Object__create__S)
                  008136e0    00000080     sysbios.ae66 : BIOS.obj (.text:ti_sysbios_knl_Clock_Module_startup__F)
                  00813760    00000080     Sys_BIOs_config_pe66.oe66 (.text:ti_sysbios_knl_Clock_doTick__I)
                  008137e0    00000080     sysbios.ae66 : BIOS.obj (.text:ti_sysbios_knl_Clock_getTicks__E)
                  00813860    00000080     Sys_BIOs_config_pe66.oe66 (.text:ti_sysbios_knl_Queue_Object__create__S)
                  008138e0    00000080     Sys_BIOs_config_pe66.oe66 (.text:ti_sysbios_knl_Semaphore_Object__create__S)
                  00813960    00000080     sysbios.ae66 : BIOS.obj (.text:ti_sysbios_knl_Swi_startup__E)
                  008139e0    00000080                  : BIOS.obj (.text:ti_sysbios_knl_Task_restore__E)
                  00813a60    00000080                  : BIOS.obj (.text:ti_sysbios_timers_timer64_Timer_getCount__E)
                  00813ae0    00000080                  : BIOS.obj (.text:ti_sysbios_timers_timer64_Timer_getPeriod__E)
                  00813b60    00000080     ti.uia.runtime.ae66 : LoggerProbePoint.oe66 (.text:ti_uia_runtime_LoggerProbePoint_disable__E)
                  00813be0    00000080                         : LoggerProbePoint.oe66 (.text:ti_uia_runtime_LoggerProbePoint_enable__E)
                  00813c60    00000080                         : LoggerProbePoint.oe66 (.text:ti_uia_runtime_LoggerProbePoint_filterOutEvent__I)
                  00813ce0    00000080                         : LoggerProbePoint.oe66 (.text:ti_uia_runtime_LoggerProbePoint_reset__F)
                  00813d60    00000080                         : LoggerStopMode.oe66 (.text:ti_uia_runtime_LoggerStopMode_disable__E)
                  00813de0    00000080                         : LoggerStopMode.oe66 (.text:ti_uia_runtime_LoggerStopMode_enable__E)
                  00813e60    00000080                         : LoggerStopMode.oe66 (.text:ti_uia_runtime_LoggerStopMode_filterOutEvent__I)
                  00813ee0    00000080                         : LoggerStopMode.oe66 (.text:ti_uia_runtime_LoggerStopMode_reset__F)
                  00813f60    00000080     rts6600_elf.lib : lowlev.obj (.text:unlink)
                  00813fe0    00000080     ti.targets.rts6000.ae66 : Core-label.oe66 (.text:xdc_runtime_Core_assignLabel__I)
                  00814060    00000080                             : Core-params.oe66 (.text:xdc_runtime_Core_assignParams__I)
                  008140e0    00000080                             : LoggerBuf.oe66 (.text:xdc_runtime_LoggerBuf_filterOutEvent__I)
                  00814160    00000080     Sys_BIOs_config_pe66.oe66 (.text:xdc_runtime_SysMin_output__I)
                  008141e0    00000080     ti.targets.rts6000.ae66 : System.oe66 (.text:xdc_runtime_System_atexit__F)
                  00814260    00000080                             : System.oe66 (.text:xdc_runtime_System_putchar__I)
                  008142e0    00000080                             : System.oe66 (.text:xdc_runtime_System_rtsExit__I)
                  00814360    00000080                             : Text.oe66 (.text:xdc_runtime_Text_printVisFxn__I)
                  008143e0    00000060     rts6600_elf.lib : frcmpyd_div.obj (.text:__c6xabi_frcmpyd_div)
                  00814440    00000060                     : llshift.obj (.text:__c6xabi_llshru)
                  008144a0    00000060                     : imath64.obj (.text:_subcull)
                  00814500    00000060                     : fclose.obj (.text:fclose)
                  00814560    00000060                     : fopen.obj (.text:fopen)
                  008145c0    00000060                     : memccpy.obj (.text:memccpy)
                  00814620    00000060                     : lowlev.obj (.text:tabinit)
                  00814680    00000060     sysbios.ae66 : BIOS.obj (.text:ti_sysbios_BIOS_rtsLock__I)
                  008146e0    00000060                  : BIOS.obj (.text:ti_sysbios_family_c62_TaskSupport_start__E)
                  00814740    00000060                  : BIOS.obj (.text:ti_sysbios_gates_GateMutex_Instance_init__F)
                  008147a0    00000060     Sys_BIOs_config_pe66.oe66 (.text:ti_sysbios_gates_GateMutex_Object__delete__S)
                  00814800    00000060     sysbios.ae66 : BIOS.obj (.text:ti_sysbios_knl_Swi_Module_startup__F)
                  00814860    00000060                  : BIOS.obj (.text:ti_sysbios_knl_Task_enter__I)
                  008148c0    00000060                  : BIOS.obj (.text:ti_sysbios_knl_Task_sleepTimeout__I)
                  00814920    00000060     ti.uia.runtime.ae66 : LogSync.oe66 (.text:ti_uia_runtime_LogSync_Module_startup__F)
                  00814980    00000060                         : LoggerProbePoint.oe66 (.text:ti_uia_runtime_LoggerProbePoint_Instance_finalize__F)
                  008149e0    00000060     Sys_BIOs_config_pe66.oe66 (.text:ti_uia_runtime_LoggerProbePoint_Object__delete__S)
                  00814a40    00000060     ti.uia.runtime.ae66 : LoggerStopMode.oe66 (.text:ti_uia_runtime_LoggerStopMode_Instance_finalize__F)
                  00814aa0    00000060     Sys_BIOs_config_pe66.oe66 (.text:ti_uia_runtime_LoggerStopMode_Object__delete__S)
                  00814b00    00000060     rts6600_elf.lib : trgmsg.obj (.text:writemsg)
                  00814b60    00000060     Sys_BIOs_config_pe66.oe66 (.text:xdc_runtime_LoggerBuf_Object__delete__S)
                  00814bc0    00000060     ti.targets.rts6000.ae66 : Memory.oe66 (.text:xdc_runtime_Memory_calloc__F)
                  00814c20    00000060                             : SysMin.oe66 (.text:xdc_runtime_SysMin_Module_startup__F)
                  00814c80    00000060                             : SysMin.oe66 (.text:xdc_runtime_SysMin_exit__F)
                  00814ce0    00000060                             : System.oe66 (.text:xdc_runtime_System_avprintf__F)
                  00814d40    00000060                             : System.oe66 (.text:xdc_runtime_System_vprintf__F)
                  00814da0    00000060                             : Text.oe66 (.text:xdc_runtime_Text_cordText__F)
                  00814e00    00000040     rts6600_elf.lib : isinf.obj (.text:__c6xabi_isinf)
                  00814e40    00000040                     : _printfi.obj (.text:__c6xabi_isnan)
                  00814e80    00000040                     : args_main.obj (.text:_args_main)
                  00814ec0    00000040     sysbios.ae66 : c62_TaskSupport_asm.obj (.text:_ti_sysbios_family_c62_TaskSupport_buildTaskStack)
                  00814f00    00000040                  : c64p_Hwi_asm_switch.obj (.text:_ti_sysbios_family_xxx_Hwi_switchToIsrStack)
                  00814f40    00000040     Sys_BIOs_config_pe66.oe66 (.text:free)
                  00814f80    00000040     Sys_BIOs_config_pe66.oe66 (.text:ti_sysbios_BIOS_startFunc__I)
                  00814fc0    00000040     Sys_BIOs_config_pe66.oe66 (.text:ti_sysbios_family_c64p_Hwi_Module__startupDone__F)
                  00815000    00000040     sysbios.ae66 : BIOS.obj (.text:ti_sysbios_family_c64p_Hwi_disableInterrupt__E)
                  00815040    00000040                  : BIOS.obj (.text:ti_sysbios_family_c64p_Hwi_enableInterrupt__E)
                  00815080    00000040     Sys_BIOs_config_pe66.oe66 (.text:ti_sysbios_gates_GateHwi_Handle__label__S)
                  008150c0    00000040     Sys_BIOs_config_pe66.oe66 (.text:ti_sysbios_gates_GateHwi_Object__delete__S)
                  00815100    00000040     Sys_BIOs_config_pe66.oe66 (.text:ti_sysbios_gates_GateMutex_Handle__label__S)
                  00815140    00000040     sysbios.ae66 : BIOS.obj (.text:ti_sysbios_gates_GateMutex_leave__E)
                  00815180    00000040     Sys_BIOs_config_pe66.oe66 (.text:ti_sysbios_hal_Timer_Module__startupDone__F)
                  008151c0    00000040     Sys_BIOs_config_pe66.oe66 (.text:ti_sysbios_heaps_HeapMem_Handle__label__S)
                  00815200    00000040     Sys_BIOs_config_pe66.oe66 (.text:ti_sysbios_heaps_HeapMem_Object__delete__S)
                  00815240    00000040     Sys_BIOs_config_pe66.oe66 (.text:ti_sysbios_heaps_HeapMem_Object__get__S)
                  00815280    00000040     Sys_BIOs_config_pe66.oe66 (.text:ti_sysbios_knl_Semaphore_Object__destruct__S)
                  008152c0    00000040     Sys_BIOs_config_pe66.oe66 (.text:ti_sysbios_knl_Swi_Object__get__S)
                  00815300    00000040     Sys_BIOs_config_pe66.oe66 (.text:ti_sysbios_knl_Task_Object__get__S)
                  00815340    00000040     Sys_BIOs_config_pe66.oe66 (.text:ti_sysbios_timers_timer64_Timer_Module__startupDone__F)
                  00815380    00000040     Sys_BIOs_config_pe66.oe66 (.text:ti_uia_family_c66_TimestampC66XGlobal_Module__startupDone__F)
                  008153c0    00000040     Sys_BIOs_config_pe66.oe66 (.text:ti_uia_runtime_LoggerProbePoint_Handle__label__S)
                  00815400    00000040     Sys_BIOs_config_pe66.oe66 (.text:ti_uia_runtime_LoggerProbePoint_Object__get__S)
                  00815440    00000040     Sys_BIOs_config_pe66.oe66 (.text:ti_uia_runtime_LoggerStopMode_Handle__label__S)
                  00815480    00000040     Sys_BIOs_config_pe66.oe66 (.text:ti_uia_runtime_LoggerStopMode_Object__get__S)
                  008154c0    00000040     ti.uia.runtime.ae66 : LoggerStopMode.oe66 (.text:ti_uia_runtime_LoggerStopMode_write0__E)
                  00815500    00000040                         : LoggerStopMode.oe66 (.text:ti_uia_runtime_LoggerStopMode_write1__E)
                  00815540    00000040                         : LoggerStopMode.oe66 (.text:ti_uia_runtime_LoggerStopMode_write2__E)
                  00815580    00000040                         : QueueDescriptor.oe66 (.text:ti_uia_runtime_QueueDescriptor_initHeader__E)
                  008155c0    00000040     ti.targets.rts6000.ae66 : Error.oe66 (.text:xdc_runtime_Error_check__F)
                  00815600    00000040                             : Error.oe66 (.text:xdc_runtime_Error_init__F)
                  00815640    00000040                             : Gate.oe66 (.text:xdc_runtime_Gate_leaveSystem__F)
                  00815680    00000040     Sys_BIOs_config_pe66.oe66 (.text:xdc_runtime_LoggerBuf_Handle__label__S)
                  008156c0    00000040     ti.targets.rts6000.ae66 : LoggerBuf.oe66 (.text:xdc_runtime_LoggerBuf_Instance_finalize__F)
                  00815700    00000040     Sys_BIOs_config_pe66.oe66 (.text:xdc_runtime_LoggerBuf_Object__get__S)
                  00815740    00000040     ti.targets.rts6000.ae66 : LoggerBuf.oe66 (.text:xdc_runtime_LoggerBuf_write0__F)
                  00815780    00000040                             : LoggerBuf.oe66 (.text:xdc_runtime_LoggerBuf_write1__F)
                  008157c0    00000040                             : LoggerBuf.oe66 (.text:xdc_runtime_LoggerBuf_write2__F)
                  00815800    00000040                             : Memory.oe66 (.text:xdc_runtime_Memory_free__F)
                  00815840    00000040                             : Registry.oe66 (.text:xdc_runtime_Registry_findById__F)
                  00815880    00000040                             : System.oe66 (.text:xdc_runtime_System_abort__F)
                  008158c0    00000040     Sys_BIOs_config_pe66.oe66 (.text:xdc_runtime_System_aprintf__E)
                  00815900    00000040     Sys_BIOs_config_pe66.oe66 (.text:xdc_runtime_System_printf__E)
                  00815940    00000040     ti.targets.rts6000.ae66 : Text.oe66 (.text:xdc_runtime_Text_ropeText__F)
                  00815980    00000020     rts6600_elf.lib : negll.obj (.text:__c6xabi_negll)
                  008159a0    00000020                     : dtor_list.obj (.text:__cxa_atexit)
                  008159c0    00000020                     : dtor_list.obj (.text:__cxa_ia64_exit)
                  008159e0    00000020     ti.targets.rts6000.ae66 : xdc_noinit.oe66 (.text:__xdc__init)
                  00815a00    00000020     rts6600_elf.lib : _lock.obj (.text:_nop)
                  00815a20    00000020                     : printf.obj (.text:_outc)
                  00815a40    00000020                     : printf.obj (.text:_outs)
                  00815a60    00000020                     : _lock.obj (.text:_register_lock)
                  00815a80    00000020                     : _lock.obj (.text:_register_unlock)
                  00815aa0    00000020     sysbios.ae66 : c62_TaskSupport_asm.obj (.text:_ti_sysbios_family_c62_TaskSupport_glue)
                  00815ac0    00000020                  : c64p_Hwi_asm_switch.obj (.text:_ti_sysbios_family_xxx_Hwi_switchToTaskStack)
                  00815ae0    00000020     rts6600_elf.lib : exit.obj (.text:abort)
                  00815b00    00000020                     : dtor_list.obj (.text:atexit)
                  00815b20    00000020                     : copy_decompress_none.obj (.text:decompress:none:__TI_decompress_none)
                  00815b40    00000020                     : copy_decompress_rle.obj (.text:decompress:rle24:__TI_decompress_rle24)
                  00815b60    00000020     Sys_BIOs_config_pe66.oe66 (.text:ti_sysbios_BIOS_RtsGateProxy_enter__E)
                  00815b80    00000020     Sys_BIOs_config_pe66.oe66 (.text:ti_sysbios_BIOS_RtsGateProxy_leave__E)
                  00815ba0    00000020     sysbios.ae66 : BIOS.obj (.text:ti_sysbios_BIOS_getCpuFreq__E)
                  00815bc0    00000020                  : BIOS.obj (.text:ti_sysbios_BIOS_nullFunc__I)
                  00815be0    00000020                  : BIOS.obj (.text:ti_sysbios_BIOS_setThreadType__E)
                  00815c00    00000020                  : BIOS.obj (.text:ti_sysbios_BIOS_start__E)
                  00815c20    00000020     Sys_BIOs_config_pe66.oe66 (.text:ti_sysbios_family_c62_TaskSupport_Module__startupDone__S)
                  00815c40    00000020     sysbios.ae66 : BIOS.obj (.text:ti_sysbios_family_c62_TaskSupport_checkStack__E)
                  00815c60    00000020                  : BIOS.obj (.text:ti_sysbios_family_c64p_Hwi_clearInterrupt__E)
                  00815c80    00000020                  : BIOS.obj (.text:ti_sysbios_family_c64p_Hwi_startup__E)
                  00815ca0    00000020                  : BIOS.obj (.text:ti_sysbios_family_c64p_Hwi_switchFromBootStack__E)
                  00815cc0    00000020                  : BIOS.obj (.text:ti_sysbios_family_c64p_TimestampProvider_Module_startup__F)
                  00815ce0    00000020                  : BIOS.obj (.text:ti_sysbios_family_c64p_TimestampProvider_get32__E)
                  00815d00    00000020                  : BIOS.obj (.text:ti_sysbios_family_c64p_TimestampProvider_get64__E)
                  00815d20    00000020                  : BIOS.obj (.text:ti_sysbios_family_c64p_tci6488_TimerSupport_enable__E)
                  00815d40    00000020                  : BIOS.obj (.text:ti_sysbios_gates_GateHwi_Instance_init__F)
                  00815d60    00000020                  : BIOS.obj (.text:ti_sysbios_gates_GateHwi_enter__E)
                  00815d80    00000020                  : BIOS.obj (.text:ti_sysbios_gates_GateHwi_leave__E)
                  00815da0    00000020                  : BIOS.obj (.text:ti_sysbios_gates_GateHwi_query__F)
                  00815dc0    00000020                  : BIOS.obj (.text:ti_sysbios_gates_GateMutex_Instance_finalize__F)
                  00815de0    00000020                  : BIOS.obj (.text:ti_sysbios_gates_GateMutex_query__F)
                  00815e00    00000020     Sys_BIOs_config_pe66.oe66 (.text:ti_sysbios_hal_Hwi_HwiProxy_Module__startupDone__S)
                  00815e20    00000020     sysbios.ae66 : BIOS.obj (.text:ti_sysbios_hal_Hwi_Module_startup__F)
                  00815e40    00000020                  : BIOS.obj (.text:ti_sysbios_hal_Timer_Module_startup__F)
                  00815e60    00000020     Sys_BIOs_config_pe66.oe66 (.text:ti_sysbios_hal_Timer_TimerProxy_Module__startupDone__S)
                  00815e80    00000020     Sys_BIOs_config_pe66.oe66 (.text:ti_sysbios_hal_Timer_TimerProxy_getExpiredCounts__E)
                  00815ea0    00000020     Sys_BIOs_config_pe66.oe66 (.text:ti_sysbios_hal_Timer_TimerProxy_getPeriod__E)
                  00815ec0    00000020     Sys_BIOs_config_pe66.oe66 (.text:ti_sysbios_hal_Timer_TimerProxy_setNextTick__E)
                  00815ee0    00000020     Sys_BIOs_config_pe66.oe66 (.text:ti_sysbios_heaps_HeapMem_Module_GateProxy_enter__E)
                  00815f00    00000020     Sys_BIOs_config_pe66.oe66 (.text:ti_sysbios_heaps_HeapMem_Module_GateProxy_leave__E)
                  00815f20    00000020     sysbios.ae66 : BIOS.obj (.text:ti_sysbios_heaps_HeapMem_isBlocking__E)
                  00815f40    00000020     Sys_BIOs_config_pe66.oe66 (.text:ti_sysbios_knl_Clock_Params__init__S)
                  00815f60    00000020     sysbios.ae66 : BIOS.obj (.text:ti_sysbios_knl_Idle_loop__E)
                  00815f80    00000020                  : BIOS.obj (.text:ti_sysbios_knl_Queue_Instance_init__F)
                  00815fa0    00000020     Sys_BIOs_config_pe66.oe66 (.text:ti_sysbios_knl_Queue_Object__destruct__S)
                  00815fc0    00000020     Sys_BIOs_config_pe66.oe66 (.text:ti_sysbios_knl_Queue_Object__get__S)
                  00815fe0    00000020     sysbios.ae66 : BIOS.obj (.text:ti_sysbios_knl_Queue_empty__E)
                  00816000    00000020                  : BIOS.obj (.text:ti_sysbios_knl_Semaphore_Instance_finalize__F)
                  00816020    00000020                  : BIOS.obj (.text:ti_sysbios_knl_Swi_disable__E)
                  00816040    00000020     Sys_BIOs_config_pe66.oe66 (.text:ti_sysbios_knl_Task_Object__first__S)
                  00816060    00000020     Sys_BIOs_config_pe66.oe66 (.text:ti_sysbios_knl_Task_Object__next__S)
                  00816080    00000020     Sys_BIOs_config_pe66.oe66 (.text:ti_sysbios_knl_Task_SupportProxy_Module__startupDone__S)
                  008160a0    00000020     sysbios.ae66 : BIOS.obj (.text:ti_sysbios_knl_Task_disable__E)
                  008160c0    00000020                  : BIOS.obj (.text:ti_sysbios_knl_Task_startup__E)
                  008160e0    00000020                  : BIOS.obj (.text:ti_sysbios_timers_timer64_Timer_setNextTick__E)
                  00816100    00000020                  : BIOS.obj (.text:ti_sysbios_utils_Load_taskRegHook__E)
                  00816120    00000020     ti.uia.family.c66.ae66 : TimestampC66XGlobal.oe66 (.text:ti_uia_family_c66_TimestampC66XGlobal_Module_startup__F)
                  00816140    00000020     Sys_BIOs_config_pe66.oe66 (.text:ti_uia_runtime_LogSync_CpuTimestampProxy_Module__startupDone__S)
                  00816160    00000020     Sys_BIOs_config_pe66.oe66 (.text:ti_uia_runtime_LogSync_GlobalTimestampProxy_Module__startupDone__S)
                  00816180    00000020     ti.uia.runtime.ae66 : LoggerProbePoint.oe66 (.text:ti_uia_runtime_LoggerProbePoint_getFreeSize__E)
                  008161a0    00000020                         : LoggerProbePoint.oe66 (.text:ti_uia_runtime_LoggerProbePoint_getInstanceId__E)
                  008161c0    00000020                         : LoggerProbePoint.oe66 (.text:ti_uia_runtime_LoggerProbePoint_getMaxLength__E)
                  008161e0    00000020                         : LoggerProbePoint.oe66 (.text:ti_uia_runtime_LoggerProbePoint_getPriority__E)
                  00816200    00000020                         : LoggerProbePoint.oe66 (.text:ti_uia_runtime_LoggerProbePoint_getTransferType__F)
                  00816220    00000020                         : LoggerProbePoint.oe66 (.text:ti_uia_runtime_LoggerProbePoint_getUnreadSize__E)
                  00816240    00000020                         : LoggerProbePoint.oe66 (.text:ti_uia_runtime_LoggerProbePoint_isEmpty__E)
                  00816260    00000020                         : LoggerProbePoint.oe66 (.text:ti_uia_runtime_LoggerProbePoint_setPriority__E)
                  00816280    00000020                         : LoggerStopMode.oe66 (.text:ti_uia_runtime_LoggerStopMode_getFreeSize__E)
                  008162a0    00000020                         : LoggerStopMode.oe66 (.text:ti_uia_runtime_LoggerStopMode_getInstanceId__E)
                  008162c0    00000020                         : LoggerStopMode.oe66 (.text:ti_uia_runtime_LoggerStopMode_getMaxLength__E)
                  008162e0    00000020                         : LoggerStopMode.oe66 (.text:ti_uia_runtime_LoggerStopMode_getPriority__E)
                  00816300    00000020                         : LoggerStopMode.oe66 (.text:ti_uia_runtime_LoggerStopMode_getTransferType__F)
                  00816320    00000020                         : LoggerStopMode.oe66 (.text:ti_uia_runtime_LoggerStopMode_getUnreadSize__E)
                  00816340    00000020                         : LoggerStopMode.oe66 (.text:ti_uia_runtime_LoggerStopMode_isEmpty__E)
                  00816360    00000020                         : LoggerStopMode.oe66 (.text:ti_uia_runtime_LoggerStopMode_setPriority__E)
                  00816380    00000020     ti.targets.rts6000.ae66 : Gate.oe66 (.text:xdc_runtime_Gate_enterSystem__F)
                  008163a0    00000020     Sys_BIOs_config_pe66.oe66 (.text:xdc_runtime_IHeap_alloc)
                  008163c0    00000020     Sys_BIOs_config_pe66.oe66 (.text:xdc_runtime_IHeap_free)
                  008163e0    00000020     Sys_BIOs_config_pe66.oe66 (.text:xdc_runtime_LoggerBuf_Module_GateProxy_enter__E)
                  00816400    00000020     Sys_BIOs_config_pe66.oe66 (.text:xdc_runtime_LoggerBuf_Module_GateProxy_leave__E)
                  00816420    00000020     ti.targets.rts6000.ae66 : LoggerBuf.oe66 (.text:xdc_runtime_LoggerBuf_disable__F)
                  00816440    00000020                             : LoggerBuf.oe66 (.text:xdc_runtime_LoggerBuf_enable__F)
                  00816460    00000020     Sys_BIOs_config_pe66.oe66 (.text:xdc_runtime_Memory_HeapProxy_alloc__E)
                  00816480    00000020     Sys_BIOs_config_pe66.oe66 (.text:xdc_runtime_Memory_HeapProxy_free__E)
                  008164a0    00000020     Sys_BIOs_config_pe66.oe66 (.text:xdc_runtime_Startup_exec__I)
                  008164c0    00000020     Sys_BIOs_config_pe66.oe66 (.text:xdc_runtime_Startup_reset__I)
                  008164e0    00000020     ti.targets.rts6000.ae66 : SysMin.oe66 (.text:xdc_runtime_SysMin_ready__F)
                  00816500    00000020     Sys_BIOs_config_pe66.oe66 (.text:xdc_runtime_System_Module_GateProxy_enter__E)
                  00816520    00000020     Sys_BIOs_config_pe66.oe66 (.text:xdc_runtime_System_Module_GateProxy_leave__E)
                  00816540    00000020     ti.targets.rts6000.ae66 : System.oe66 (.text:xdc_runtime_System_Module_startup__F)
                  00816560    00000020                             : System.oe66 (.text:xdc_runtime_System_exit__F)
                  00816580    00000020                             : System.oe66 (.text:xdc_runtime_System_lastFxn__I)
                  008165a0    00000020                             : System.oe66 (.text:xdc_runtime_System_vsnprintf__F)
                  008165c0    00000020     Sys_BIOs_config_pe66.oe66 (.text:xdc_runtime_Text_visitRope__I)
                  008165e0    00000020     Sys_BIOs_config_pe66.oe66 (.text:xdc_runtime_Timestamp_Module__startupDone__S)

.far       0    00816600    00004478     UNINITIALIZED
                  00816600    00002610     Sys_BIOs_config_pe66.oe66 (.far)
                  00818c10    00001000     Sys_BIOs_config_pe66.oe66 (.far:taskStackSection)
                  00819c10    00000cf0     main_gtz.obj (.far)
                  0081a900    00000140     rts6600_elf.lib : defs.obj (.far)
                  0081aa40    00000030     util.obj (.far)
                  0081aa70    00000008     rts6600_elf.lib : trgdrv.obj (.far)

.fardata.1 
*          0    0081aa78    00000008     
                  0081aa78    00000008     rts6600_elf.lib : _lock.obj (.fardata)

.const     0    0081aa80    000037f0     
                  0081aa80    000021ab     Sys_BIOs_config_pe66.oe66 (.const:xdc_runtime_Text_charTab__A)
                  0081cc2b    00000683     sysbios.ae66 : BIOS.obj (.const:.string)
                  0081d2ae    00000002     Sys_BIOs_config_pe66.oe66 (.const:ti_sysbios_BIOS_Module__id__C)
                  0081d2b0    00000400     Sys_BIOs_config_pe66.oe66 (.const:ti_sysbios_family_c66_Cache_marvalues__C)
                  0081d6b0    00000128     Sys_BIOs_config_pe66.oe66 (.const:xdc_runtime_Text_nodeTab__A)
                  0081d7d8    00000101     rts6600_elf.lib : ctype.obj (.const:.string:_ctypes_)
                  0081d8d9    00000001     --HOLE-- [fill = 0]
                  0081d8da    00000002     Sys_BIOs_config_pe66.oe66 (.const:ti_sysbios_family_c64p_Exception_Module__id__C)
                  0081d8dc    00000068     util.obj (.const:.string)
                  0081d944    00000060     Sys_BIOs_config_pe66.oe66 (.const:ti_uia_runtime_LoggerProbePoint_Module__FXNS__C)
                  0081d9a4    00000060     Sys_BIOs_config_pe66.oe66 (.const:ti_uia_runtime_LoggerStopMode_Module__FXNS__C)
                  0081da04    00000058     ti.targets.rts6000.ae66 : Error.oe66 (.const:.string)
                  0081da5c    00000047     Sys_BIOs_config_pe66.oe66 (.const:.string)
                  0081daa3    00000001     --HOLE-- [fill = 0]
                  0081daa4    00000004     ti.targets.rts6000.ae66 : Assert.oe66 (.const:.string)
                  0081daa8    00000044     Sys_BIOs_config_pe66.oe66 (.const:xdc_runtime_Startup_sfxnTab__A)
                  0081daec    00000040     ti.targets.rts6000.ae66 : Text.oe66 (.const:.string)
                  0081db2c    0000003c     main_gtz.obj (.const:.string)
                  0081db68    0000003c     Sys_BIOs_config_pe66.oe66 (.const:xdc_runtime_LoggerBuf_Module__FXNS__C)
                  0081dba4    00000034     Sys_BIOs_config_pe66.oe66 (.const:ti_uia_runtime_LoggerProbePoint_Object__PARAMS__C)
                  0081dbd8    00000034     Sys_BIOs_config_pe66.oe66 (.const:ti_uia_runtime_LoggerStopMode_Object__PARAMS__C)
                  0081dc0c    00000004     Sys_BIOs_config_pe66.oe66 (.const:ti_sysbios_BIOS_Module__diagsEnabled__C)
                  0081dc10    00000030     Sys_BIOs_config_pe66.oe66 (.const:ti_sysbios_knl_Task_hooks__A)
                  0081dc40    0000002c     ti.targets.rts6000.ae66 : Startup.oe66 (.const:.string)
                  0081dc6c    00000028     Sys_BIOs_config_pe66.oe66 (.const:ti_sysbios_heaps_HeapMem_Module__FXNS__C)
                  0081dc94    00000028     Sys_BIOs_config_pe66.oe66 (.const:xdc_runtime_LoggerBuf_Object__PARAMS__C)
                  0081dcbc    00000024     Sys_BIOs_config_pe66.oe66 (.const:ti_sysbios_gates_GateHwi_Module__FXNS__C)
                  0081dce0    00000024     Sys_BIOs_config_pe66.oe66 (.const:ti_sysbios_gates_GateMutex_Module__FXNS__C)
                  0081dd04    00000024     Sys_BIOs_config_pe66.oe66 (.const:ti_sysbios_heaps_HeapMem_Object__PARAMS__C)
                  0081dd28    00000024     Sys_BIOs_config_pe66.oe66 (.const:ti_sysbios_knl_Clock_Object__PARAMS__C)
                  0081dd4c    00000024     Sys_BIOs_config_pe66.oe66 (.const:ti_sysbios_knl_Semaphore_Object__PARAMS__C)
                  0081dd70    00000023     rts6600_elf.lib : _printfi.obj (.const:.string)
                  0081dd93    00000001     --HOLE-- [fill = 0]
                  0081dd94    00000004     Sys_BIOs_config_pe66.oe66 (.const:ti_sysbios_BIOS_Module__diagsIncluded__C)
                  0081dd98    00000022     Sys_BIOs_config_pe66.oe66 (.const:xdc_runtime_Startup_sfxnRts__A)
                  0081ddba    00000002     Sys_BIOs_config_pe66.oe66 (.const:ti_sysbios_family_c64p_Exception_enableExternalMPC__C)
                  0081ddbc    00000020     Sys_BIOs_config_pe66.oe66 (.const:ti_sysbios_gates_GateHwi_Object__DESC__C)
                  0081dddc    00000020     Sys_BIOs_config_pe66.oe66 (.const:ti_sysbios_gates_GateMutex_Object__DESC__C)
                  0081ddfc    00000020     Sys_BIOs_config_pe66.oe66 (.const:ti_sysbios_heaps_HeapMem_Object__DESC__C)
                  0081de1c    00000020     Sys_BIOs_config_pe66.oe66 (.const:ti_sysbios_knl_Clock_Object__DESC__C)
                  0081de3c    00000020     Sys_BIOs_config_pe66.oe66 (.const:ti_sysbios_knl_Queue_Object__DESC__C)
                  0081de5c    00000020     Sys_BIOs_config_pe66.oe66 (.const:ti_sysbios_knl_Semaphore_Object__DESC__C)
                  0081de7c    00000020     Sys_BIOs_config_pe66.oe66 (.const:ti_uia_runtime_LoggerProbePoint_Object__DESC__C)
                  0081de9c    00000020     Sys_BIOs_config_pe66.oe66 (.const:ti_uia_runtime_LoggerStopMode_Object__DESC__C)
                  0081debc    00000020     Sys_BIOs_config_pe66.oe66 (.const:xdc_runtime_LoggerBuf_Object__DESC__C)
                  0081dedc    00000018     Sys_BIOs_config_pe66.oe66 (.const:ti_sysbios_gates_GateHwi_Object__PARAMS__C)
                  0081def4    00000018     Sys_BIOs_config_pe66.oe66 (.const:ti_sysbios_gates_GateMutex_Object__PARAMS__C)
                  0081df0c    00000018     Sys_BIOs_config_pe66.oe66 (.const:ti_sysbios_knl_Queue_Object__PARAMS__C)
                  0081df24    0000000c     Sys_BIOs_config_pe66.oe66 (.const:ti_sysbios_family_c66_Cache_initSize__C)
                  0081df30    00000011     ti.targets.rts6000.ae66 : System.oe66 (.const:digtohex)
                  0081df41    00000001     --HOLE-- [fill = 0]
                  0081df42    00000002     Sys_BIOs_config_pe66.oe66 (.const:ti_sysbios_family_c64p_Exception_enablePrint__C)
                  0081df44    00000008     ti.targets.rts6000.ae66 : System.oe66 (.const:.string)
                  0081df4c    00000004     Sys_BIOs_config_pe66.oe66 (.const:ti_sysbios_BIOS_Module__diagsMask__C)
                  0081df50    00000008     Sys_BIOs_config_pe66.oe66 (.const:ti_sysbios_knl_Idle_coreList__A)
                  0081df58    00000008     Sys_BIOs_config_pe66.oe66 (.const:ti_sysbios_knl_Idle_coreList__C)
                  0081df60    00000008     Sys_BIOs_config_pe66.oe66 (.const:ti_sysbios_knl_Idle_funcList__A)
                  0081df68    00000008     Sys_BIOs_config_pe66.oe66 (.const:ti_sysbios_knl_Idle_funcList__C)
                  0081df70    00000008     Sys_BIOs_config_pe66.oe66 (.const:ti_sysbios_knl_Task_hooks__C)
                  0081df78    00000008     Sys_BIOs_config_pe66.oe66 (.const:xdc_runtime_Startup_firstFxns__A)
                  0081df80    00000008     Sys_BIOs_config_pe66.oe66 (.const:xdc_runtime_Startup_firstFxns__C)
                  0081df88    00000008     Sys_BIOs_config_pe66.oe66 (.const:xdc_runtime_Startup_lastFxns__C)
                  0081df90    00000004     Sys_BIOs_config_pe66.oe66 (.const:ti_sysbios_BIOS_installedErrorHook__C)
                  0081df94    00000004     Sys_BIOs_config_pe66.oe66 (.const:ti_sysbios_family_c64p_Exception_E_exceptionMax__C)
                  0081df98    00000004     Sys_BIOs_config_pe66.oe66 (.const:ti_sysbios_family_c64p_Exception_E_exceptionMin__C)
                  0081df9c    00000004     Sys_BIOs_config_pe66.oe66 (.const:ti_sysbios_family_c64p_Exception_exceptionHook__C)
                  0081dfa0    00000004     Sys_BIOs_config_pe66.oe66 (.const:ti_sysbios_family_c64p_Exception_externalHook__C)
                  0081dfa4    00000004     Sys_BIOs_config_pe66.oe66 (.const:ti_sysbios_family_c64p_Exception_internalHook__C)
                  0081dfa8    00000004     Sys_BIOs_config_pe66.oe66 (.const:ti_sysbios_family_c64p_Exception_nmiHook__C)
                  0081dfac    00000004     Sys_BIOs_config_pe66.oe66 (.const:ti_sysbios_family_c64p_Hwi_LD_end__C)
                  0081dfb0    00000004     Sys_BIOs_config_pe66.oe66 (.const:ti_sysbios_family_c64p_Hwi_LM_begin__C)
                  0081dfb4    00000004     Sys_BIOs_config_pe66.oe66 (.const:ti_sysbios_family_c64p_Hwi_Module__diagsEnabled__C)
                  0081dfb8    00000004     Sys_BIOs_config_pe66.oe66 (.const:ti_sysbios_family_c64p_Hwi_Module__diagsIncluded__C)
                  0081dfbc    00000004     Sys_BIOs_config_pe66.oe66 (.const:ti_sysbios_family_c64p_Hwi_Module__diagsMask__C)
                  0081dfc0    00000004     Sys_BIOs_config_pe66.oe66 (.const:ti_sysbios_family_c64p_Hwi_Module__loggerFxn1__C)
                  0081dfc4    00000004     Sys_BIOs_config_pe66.oe66 (.const:ti_sysbios_family_c64p_Hwi_Module__loggerFxn8__C)
                  0081dfc8    00000004     Sys_BIOs_config_pe66.oe66 (.const:ti_sysbios_family_c64p_Hwi_Module__loggerObj__C)
                  0081dfcc    00000004     Sys_BIOs_config_pe66.oe66 (.const:ti_sysbios_gates_GateMutex_A_badContext__C)
                  0081dfd0    00000004     Sys_BIOs_config_pe66.oe66 (.const:ti_sysbios_gates_GateMutex_Instance_State_sem__O)
                  0081dfd4    00000004     Sys_BIOs_config_pe66.oe66 (.const:ti_sysbios_gates_GateMutex_Module__diagsEnabled__C)
                  0081dfd8    00000004     Sys_BIOs_config_pe66.oe66 (.const:ti_sysbios_gates_GateMutex_Module__diagsIncluded__C)
                  0081dfdc    00000004     Sys_BIOs_config_pe66.oe66 (.const:ti_sysbios_gates_GateMutex_Module__diagsMask__C)
                  0081dfe0    00000004     Sys_BIOs_config_pe66.oe66 (.const:ti_sysbios_hal_Hwi_E_stackOverflow__C)
                  0081dfe4    00000004     Sys_BIOs_config_pe66.oe66 (.const:ti_sysbios_heaps_HeapMem_A_align__C)
                  0081dfe8    00000004     Sys_BIOs_config_pe66.oe66 (.const:ti_sysbios_heaps_HeapMem_A_heapSize__C)
                  0081dfec    00000004     Sys_BIOs_config_pe66.oe66 (.const:ti_sysbios_heaps_HeapMem_A_invalidFree__C)
                  0081dff0    00000004     Sys_BIOs_config_pe66.oe66 (.const:ti_sysbios_heaps_HeapMem_A_zeroBlock__C)
                  0081dff4    00000004     Sys_BIOs_config_pe66.oe66 (.const:ti_sysbios_heaps_HeapMem_E_memory__C)
                  0081dff8    00000004     Sys_BIOs_config_pe66.oe66 (.const:ti_sysbios_heaps_HeapMem_Module__diagsEnabled__C)
                  0081dffc    00000004     Sys_BIOs_config_pe66.oe66 (.const:ti_sysbios_heaps_HeapMem_Module__diagsIncluded__C)
                  0081e000    00000004     Sys_BIOs_config_pe66.oe66 (.const:ti_sysbios_heaps_HeapMem_Module__diagsMask__C)
                  0081e004    00000004     Sys_BIOs_config_pe66.oe66 (.const:ti_sysbios_heaps_HeapMem_Module__gateObj__C)
                  0081e008    00000004     Sys_BIOs_config_pe66.oe66 (.const:ti_sysbios_heaps_HeapMem_Object__count__C)
                  0081e00c    00000004     Sys_BIOs_config_pe66.oe66 (.const:ti_sysbios_heaps_HeapMem_reqAlign__C)
                  0081e010    00000004     Sys_BIOs_config_pe66.oe66 (.const:ti_sysbios_knl_Clock_A_badThreadType__C)
                  0081e014    00000004     Sys_BIOs_config_pe66.oe66 (.const:ti_sysbios_knl_Clock_LM_begin__C)
                  0081e018    00000004     Sys_BIOs_config_pe66.oe66 (.const:ti_sysbios_knl_Clock_LM_tick__C)
                  0081e01c    00000004     Sys_BIOs_config_pe66.oe66 (.const:ti_sysbios_knl_Clock_LW_delayed__C)
                  0081e020    00000004     Sys_BIOs_config_pe66.oe66 (.const:ti_sysbios_knl_Clock_Module_State_clockQ__O)
                  0081e024    00000004     Sys_BIOs_config_pe66.oe66 (.const:ti_sysbios_knl_Clock_Module__diagsEnabled__C)
                  0081e028    00000004     Sys_BIOs_config_pe66.oe66 (.const:ti_sysbios_knl_Clock_Module__diagsIncluded__C)
                  0081e02c    00000004     Sys_BIOs_config_pe66.oe66 (.const:ti_sysbios_knl_Clock_Module__diagsMask__C)
                  0081e030    00000004     Sys_BIOs_config_pe66.oe66 (.const:ti_sysbios_knl_Clock_Module__loggerFxn1__C)
                  0081e034    00000004     Sys_BIOs_config_pe66.oe66 (.const:ti_sysbios_knl_Clock_Module__loggerFxn2__C)
                  0081e038    00000004     Sys_BIOs_config_pe66.oe66 (.const:ti_sysbios_knl_Clock_Module__loggerObj__C)
                  0081e03c    00000004     Sys_BIOs_config_pe66.oe66 (.const:ti_sysbios_knl_Clock_tickMode__C)
                  0081e040    00000004     Sys_BIOs_config_pe66.oe66 (.const:ti_sysbios_knl_Clock_tickSource__C)
                  0081e044    00000004     Sys_BIOs_config_pe66.oe66 (.const:ti_sysbios_knl_Semaphore_A_badContext__C)
                  0081e048    00000004     Sys_BIOs_config_pe66.oe66 (.const:ti_sysbios_knl_Semaphore_A_noEvents__C)
                  0081e04c    00000004     Sys_BIOs_config_pe66.oe66 (.const:ti_sysbios_knl_Semaphore_A_overflow__C)
                  0081e050    00000004     Sys_BIOs_config_pe66.oe66 (.const:ti_sysbios_knl_Semaphore_A_pendTaskDisabled__C)
                  0081e054    00000004     Sys_BIOs_config_pe66.oe66 (.const:ti_sysbios_knl_Semaphore_Instance_State_pendQ__O)
                  0081e058    00000004     Sys_BIOs_config_pe66.oe66 (.const:ti_sysbios_knl_Semaphore_LM_pend__C)
                  0081e05c    00000004     Sys_BIOs_config_pe66.oe66 (.const:ti_sysbios_knl_Semaphore_LM_post__C)
                  0081e060    00000004     Sys_BIOs_config_pe66.oe66 (.const:ti_sysbios_knl_Semaphore_Module__diagsEnabled__C)
                  0081e064    00000004     Sys_BIOs_config_pe66.oe66 (.const:ti_sysbios_knl_Semaphore_Module__diagsIncluded__C)
                  0081e068    00000004     Sys_BIOs_config_pe66.oe66 (.const:ti_sysbios_knl_Semaphore_Module__diagsMask__C)
                  0081e06c    00000004     Sys_BIOs_config_pe66.oe66 (.const:ti_sysbios_knl_Semaphore_Module__loggerFxn2__C)
                  0081e070    00000004     Sys_BIOs_config_pe66.oe66 (.const:ti_sysbios_knl_Semaphore_Module__loggerFxn4__C)
                  0081e074    00000004     Sys_BIOs_config_pe66.oe66 (.const:ti_sysbios_knl_Semaphore_Module__loggerObj__C)
                  0081e078    00000004     Sys_BIOs_config_pe66.oe66 (.const:ti_sysbios_knl_Swi_LD_end__C)
                  0081e07c    00000004     Sys_BIOs_config_pe66.oe66 (.const:ti_sysbios_knl_Swi_LM_begin__C)
                  0081e080    00000004     Sys_BIOs_config_pe66.oe66 (.const:ti_sysbios_knl_Swi_LM_post__C)
                  0081e084    00000004     Sys_BIOs_config_pe66.oe66 (.const:ti_sysbios_knl_Swi_Module__diagsEnabled__C)
                  0081e088    00000004     Sys_BIOs_config_pe66.oe66 (.const:ti_sysbios_knl_Swi_Module__diagsIncluded__C)
                  0081e08c    00000004     Sys_BIOs_config_pe66.oe66 (.const:ti_sysbios_knl_Swi_Module__diagsMask__C)
                  0081e090    00000004     Sys_BIOs_config_pe66.oe66 (.const:ti_sysbios_knl_Swi_Module__loggerFxn1__C)
                  0081e094    00000004     Sys_BIOs_config_pe66.oe66 (.const:ti_sysbios_knl_Swi_Module__loggerFxn4__C)
                  0081e098    00000004     Sys_BIOs_config_pe66.oe66 (.const:ti_sysbios_knl_Swi_Module__loggerObj__C)
                  0081e09c    00000004     Sys_BIOs_config_pe66.oe66 (.const:ti_sysbios_knl_Swi_Object__count__C)
                  0081e0a0    00000004     Sys_BIOs_config_pe66.oe66 (.const:ti_sysbios_knl_Task_A_badTimeout__C)
                  0081e0a4    00000004     Sys_BIOs_config_pe66.oe66 (.const:ti_sysbios_knl_Task_A_sleepTaskDisabled__C)
                  0081e0a8    00000004     Sys_BIOs_config_pe66.oe66 (.const:ti_sysbios_knl_Task_E_spOutOfBounds__C)
                  0081e0ac    00000004     Sys_BIOs_config_pe66.oe66 (.const:ti_sysbios_knl_Task_E_stackOverflow__C)
                  0081e0b0    00000004     Sys_BIOs_config_pe66.oe66 (.const:ti_sysbios_knl_Task_LD_block__C)
                  0081e0b4    00000004     Sys_BIOs_config_pe66.oe66 (.const:ti_sysbios_knl_Task_LD_exit__C)
                  0081e0b8    00000004     Sys_BIOs_config_pe66.oe66 (.const:ti_sysbios_knl_Task_LD_ready__C)
                  0081e0bc    00000004     Sys_BIOs_config_pe66.oe66 (.const:ti_sysbios_knl_Task_LM_sleep__C)
                  0081e0c0    00000004     Sys_BIOs_config_pe66.oe66 (.const:ti_sysbios_knl_Task_LM_switch__C)
                  0081e0c4    00000004     Sys_BIOs_config_pe66.oe66 (.const:ti_sysbios_knl_Task_Module_State_inactiveQ__O)
                  0081e0c8    00000004     Sys_BIOs_config_pe66.oe66 (.const:ti_sysbios_knl_Task_Module_State_terminatedQ__O)
                  0081e0cc    00000004     Sys_BIOs_config_pe66.oe66 (.const:ti_sysbios_knl_Task_Module__diagsEnabled__C)
                  0081e0d0    00000004     Sys_BIOs_config_pe66.oe66 (.const:ti_sysbios_knl_Task_Module__diagsIncluded__C)
                  0081e0d4    00000004     Sys_BIOs_config_pe66.oe66 (.const:ti_sysbios_knl_Task_Module__diagsMask__C)
                  0081e0d8    00000004     Sys_BIOs_config_pe66.oe66 (.const:ti_sysbios_knl_Task_Module__loggerFxn2__C)
                  0081e0dc    00000004     Sys_BIOs_config_pe66.oe66 (.const:ti_sysbios_knl_Task_Module__loggerFxn4__C)
                  0081e0e0    00000004     Sys_BIOs_config_pe66.oe66 (.const:ti_sysbios_knl_Task_Module__loggerObj__C)
                  0081e0e4    00000004     Sys_BIOs_config_pe66.oe66 (.const:ti_sysbios_knl_Task_Object__count__C)
                  0081e0e8    00000004     Sys_BIOs_config_pe66.oe66 (.const:ti_sysbios_knl_Task_Object__heap__C)
                  0081e0ec    00000004     Sys_BIOs_config_pe66.oe66 (.const:ti_sysbios_knl_Task_allBlockedFunc__C)
                  0081e0f0    00000004     Sys_BIOs_config_pe66.oe66 (.const:ti_sysbios_knl_Task_numConstructedTasks__C)
                  0081e0f4    00000004     Sys_BIOs_config_pe66.oe66 (.const:ti_sysbios_timers_timer64_Timer_A_notAvailable__C)
                  0081e0f8    00000004     Sys_BIOs_config_pe66.oe66 (.const:ti_sysbios_timers_timer64_Timer_E_cannotSupport__C)
                  0081e0fc    00000004     Sys_BIOs_config_pe66.oe66 (.const:ti_sysbios_timers_timer64_Timer_Module__diagsEnabled__C)
                  0081e100    00000004     Sys_BIOs_config_pe66.oe66 (.const:ti_sysbios_timers_timer64_Timer_Module__diagsIncluded__C)
                  0081e104    00000004     Sys_BIOs_config_pe66.oe66 (.const:ti_sysbios_timers_timer64_Timer_Module__diagsMask__C)
                  0081e108    00000004     Sys_BIOs_config_pe66.oe66 (.const:ti_sysbios_timers_timer64_Timer_anyMask__C)
                  0081e10c    00000004     Sys_BIOs_config_pe66.oe66 (.const:ti_sysbios_timers_timer64_Timer_freqDivisor__C)
                  0081e110    00000004     Sys_BIOs_config_pe66.oe66 (.const:ti_sysbios_timers_timer64_Timer_numLocalTimers__C)
                  0081e114    00000004     Sys_BIOs_config_pe66.oe66 (.const:ti_sysbios_timers_timer64_Timer_numTimerDevices__C)
                  0081e118    00000004     Sys_BIOs_config_pe66.oe66 (.const:ti_sysbios_utils_Load_LS_cpuLoad__C)
                  0081e11c    00000004     Sys_BIOs_config_pe66.oe66 (.const:ti_sysbios_utils_Load_LS_hwiLoad__C)
                  0081e120    00000004     Sys_BIOs_config_pe66.oe66 (.const:ti_sysbios_utils_Load_LS_swiLoad__C)
                  0081e124    00000004     Sys_BIOs_config_pe66.oe66 (.const:ti_sysbios_utils_Load_LS_taskLoad__C)
                  0081e128    00000004     Sys_BIOs_config_pe66.oe66 (.const:ti_sysbios_utils_Load_Module_State_taskList__O)
                  0081e12c    00000004     Sys_BIOs_config_pe66.oe66 (.const:ti_sysbios_utils_Load_Module__diagsEnabled__C)
                  0081e130    00000004     Sys_BIOs_config_pe66.oe66 (.const:ti_sysbios_utils_Load_Module__diagsIncluded__C)
                  0081e134    00000004     Sys_BIOs_config_pe66.oe66 (.const:ti_sysbios_utils_Load_Module__diagsMask__C)
                  0081e138    00000004     Sys_BIOs_config_pe66.oe66 (.const:ti_sysbios_utils_Load_Module__loggerFxn1__C)
                  0081e13c    00000004     Sys_BIOs_config_pe66.oe66 (.const:ti_sysbios_utils_Load_Module__loggerFxn2__C)
                  0081e140    00000004     Sys_BIOs_config_pe66.oe66 (.const:ti_sysbios_utils_Load_Module__loggerFxn4__C)
                  0081e144    00000004     Sys_BIOs_config_pe66.oe66 (.const:ti_sysbios_utils_Load_Module__loggerObj__C)
                  0081e148    00000004     Sys_BIOs_config_pe66.oe66 (.const:ti_sysbios_utils_Load_postUpdate__C)
                  0081e14c    00000004     Sys_BIOs_config_pe66.oe66 (.const:ti_sysbios_utils_Load_windowInMs__C)
                  0081e150    00000004     Sys_BIOs_config_pe66.oe66 (.const:ti_uia_family_c66_TimestampC66XGlobal_timerBaseAdrs__C)
                  0081e154    00000004     Sys_BIOs_config_pe66.oe66 (.const:ti_uia_runtime_ILoggerSnapshot_Interface__BASE__C)
                  0081e158    00000004     Sys_BIOs_config_pe66.oe66 (.const:ti_uia_runtime_IUIATransfer_Interface__BASE__C)
                  0081e15c    00000004     Sys_BIOs_config_pe66.oe66 (.const:ti_uia_runtime_LoggerProbePoint_E_badLevel__C)
                  0081e160    00000004     Sys_BIOs_config_pe66.oe66 (.const:ti_uia_runtime_LoggerProbePoint_Object__count__C)
                  0081e164    00000004     Sys_BIOs_config_pe66.oe66 (.const:ti_uia_runtime_LoggerProbePoint_overflowLogger__C)
                  0081e168    00000004     Sys_BIOs_config_pe66.oe66 (.const:ti_uia_runtime_LoggerProbePoint_statusLogger__C)
                  0081e16c    00000004     Sys_BIOs_config_pe66.oe66 (.const:ti_uia_runtime_LoggerStopMode_E_badLevel__C)
                  0081e170    00000004     Sys_BIOs_config_pe66.oe66 (.const:ti_uia_runtime_LoggerStopMode_Object__count__C)
                  0081e174    00000004     Sys_BIOs_config_pe66.oe66 (.const:ti_uia_runtime_LoggerStopMode_overflowLogger__C)
                  0081e178    00000004     Sys_BIOs_config_pe66.oe66 (.const:ti_uia_runtime_LoggerStopMode_statusLogger__C)
                  0081e17c    00000004     Sys_BIOs_config_pe66.oe66 (.const:xdc_runtime_Assert_E_assertFailed__C)
                  0081e180    00000004     Sys_BIOs_config_pe66.oe66 (.const:xdc_runtime_Core_A_initializedParams__C)
                  0081e184    00000004     Sys_BIOs_config_pe66.oe66 (.const:xdc_runtime_Core_Module__diagsEnabled__C)
                  0081e188    00000004     Sys_BIOs_config_pe66.oe66 (.const:xdc_runtime_Core_Module__diagsIncluded__C)
                  0081e18c    00000004     Sys_BIOs_config_pe66.oe66 (.const:xdc_runtime_Core_Module__diagsMask__C)
                  0081e190    00000004     Sys_BIOs_config_pe66.oe66 (.const:xdc_runtime_Error_E_memory__C)
                  0081e194    00000004     Sys_BIOs_config_pe66.oe66 (.const:xdc_runtime_Error_Module__diagsEnabled__C)
                  0081e198    00000004     Sys_BIOs_config_pe66.oe66 (.const:xdc_runtime_Error_Module__diagsIncluded__C)
                  0081e19c    00000004     Sys_BIOs_config_pe66.oe66 (.const:xdc_runtime_Error_Module__diagsMask__C)
                  0081e1a0    00000004     Sys_BIOs_config_pe66.oe66 (.const:xdc_runtime_Error_Module__loggerFxn8__C)
                  0081e1a4    00000004     Sys_BIOs_config_pe66.oe66 (.const:xdc_runtime_Error_Module__loggerObj__C)
                  0081e1a8    00000004     Sys_BIOs_config_pe66.oe66 (.const:xdc_runtime_Error_policy__C)
                  0081e1ac    00000004     Sys_BIOs_config_pe66.oe66 (.const:xdc_runtime_Error_raiseHook__C)
                  0081e1b0    00000004     Sys_BIOs_config_pe66.oe66 (.const:xdc_runtime_IFilterLogger_Interface__BASE__C)
                  0081e1b4    00000004     Sys_BIOs_config_pe66.oe66 (.const:xdc_runtime_IGateProvider_Interface__BASE__C)
                  0081e1b8    00000004     Sys_BIOs_config_pe66.oe66 (.const:xdc_runtime_IHeap_Interface__BASE__C)
                  0081e1bc    00000004     Sys_BIOs_config_pe66.oe66 (.const:xdc_runtime_ILogger_Interface__BASE__C)
                  0081e1c0    00000004     Sys_BIOs_config_pe66.oe66 (.const:xdc_runtime_IModule_Interface__BASE__C)
                  0081e1c4    00000004     Sys_BIOs_config_pe66.oe66 (.const:xdc_runtime_Log_L_error__C)
                  0081e1c8    00000004     Sys_BIOs_config_pe66.oe66 (.const:xdc_runtime_LoggerBuf_E_badLevel__C)
                  0081e1cc    00000004     Sys_BIOs_config_pe66.oe66 (.const:xdc_runtime_LoggerBuf_Module__gateObj__C)
                  0081e1d0    00000004     Sys_BIOs_config_pe66.oe66 (.const:xdc_runtime_LoggerBuf_Object__count__C)
                  0081e1d4    00000004     Sys_BIOs_config_pe66.oe66 (.const:xdc_runtime_LoggerBuf_statusLogger__C)
                  0081e1d8    00000004     Sys_BIOs_config_pe66.oe66 (.const:xdc_runtime_Memory_defaultHeapInstance__C)
                  0081e1dc    00000004     Sys_BIOs_config_pe66.oe66 (.const:xdc_runtime_Startup_execImpl__C)
                  0081e1e0    00000004     Sys_BIOs_config_pe66.oe66 (.const:xdc_runtime_Startup_lastFxns__A)
                  0081e1e4    00000004     Sys_BIOs_config_pe66.oe66 (.const:xdc_runtime_Startup_maxPasses__C)
                  0081e1e8    00000004     Sys_BIOs_config_pe66.oe66 (.const:xdc_runtime_Startup_sfxnRts__C)
                  0081e1ec    00000004     Sys_BIOs_config_pe66.oe66 (.const:xdc_runtime_Startup_sfxnTab__C)
                  0081e1f0    00000004     Sys_BIOs_config_pe66.oe66 (.const:xdc_runtime_SysMin_bufSize__C)
                  0081e1f4    00000004     Sys_BIOs_config_pe66.oe66 (.const:xdc_runtime_SysMin_outputFunc__C)
                  0081e1f8    00000004     Sys_BIOs_config_pe66.oe66 (.const:xdc_runtime_System_Module__gateObj__C)
                  0081e1fc    00000004     Sys_BIOs_config_pe66.oe66 (.const:xdc_runtime_System_extendFxn__C)
                  0081e200    00000004     Sys_BIOs_config_pe66.oe66 (.const:xdc_runtime_System_maxAtexitHandlers__C)
                  0081e204    00000004     Sys_BIOs_config_pe66.oe66 (.const:xdc_runtime_Text_charTab__C)
                  0081e208    00000004     Sys_BIOs_config_pe66.oe66 (.const:xdc_runtime_Text_nameEmpty__C)
                  0081e20c    00000004     Sys_BIOs_config_pe66.oe66 (.const:xdc_runtime_Text_nameStatic__C)
                  0081e210    00000004     Sys_BIOs_config_pe66.oe66 (.const:xdc_runtime_Text_nameUnknown__C)
                  0081e214    00000004     Sys_BIOs_config_pe66.oe66 (.const:xdc_runtime_Text_nodeTab__C)
                  0081e218    00000004     Sys_BIOs_config_pe66.oe66 (.const:xdc_runtime_Text_visitRopeFxn__C)
                  0081e21c    00000002     Sys_BIOs_config_pe66.oe66 (.const:ti_sysbios_family_c64p_Exception_useInternalBuffer__C)
                  0081e21e    00000002     Sys_BIOs_config_pe66.oe66 (.const:ti_sysbios_family_c64p_Hwi_Module__id__C)
                  0081e220    00000002     Sys_BIOs_config_pe66.oe66 (.const:ti_sysbios_family_c64p_Hwi_Module__loggerDefined__C)
                  0081e222    00000002     Sys_BIOs_config_pe66.oe66 (.const:ti_sysbios_gates_GateMutex_Module__id__C)
                  0081e224    00000002     Sys_BIOs_config_pe66.oe66 (.const:ti_sysbios_hal_Hwi_Module__id__C)
                  0081e226    00000002     Sys_BIOs_config_pe66.oe66 (.const:ti_sysbios_heaps_HeapMem_Module__id__C)
                  0081e228    00000002     Sys_BIOs_config_pe66.oe66 (.const:ti_sysbios_knl_Clock_Module__id__C)
                  0081e22a    00000002     Sys_BIOs_config_pe66.oe66 (.const:ti_sysbios_knl_Clock_Module__loggerDefined__C)
                  0081e22c    00000002     Sys_BIOs_config_pe66.oe66 (.const:ti_sysbios_knl_Semaphore_Module__id__C)
                  0081e22e    00000002     Sys_BIOs_config_pe66.oe66 (.const:ti_sysbios_knl_Semaphore_Module__loggerDefined__C)
                  0081e230    00000002     Sys_BIOs_config_pe66.oe66 (.const:ti_sysbios_knl_Swi_Module__id__C)
                  0081e232    00000002     Sys_BIOs_config_pe66.oe66 (.const:ti_sysbios_knl_Swi_Module__loggerDefined__C)
                  0081e234    00000002     Sys_BIOs_config_pe66.oe66 (.const:ti_sysbios_knl_Task_Module__id__C)
                  0081e236    00000002     Sys_BIOs_config_pe66.oe66 (.const:ti_sysbios_knl_Task_Module__loggerDefined__C)
                  0081e238    00000002     Sys_BIOs_config_pe66.oe66 (.const:ti_sysbios_knl_Task_deleteTerminatedTasks__C)
                  0081e23a    00000002     Sys_BIOs_config_pe66.oe66 (.const:ti_sysbios_knl_Task_initStackFlag__C)
                  0081e23c    00000002     Sys_BIOs_config_pe66.oe66 (.const:ti_sysbios_timers_timer64_Timer_Module__id__C)
                  0081e23e    00000002     Sys_BIOs_config_pe66.oe66 (.const:ti_sysbios_timers_timer64_Timer_startupNeeded__C)
                  0081e240    00000002     Sys_BIOs_config_pe66.oe66 (.const:ti_sysbios_utils_Load_Module__id__C)
                  0081e242    00000002     Sys_BIOs_config_pe66.oe66 (.const:ti_sysbios_utils_Load_Module__loggerDefined__C)
                  0081e244    00000002     Sys_BIOs_config_pe66.oe66 (.const:ti_sysbios_utils_Load_autoAddTasks__C)
                  0081e246    00000002     Sys_BIOs_config_pe66.oe66 (.const:ti_sysbios_utils_Load_hwiEnabled__C)
                  0081e248    00000002     Sys_BIOs_config_pe66.oe66 (.const:ti_sysbios_utils_Load_swiEnabled__C)
                  0081e24a    00000002     Sys_BIOs_config_pe66.oe66 (.const:ti_sysbios_utils_Load_taskEnabled__C)
                  0081e24c    00000002     Sys_BIOs_config_pe66.oe66 (.const:ti_sysbios_utils_Load_updateInIdle__C)
                  0081e24e    00000002     Sys_BIOs_config_pe66.oe66 (.const:ti_uia_runtime_LoggerProbePoint_Module__id__C)
                  0081e250    00000002     Sys_BIOs_config_pe66.oe66 (.const:ti_uia_runtime_LoggerProbePoint_filterByLevel__C)
                  0081e252    00000002     Sys_BIOs_config_pe66.oe66 (.const:ti_uia_runtime_LoggerProbePoint_isTimestampEnabled__C)
                  0081e254    00000002     Sys_BIOs_config_pe66.oe66 (.const:ti_uia_runtime_LoggerStopMode_Module__id__C)
                  0081e256    00000002     Sys_BIOs_config_pe66.oe66 (.const:ti_uia_runtime_LoggerStopMode_filterByLevel__C)
                  0081e258    00000002     Sys_BIOs_config_pe66.oe66 (.const:ti_uia_runtime_LoggerStopMode_isTimestampEnabled__C)
                  0081e25a    00000002     Sys_BIOs_config_pe66.oe66 (.const:xdc_runtime_Core_Module__id__C)
                  0081e25c    00000002     Sys_BIOs_config_pe66.oe66 (.const:xdc_runtime_Error_Module__loggerDefined__C)
                  0081e25e    00000002     Sys_BIOs_config_pe66.oe66 (.const:xdc_runtime_Error_maxDepth__C)
                  0081e260    00000002     Sys_BIOs_config_pe66.oe66 (.const:xdc_runtime_LoggerBuf_Module__id__C)
                  0081e262    00000002     Sys_BIOs_config_pe66.oe66 (.const:xdc_runtime_LoggerBuf_filterByLevel__C)
                  0081e264    00000002     Sys_BIOs_config_pe66.oe66 (.const:xdc_runtime_Memory_Module__id__C)
                  0081e266    00000002     Sys_BIOs_config_pe66.oe66 (.const:xdc_runtime_SysMin_flushAtExit__C)
                  0081e268    00000002     Sys_BIOs_config_pe66.oe66 (.const:xdc_runtime_Text_charCnt__C)
                  0081e26a    00000002     Sys_BIOs_config_pe66.oe66 (.const:xdc_runtime_Text_isLoaded__C)
                  0081e26c    00000002     Sys_BIOs_config_pe66.oe66 (.const:xdc_runtime_Text_registryModsLastId__C)
                  0081e26e    00000002     Sys_BIOs_config_pe66.oe66 (.const:xdc_runtime_Text_unnamedModsLastId__C)

.stack     0    0081e270    00001000     UNINITIALIZED
                  0081e270    00000008     boot.ae66 : boot.oe66 (.stack)
                  0081e278    00000ff8     --HOLE--

.fardata.2 
*          0    0081f270    00000d94     
                  0081f270    000002e0     Sys_BIOs_config_pe66.oe66 (.fardata)
                  0081f550    000001e0     rts6600_elf.lib : defs.obj (.fardata:_ftable)
                  0081f730    00000180     Sys_BIOs_config_pe66.oe66 (.fardata:ti_sysbios_timers_timer64_Timer_Module_State_0_device__A)
                  0081f8b0    00000114     Sys_BIOs_config_pe66.oe66 (.fardata:ti_uia_runtime_LoggerProbePoint_Object__table__V)
                  0081f9c4    00000004     rts6600_elf.lib : defs.obj (.fardata)
                  0081f9c8    000000a0                     : lowlev.obj (.fardata:_stream)
                  0081fa68    000000a0     Sys_BIOs_config_pe66.oe66 (.fardata:ti_sysbios_knl_Task_Object__table__V)
                  0081fb08    00000080     Sys_BIOs_config_pe66.oe66 (.fardata:ti_sysbios_knl_Swi_Module_State_0_readyQ__A)
                  0081fb88    00000080     Sys_BIOs_config_pe66.oe66 (.fardata:ti_sysbios_knl_Task_Module_State_0_readyQ__A)
                  0081fc08    00000080     Sys_BIOs_config_pe66.oe66 (.fardata:ti_sysbios_timers_timer64_Timer_Module_State_0_gctrl__A)
[...]
00816380   xdc_runtime_Gate_enterSystem__F
008163e0   xdc_runtime_LoggerBuf_Module_GateProxy_enter__E
00816400   xdc_runtime_LoggerBuf_Module_GateProxy_leave__E
00816420   xdc_runtime_LoggerBuf_disable__E
00816420   xdc_runtime_LoggerBuf_disable__F
00816440   xdc_runtime_LoggerBuf_enable__E
00816440   xdc_runtime_LoggerBuf_enable__F
00816460   xdc_runtime_Memory_HeapProxy_alloc__E
00816480   xdc_runtime_Memory_HeapProxy_free__E
008164a0   xdc_runtime_Startup_exec__I
008164c0   xdc_runtime_Startup_reset__I
008164e0   xdc_runtime_SysMin_ready__E
008164e0   xdc_runtime_SysMin_ready__F
008164e0   xdc_runtime_System_SupportProxy_ready__E
00816500   xdc_runtime_System_Module_GateProxy_enter__E
00816520   xdc_runtime_System_Module_GateProxy_leave__E
00816540   xdc_runtime_System_Module_startup__E
00816540   xdc_runtime_System_Module_startup__F
00816560   xdc_runtime_System_exit__E
00816560   xdc_runtime_System_exit__F
00816580   xdc_runtime_System_lastFxn__I
008165a0   xdc_runtime_System_snprintf_va__E
008165a0   xdc_runtime_System_snprintf_va__F
008165a0   xdc_runtime_System_vsnprintf__E
008165a0   xdc_runtime_System_vsnprintf__F
008165c0   xdc_runtime_Text_visitRope__I
008165e0   xdc_runtime_Timestamp_Module__startupDone__S
00816600   ti_sysbios_heaps_HeapMem_Instance_State_0_buf__A
00817600   ti_sysbios_knl_Task_Instance_State_0_hookEnv__A
00817608   ti_sysbios_knl_Task_Instance_State_1_hookEnv__A
00817610   ti_uia_runtime_LoggerProbePoint_Instance_State_0_bufferArray__A
00817890   ti_uia_runtime_LoggerProbePoint_Instance_State_1_bufferArray__A
00817d10   ti_uia_runtime_LoggerProbePoint_Instance_State_2_bufferArray__A
00818190   ti_uia_runtime_LoggerStopMode_Instance_State_0_bufferArray__A
00818410   xdc_runtime_LoggerBuf_Instance_State_0_entryArr__A
00818810   xdc_runtime_SysMin_Module_State_0_outbuf__A
00818c10   ti_sysbios_knl_Task_Instance_State_0_stack__A
00819410   ti_sysbios_knl_Task_Instance_State_1_stack__A
00819c10   data
0081a900   _tmpnams
0081aa40   gtz_out
0081aa60   freqs_results
0081aa78   _lock
0081aa7c   _unlock
0081aa80   xdc_runtime_Text_charTab__A
0081d2ae   ti_sysbios_BIOS_Module__id__C
0081d2b0   ti_sysbios_family_c66_Cache_marvalues__C
0081d6b0   xdc_runtime_Text_nodeTab__A
0081d7d8   _ctypes_
0081d8da   ti_sysbios_family_c64p_Exception_Module__id__C
0081d944   ti_uia_runtime_LoggerProbePoint_Module__FXNS__C
0081d9a4   ti_uia_runtime_LoggerStopMode_Module__FXNS__C
0081daa8   xdc_runtime_Startup_sfxnTab__A
0081db68   xdc_runtime_LoggerBuf_Module__FXNS__C
0081dba4   ti_uia_runtime_LoggerProbePoint_Object__PARAMS__C
0081dbd8   ti_uia_runtime_LoggerStopMode_Object__PARAMS__C
0081dc0c   ti_sysbios_BIOS_Module__diagsEnabled__C
0081dc10   ti_sysbios_knl_Task_hooks__A
0081dc6c   ti_sysbios_heaps_HeapMem_Module__FXNS__C
0081dc94   xdc_runtime_LoggerBuf_Object__PARAMS__C
0081dcbc   ti_sysbios_gates_GateHwi_Module__FXNS__C
0081dce0   ti_sysbios_gates_GateMutex_Module__FXNS__C
0081dd04   ti_sysbios_heaps_HeapMem_Object__PARAMS__C
0081dd28   ti_sysbios_knl_Clock_Object__PARAMS__C
0081dd4c   ti_sysbios_knl_Semaphore_Object__PARAMS__C
0081dd94   ti_sysbios_BIOS_Module__diagsIncluded__C
0081dd98   xdc_runtime_Startup_sfxnRts__A
0081ddba   ti_sysbios_family_c64p_Exception_enableExternalMPC__C
0081ddbc   ti_sysbios_gates_GateHwi_Object__DESC__C
0081dddc   ti_sysbios_gates_GateMutex_Object__DESC__C
0081ddfc   ti_sysbios_heaps_HeapMem_Object__DESC__C
0081de1c   ti_sysbios_knl_Clock_Object__DESC__C
0081de3c   ti_sysbios_knl_Queue_Object__DESC__C
0081de5c   ti_sysbios_knl_Semaphore_Object__DESC__C
0081de7c   ti_uia_runtime_LoggerProbePoint_Object__DESC__C
0081de9c   ti_uia_runtime_LoggerStopMode_Object__DESC__C
0081debc   xdc_runtime_LoggerBuf_Object__DESC__C
0081dedc   ti_sysbios_gates_GateHwi_Object__PARAMS__C
0081def4   ti_sysbios_gates_GateMutex_Object__PARAMS__C
0081df0c   ti_sysbios_knl_Queue_Object__PARAMS__C
0081df24   ti_sysbios_family_c66_Cache_initSize__C
0081df42   ti_sysbios_family_c64p_Exception_enablePrint__C
0081df4c   ti_sysbios_BIOS_Module__diagsMask__C
0081df50   ti_sysbios_knl_Idle_coreList__A
0081df58   ti_sysbios_knl_Idle_coreList__C
0081df60   ti_sysbios_knl_Idle_funcList__A
0081df68   ti_sysbios_knl_Idle_funcList__C
0081df70   ti_sysbios_knl_Task_hooks__C
0081df78   xdc_runtime_Startup_firstFxns__A
0081df80   xdc_runtime_Startup_firstFxns__C
0081df88   xdc_runtime_Startup_lastFxns__C
0081df90   ti_sysbios_BIOS_installedErrorHook__C
0081df94   ti_sysbios_family_c64p_Exception_E_exceptionMax__C
0081df98   ti_sysbios_family_c64p_Exception_E_exceptionMin__C
0081df9c   ti_sysbios_family_c64p_Exception_exceptionHook__C
0081dfa0   ti_sysbios_family_c64p_Exception_externalHook__C
0081dfa4   ti_sysbios_family_c64p_Exception_internalHook__C
0081dfa8   ti_sysbios_family_c64p_Exception_nmiHook__C
0081dfac   ti_sysbios_family_c64p_Hwi_LD_end__C
0081dfb0   ti_sysbios_family_c64p_Hwi_LM_begin__C
0081dfb4   ti_sysbios_family_c64p_Hwi_Module__diagsEnabled__C
0081dfb8   ti_sysbios_family_c64p_Hwi_Module__diagsIncluded__C
0081dfbc   ti_sysbios_family_c64p_Hwi_Module__diagsMask__C
0081dfc0   ti_sysbios_family_c64p_Hwi_Module__loggerFxn1__C
0081dfc4   ti_sysbios_family_c64p_Hwi_Module__loggerFxn8__C
0081dfc8   ti_sysbios_family_c64p_Hwi_Module__loggerObj__C
0081dfcc   ti_sysbios_gates_GateMutex_A_badContext__C
0081dfd0   ti_sysbios_gates_GateMutex_Instance_State_sem__O
0081dfd4   ti_sysbios_gates_GateMutex_Module__diagsEnabled__C
0081dfd8   ti_sysbios_gates_GateMutex_Module__diagsIncluded__C
0081dfdc   ti_sysbios_gates_GateMutex_Module__diagsMask__C
0081dfe0   ti_sysbios_hal_Hwi_E_stackOverflow__C
0081dfe4   ti_sysbios_heaps_HeapMem_A_align__C
0081dfe8   ti_sysbios_heaps_HeapMem_A_heapSize__C
0081dfec   ti_sysbios_heaps_HeapMem_A_invalidFree__C
0081dff0   ti_sysbios_heaps_HeapMem_A_zeroBlock__C
0081dff4   ti_sysbios_heaps_HeapMem_E_memory__C
0081dff8   ti_sysbios_heaps_HeapMem_Module__diagsEnabled__C
0081dffc   ti_sysbios_heaps_HeapMem_Module__diagsIncluded__C
0081e000   ti_sysbios_heaps_HeapMem_Module__diagsMask__C
0081e004   ti_sysbios_heaps_HeapMem_Module__gateObj__C
0081e008   ti_sysbios_heaps_HeapMem_Object__count__C
0081e00c   ti_sysbios_heaps_HeapMem_reqAlign__C
0081e010   ti_sysbios_knl_Clock_A_badThreadType__C
0081e014   ti_sysbios_knl_Clock_LM_begin__C
0081e018   ti_sysbios_knl_Clock_LM_tick__C
0081e01c   ti_sysbios_knl_Clock_LW_delayed__C
0081e020   ti_sysbios_knl_Clock_Module_State_clockQ__O
0081e024   ti_sysbios_knl_Clock_Module__diagsEnabled__C
0081e028   ti_sysbios_knl_Clock_Module__diagsIncluded__C
0081e02c   ti_sysbios_knl_Clock_Module__diagsMask__C
0081e030   ti_sysbios_knl_Clock_Module__loggerFxn1__C
0081e034   ti_sysbios_knl_Clock_Module__loggerFxn2__C
0081e038   ti_sysbios_knl_Clock_Module__loggerObj__C
0081e03c   ti_sysbios_knl_Clock_tickMode__C
0081e040   ti_sysbios_knl_Clock_tickSource__C
0081e044   ti_sysbios_knl_Semaphore_A_badContext__C
0081e048   ti_sysbios_knl_Semaphore_A_noEvents__C
0081e04c   ti_sysbios_knl_Semaphore_A_overflow__C
0081e050   ti_sysbios_knl_Semaphore_A_pendTaskDisabled__C
0081e054   ti_sysbios_knl_Semaphore_Instance_State_pendQ__O
0081e058   ti_sysbios_knl_Semaphore_LM_pend__C
0081e05c   ti_sysbios_knl_Semaphore_LM_post__C
0081e060   ti_sysbios_knl_Semaphore_Module__diagsEnabled__C
0081e064   ti_sysbios_knl_Semaphore_Module__diagsIncluded__C
0081e068   ti_sysbios_knl_Semaphore_Module__diagsMask__C
0081e06c   ti_sysbios_knl_Semaphore_Module__loggerFxn2__C
0081e070   ti_sysbios_knl_Semaphore_Module__loggerFxn4__C
0081e074   ti_sysbios_knl_Semaphore_Module__loggerObj__C
0081e078   ti_sysbios_knl_Swi_LD_end__C
0081e07c   ti_sysbios_knl_Swi_LM_begin__C
0081e080   ti_sysbios_knl_Swi_LM_post__C
0081e084   ti_sysbios_knl_Swi_Module__diagsEnabled__C
0081e088   ti_sysbios_knl_Swi_Module__diagsIncluded__C
0081e08c   ti_sysbios_knl_Swi_Module__diagsMask__C
0081e090   ti_sysbios_knl_Swi_Module__loggerFxn1__C
0081e094   ti_sysbios_knl_Swi_Module__loggerFxn4__C
0081e098   ti_sysbios_knl_Swi_Module__loggerObj__C
0081e09c   ti_sysbios_knl_Swi_Object__count__C
0081e0a0   ti_sysbios_knl_Task_A_badTimeout__C
0081e0a4   ti_sysbios_knl_Task_A_sleepTaskDisabled__C
0081e0a8   ti_sysbios_knl_Task_E_spOutOfBounds__C
0081e0ac   ti_sysbios_knl_Task_E_stackOverflow__C
0081e0b0   ti_sysbios_knl_Task_LD_block__C
0081e0b4   ti_sysbios_knl_Task_LD_exit__C
0081e0b8   ti_sysbios_knl_Task_LD_ready__C
0081e0bc   ti_sysbios_knl_Task_LM_sleep__C
0081e0c0   ti_sysbios_knl_Task_LM_switch__C
0081e0c4   ti_sysbios_knl_Task_Module_State_inactiveQ__O
0081e0c8   ti_sysbios_knl_Task_Module_State_terminatedQ__O
0081e0cc   ti_sysbios_knl_Task_Module__diagsEnabled__C
0081e0d0   ti_sysbios_knl_Task_Module__diagsIncluded__C
0081e0d4   ti_sysbios_knl_Task_Module__diagsMask__C
0081e0d8   ti_sysbios_knl_Task_Module__loggerFxn2__C
0081e0dc   ti_sysbios_knl_Task_Module__loggerFxn4__C
0081e0e0   ti_sysbios_knl_Task_Module__loggerObj__C
0081e0e4   ti_sysbios_knl_Task_Object__count__C
0081e0e8   ti_sysbios_knl_Task_Object__heap__C
0081e0ec   ti_sysbios_knl_Task_allBlockedFunc__C
0081e0f0   ti_sysbios_knl_Task_numConstructedTasks__C
0081e0f4   ti_sysbios_timers_timer64_Timer_A_notAvailable__C
0081e0f8   ti_sysbios_timers_timer64_Timer_E_cannotSupport__C
0081e0fc   ti_sysbios_timers_timer64_Timer_Module__diagsEnabled__C
0081e100   ti_sysbios_timers_timer64_Timer_Module__diagsIncluded__C
0081e104   ti_sysbios_timers_timer64_Timer_Module__diagsMask__C
0081e108   ti_sysbios_timers_timer64_Timer_anyMask__C
0081e10c   ti_sysbios_timers_timer64_Timer_freqDivisor__C
0081e110   ti_sysbios_timers_timer64_Timer_numLocalTimers__C
0081e114   ti_sysbios_timers_timer64_Timer_numTimerDevices__C
0081e118   ti_sysbios_utils_Load_LS_cpuLoad__C
0081e11c   ti_sysbios_utils_Load_LS_hwiLoad__C
0081e120   ti_sysbios_utils_Load_LS_swiLoad__C
0081e124   ti_sysbios_utils_Load_LS_taskLoad__C
0081e128   ti_sysbios_utils_Load_Module_State_taskList__O
0081e12c   ti_sysbios_utils_Load_Module__diagsEnabled__C
0081e130   ti_sysbios_utils_Load_Module__diagsIncluded__C
0081e134   ti_sysbios_utils_Load_Module__diagsMask__C
0081e138   ti_sysbios_utils_Load_Module__loggerFxn1__C
0081e13c   ti_sysbios_utils_Load_Module__loggerFxn2__C
0081e140   ti_sysbios_utils_Load_Module__loggerFxn4__C
0081e144   ti_sysbios_utils_Load_Module__loggerObj__C
0081e148   ti_sysbios_utils_Load_postUpdate__C
0081e14c   ti_sysbios_utils_Load_windowInMs__C
0081e150   ti_uia_family_c66_TimestampC66XGlobal_timerBaseAdrs__C
0081e154   ti_uia_runtime_ILoggerSnapshot_Interface__BASE__C
0081e158   ti_uia_runtime_IUIATransfer_Interface__BASE__C
0081e15c   ti_uia_runtime_LoggerProbePoint_E_badLevel__C
0081e160   ti_uia_runtime_LoggerProbePoint_Object__count__C
0081e164   ti_uia_runtime_LoggerProbePoint_overflowLogger__C
0081e168   ti_uia_runtime_LoggerProbePoint_statusLogger__C
0081e16c   ti_uia_runtime_LoggerStopMode_E_badLevel__C
0081e170   ti_uia_runtime_LoggerStopMode_Object__count__C
0081e174   ti_uia_runtime_LoggerStopMode_overflowLogger__C
0081e178   ti_uia_runtime_LoggerStopMode_statusLogger__C
0081e17c   xdc_runtime_Assert_E_assertFailed__C
0081e180   xdc_runtime_Core_A_initializedParams__C
0081e184   xdc_runtime_Core_Module__diagsEnabled__C
0081e188   xdc_runtime_Core_Module__diagsIncluded__C
0081e18c   xdc_runtime_Core_Module__diagsMask__C
0081e190   xdc_runtime_Error_E_memory__C
0081e194   xdc_runtime_Error_Module__diagsEnabled__C
0081e198   xdc_runtime_Error_Module__diagsIncluded__C
0081e19c   xdc_runtime_Error_Module__diagsMask__C
0081e1a0   xdc_runtime_Error_Module__loggerFxn8__C
0081e1a4   xdc_runtime_Error_Module__loggerObj__C
0081e1a8   xdc_runtime_Error_policy__C
0081e1ac   xdc_runtime_Error_raiseHook__C
0081e1b0   xdc_runtime_IFilterLogger_Interface__BASE__C
0081e1b4   xdc_runtime_IGateProvider_Interface__BASE__C
0081e1b8   xdc_runtime_IHeap_Interface__BASE__C
0081e1bc   xdc_runtime_ILogger_Interface__BASE__C
0081e1c0   xdc_runtime_IModule_Interface__BASE__C
0081e1c4   xdc_runtime_Log_L_error__C
0081e1c8   xdc_runtime_LoggerBuf_E_badLevel__C
0081e1cc   xdc_runtime_LoggerBuf_Module__gateObj__C
0081e1d0   xdc_runtime_LoggerBuf_Object__count__C
0081e1d4   xdc_runtime_LoggerBuf_statusLogger__C
0081e1d8   xdc_runtime_Memory_defaultHeapInstance__C
0081e1dc   xdc_runtime_Startup_execImpl__C
0081e1e0   xdc_runtime_Startup_lastFxns__A
0081e1e4   xdc_runtime_Startup_maxPasses__C
0081e1e8   xdc_runtime_Startup_sfxnRts__C
0081e1ec   xdc_runtime_Startup_sfxnTab__C
0081e1f0   xdc_runtime_SysMin_bufSize__C
0081e1f4   xdc_runtime_SysMin_outputFunc__C
0081e1f8   xdc_runtime_System_Module__gateObj__C
0081e1fc   xdc_runtime_System_extendFxn__C
0081e200   xdc_runtime_System_maxAtexitHandlers__C
0081e204   xdc_runtime_Text_charTab__C
0081e208   xdc_runtime_Text_nameEmpty__C
0081e20c   xdc_runtime_Text_nameStatic__C
0081e210   xdc_runtime_Text_nameUnknown__C
0081e214   xdc_runtime_Text_nodeTab__C
0081e218   xdc_runtime_Text_visitRopeFxn__C
0081e21c   ti_sysbios_family_c64p_Exception_useInternalBuffer__C
0081e21e   ti_sysbios_family_c64p_Hwi_Module__id__C
0081e220   ti_sysbios_family_c64p_Hwi_Module__loggerDefined__C
0081e222   ti_sysbios_gates_GateMutex_Module__id__C
0081e224   ti_sysbios_hal_Hwi_Module__id__C
0081e226   ti_sysbios_heaps_HeapMem_Module__id__C
0081e228   ti_sysbios_knl_Clock_Module__id__C
0081e22a   ti_sysbios_knl_Clock_Module__loggerDefined__C
0081e22c   ti_sysbios_knl_Semaphore_Module__id__C
0081e22e   ti_sysbios_knl_Semaphore_Module__loggerDefined__C
0081e230   ti_sysbios_knl_Swi_Module__id__C
0081e232   ti_sysbios_knl_Swi_Module__loggerDefined__C
0081e234   ti_sysbios_knl_Task_Module__id__C
0081e236   ti_sysbios_knl_Task_Module__loggerDefined__C
0081e238   ti_sysbios_knl_Task_deleteTerminatedTasks__C
0081e23a   ti_sysbios_knl_Task_initStackFlag__C
0081e23c   ti_sysbios_timers_timer64_Timer_Module__id__C
0081e23e   ti_sysbios_timers_timer64_Timer_startupNeeded__C
0081e240   ti_sysbios_utils_Load_Module__id__C
0081e242   ti_sysbios_utils_Load_Module__loggerDefined__C
0081e244   ti_sysbios_utils_Load_autoAddTasks__C
0081e246   ti_sysbios_utils_Load_hwiEnabled__C
0081e248   ti_sysbios_utils_Load_swiEnabled__C
0081e24a   ti_sysbios_utils_Load_taskEnabled__C
0081e24c   ti_sysbios_utils_Load_updateInIdle__C
0081e24e   ti_uia_runtime_LoggerProbePoint_Module__id__C
0081e250   ti_uia_runtime_LoggerProbePoint_filterByLevel__C
0081e252   ti_uia_runtime_LoggerProbePoint_isTimestampEnabled__C
0081e254   ti_uia_runtime_LoggerStopMode_Module__id__C
0081e256   ti_uia_runtime_LoggerStopMode_filterByLevel__C
0081e258   ti_uia_runtime_LoggerStopMode_isTimestampEnabled__C
0081e25a   xdc_runtime_Core_Module__id__C
0081e25c   xdc_runtime_Error_Module__loggerDefined__C
0081e25e   xdc_runtime_Error_maxDepth__C
0081e260   xdc_runtime_LoggerBuf_Module__id__C
0081e262   xdc_runtime_LoggerBuf_filterByLevel__C
0081e264   xdc_runtime_Memory_Module__id__C
0081e266   xdc_runtime_SysMin_flushAtExit__C
0081e268   xdc_runtime_Text_charCnt__C
0081e26a   xdc_runtime_Text_isLoaded__C
0081e26c   xdc_runtime_Text_registryModsLastId__C
0081e26e   xdc_runtime_Text_unnamedModsLastId__C
0081e270   _stack
0081f270   __TI_STACK_END
0081f270   ti_sysbios_BIOS_Module__state__V
0081f290   ti_sysbios_family_c64p_Exception_Module__state__V
0081f2c0   ti_sysbios_family_c64p_Hwi_Module__root__V
0081f2c8   ti_sysbios_family_c64p_Hwi_Module__state__V
0081f330   ti_sysbios_gates_GateHwi_Module__root__V
0081f338   ti_sysbios_gates_GateMutex_Module__root__V
0081f340   ti_sysbios_hal_Hwi_Module__root__V
0081f348   ti_sysbios_hal_Timer_Module__root__V
0081f350   ti_sysbios_heaps_HeapMem_Module__root__V
0081f358   ti_sysbios_knl_Clock_Module__root__V
0081f360   ti_sysbios_knl_Clock_Module__state__V
0081f388   ti_sysbios_knl_Event_Module__root__V
0081f394   ti_sysbios_knl_Queue_Module__root__V
0081f39c   ti_sysbios_knl_Semaphore_Module__root__V
0081f3a8   ti_sysbios_knl_Swi_Module__root__V
0081f3b4   ti_sysbios_knl_Swi_Module__state__V
0081f3d0   ti_sysbios_knl_Task_Module__root__V
0081f3dc   ti_sysbios_knl_Task_Module__state__V
0081f420   ti_sysbios_timers_timer64_Timer_Module__root__V
0081f428   ti_sysbios_timers_timer64_Timer_Module__state__V
0081f43c   ti_sysbios_utils_Load_Module__root__V
0081f440   ti_sysbios_utils_Load_Module__state__V
0081f4bc   ti_uia_family_c66_TimestampC66XGlobal_Module__root__V
0081f4c4   ti_uia_runtime_LogSync_Module__root__V
0081f4cc   ti_uia_runtime_LogSync_Module__state__V
0081f4d8   ti_uia_runtime_LoggerProbePoint_Module__root__V
0081f4e0   ti_uia_runtime_LoggerProbePoint_Module__state__V
0081f4e8   ti_uia_runtime_LoggerStopMode_Module__root__V
0081f4f0   ti_uia_runtime_LoggerStopMode_Module__state__V
0081f4f8   ti_uia_runtime_QueueDescriptor_Module__state__V
0081f504   xdc_runtime_Error_Module__state__V
0081f508   xdc_runtime_LoggerBuf_Module__root__V
0081f510   xdc_runtime_LoggerBuf_Module__state__V
0081f516   xdc_runtime_Main_Module__root__V
0081f518   xdc_runtime_Memory_Module__state__V
0081f51c   xdc_runtime_Registry_Module__state__V
0081f524   xdc_runtime_Startup_Module__state__V
0081f52c   xdc_runtime_SysMin_Module__state__V
0081f538   xdc_runtime_System_Module__state__V
0081f544   xdc_runtime_Text_Module__state__V
0081f54c   __xdc__init__addr
0081f550   _ftable
0081f730   ti_sysbios_timers_timer64_Timer_Module_State_0_device__A
0081f8b0   ti_uia_runtime_LoggerProbePoint_Object__table__V
0081f9c4   _ft_end
0081fa68   ti_sysbios_knl_Task_Object__table__V
0081fab8   TSK_idle
0081fb08   ti_sysbios_knl_Swi_Module_State_0_readyQ__A
0081fb88   ti_sysbios_knl_Task_Module_State_0_readyQ__A
0081fc08   ti_sysbios_timers_timer64_Timer_Module_State_0_gctrl__A
0081fc88   ti_sysbios_timers_timer64_Timer_Module_State_0_handles__A
0081fd08   ti_sysbios_timers_timer64_Timer_Module_State_0_intFreqs__A
0081fe00   ti_uia_runtime_LoggerStopMode_Object__table__V
0081fe60   ti_sysbios_timers_timer64_Timer_Object__table__V
0081feb0   ti_sysbios_gates_GateMutex_Object__table__V
0081fef0   ti_sysbios_knl_Swi_Object__table__V
0081ff20   xdc_runtime_LoggerBuf_Object__table__V
0081ff48   ti_sysbios_family_c64p_Hwi_Object__table__V
0081ff60   ti_sysbios_heaps_HeapMem_Object__table__V
0081ff98   dtmf_coef
0081ffa8   dtmf_freqs
0081ffb8   xdc_runtime_System_Module_State_0_atexitHandlers__A
0081ffc8   _cleanup_ptr
0081ffcc   _dtors_ptr
0081ffd0   __TI_enable_exit_profile_output
0081ffd8   ti_sysbios_hal_Hwi_Object__table__V
0081ffe0   ti_sysbios_hal_Timer_Object__table__V
0081ffe8   ti_sysbios_gates_GateHwi_Object__table__V
0081fff0   ti_sysbios_knl_Task_Module_State_0_idleTask__A
0081fff8   ti_sysbios_utils_Load_Module_State_0_runningTask__A
00820000   ti_sysbios_utils_Load_Module_State_0_taskStartTime__A
00820008   __CIOBUF_
00820128   __TI_STATIC_BASE
00820128   tdiff
0082012c   tdiff_final
00820130   sample
00820134   buffer
00820144   ti_uia_runtime_QueueDescriptor_gPtrToFirstDescriptor
00820148   ti_uia_runtime_QueueDescriptor_gUpdateCount
0082014c   flag
00820400   ti_sysbios_family_c64p_Hwi0
00820400   ti_sysbios_family_c64p_Hwi_int0
00820420   ti_sysbios_family_c64p_Hwi_int1
00820440   ti_sysbios_family_c64p_Hwi_int2
00820460   ti_sysbios_family_c64p_Hwi_int3
00820480   ti_sysbios_family_c64p_Hwi_int4
008204a0   ti_sysbios_family_c64p_Hwi_int5
008204c0   ti_sysbios_family_c64p_Hwi_int6
008204e0   ti_sysbios_family_c64p_Hwi_int7
00820500   ti_sysbios_family_c64p_Hwi_int8
00820520   ti_sysbios_family_c64p_Hwi_int9
00820540   ti_sysbios_family_c64p_Hwi_int10
00820560   ti_sysbios_family_c64p_Hwi_int11
00820580   ti_sysbios_family_c64p_Hwi_int12
008205a0   ti_sysbios_family_c64p_Hwi_int13
008205c0   ti_sysbios_family_c64p_Hwi_int14
008205e0   ti_sysbios_family_c64p_Hwi_int15
00820dc8   __TI_Handler_Table_Base
00820dd4   __TI_Handler_Table_Limit
00820df0   __TI_CINIT_Base
00820e18   __TI_CINIT_Limit
ffffffff   __TI_pprof_out_hndl
ffffffff   __TI_prof_data_size
ffffffff   __TI_prof_data_start
ffffffff   __binit__
ffffffff   __c_args__
ffffffff   binit
UNDEFED    __TI_INITARRAY_Base
UNDEFED    __TI_INITARRAY_Limit

[879 symbols]
