******************************************************************************
               TMS320C6x Linker PC v7.4.4                      
******************************************************************************
>> Linked Sat Mar 11 12:42:59 2023

OUTPUT FILE NAME:   <GTZ_One_freq.out>
ENTRY POINT SYMBOL: "_c_int00"  address: 0080d800


MEMORY CONFIGURATION

         name            origin    length      used     unused   attr    fill
----------------------  --------  ---------  --------  --------  ----  --------
  L2SRAM                00800000   00080000  0001b200  00064e00  RW X
  MSMCSRAM              0c000000   00400000  00000000  00400000  RW X
  DDR2                  80000000   10000000  00000000  10000000  RWIX


SEGMENT ALLOCATION MAP

run origin  load origin   length   init length attrs members
----------  ----------- ---------- ----------- ----- -------
00800000    00800000    000115c0   000115c0    r-x
  00800000    00800000    000115c0   000115c0    r-x .text
008115c0    008115c0    00003e40   00000000    rw-
  008115c0    008115c0    00003e40   00000000    rw- .far
00815400    00815400    000036d4   000036d4    r--
  00815400    00815400    000036d4   000036d4    r-- .const
00818ad8    00818ad8    00001000   00000000    rw-
  00818ad8    00818ad8    00001000   00000000    rw- .stack
00819ad8    00819ad8    00000b54   00000b54    rw-
  00819ad8    00819ad8    00000b54   00000b54    rw- .fardata
0081a630    0081a630    00000146   00000000    rw-
  0081a630    0081a630    00000120   00000000    rw- .cio
  0081a750    0081a750    00000026   00000000    rw- .bss
0081a778    0081a778    00000018   00000018    rw-
  0081a778    0081a778    00000018   00000018    rw- .neardata
0081a790    0081a790    00000004   00000004    r--
  0081a790    0081a790    00000004   00000004    r-- .rodata
0081a800    0081a800    00000a74   00000a74    r-x
  0081a800    0081a800    00000200   00000200    r-x .vecs
  0081aa00    0081aa00    00000874   00000874    r-- .cinit


SECTION ALLOCATION MAP

 output                                  attributes/
section   page    origin      length       input sections
--------  ----  ----------  ----------   ----------------
.init_array 
*          0    00800000    00000000     UNINITIALIZED

xdc.meta   0    00800000    00000110     COPY SECTION
                  00800000    00000110     Sys_BIOs_config_pe66.oe66 (xdc.meta)

.text      0    00800000    000115c0     
                  00800000    000008a0     sysbios.ae66 : BIOS.obj (.text:ti_sysbios_family_c64p_Exception_handler__I)
                  008008a0    000008a0     ti.targets.rts6000.ae66 : System.oe66 (.text:xdc_runtime_System_doPrint__I)
                  00801140    00000600     sysbios.ae66 : BIOS.obj (.text:ti_sysbios_heaps_HeapMem_alloc__E)
                  00801740    00000600                  : BIOS.obj (.text:ti_sysbios_knl_Semaphore_pend__E)
                  00801d40    000005e0                  : BIOS.obj (.text:ti_sysbios_heaps_HeapMem_free__E)
                  00802320    000005c0     rts6600_elf.lib : divd.obj (.text:__c6xabi_divd)
                  008028e0    000005a0     sysbios.ae66 : BIOS.obj (.text:ti_sysbios_timers_timer64_Timer_Module_startup__F)
                  00802e80    00000500                  : BIOS.obj (.text:ti_sysbios_utils_Load_update__E)
                  00803380    00000420                  : BIOS.obj (.text:ti_sysbios_knl_Task_sleep__E)
                  008037a0    00000420                  : BIOS.obj (.text:ti_sysbios_utils_Load_logLoads__I)
                  00803bc0    000003a0     main_gtz.obj (.text)
                  00803f60    00000300     sysbios.ae66 : BIOS.obj (.text:ti_sysbios_family_c64p_Hwi_dispatchC__I)
                  00804260    000002e0                  : BIOS.obj (.text:ti_sysbios_heaps_HeapMem_Instance_init__F)
                  00804540    000002c0     rts6600_elf.lib : cos.obj (.text:cos)
                  00804800    000002c0     ti.uia.runtime.ae66 : LoggerProbePoint.oe66 (.text:ti_uia_runtime_LoggerProbePoint_write8__E)
                  00804ac0    000002c0                         : LoggerStopMode.oe66 (.text:ti_uia_runtime_LoggerStopMode_write8__E)
                  00804d80    000002a0     sysbios.ae66 : BIOS.obj (.text:ti_sysbios_knl_Clock_Instance_init__F)
                  00805020    000002a0                  : BIOS.obj (.text:ti_sysbios_knl_Clock_workFunc__E)
                  008052c0    000002a0                  : BIOS.obj (.text:ti_sysbios_timers_timer64_Timer_deviceConfig__I)
                  00805560    00000280     rts6600_elf.lib : sin.obj (.text:sin)
                  008057e0    00000280     ti.uia.runtime.ae66 : LoggerStopMode.oe66 (.text:ti_uia_runtime_LoggerStopMode_writeMemoryRange__E)
                  00805a60    00000280     ti.targets.rts6000.ae66 : Error.oe66 (.text:xdc_runtime_Error_raiseX__F)
                  00805ce0    00000260     sysbios.ae66 : BIOS.obj (.text:ti_sysbios_family_c64p_Exception_internalHandler__I)
                  00805f40    00000260                  : BIOS.obj (.text:ti_sysbios_knl_Semaphore_post__E)
                  008061a0    00000260     ti.uia.runtime.ae66 : LoggerProbePoint.oe66 (.text:ti_uia_runtime_LoggerProbePoint_write4__E)
                  00806400    00000260                         : LoggerProbePoint.oe66 (.text:ti_uia_runtime_LoggerProbePoint_writeMemoryRange__E)
                  00806660    00000260     ti.targets.rts6000.ae66 : Startup.oe66 (.text:xdc_runtime_Startup_startMods__I)
                  008068c0    00000260     Sys_BIOs_config_pe66.oe66 (.text:xdc_runtime_System_printfExtend__I)
                  00806b20    00000240     rts6600_elf.lib : imath64.obj (.text:__c6xabi_divull)
                  00806d60    00000240     sysbios.ae66 : BIOS.obj (.text:ti_sysbios_knl_Task_exit__E)
                  00806fa0    00000240     ti.uia.runtime.ae66 : LoggerProbePoint.oe66 (.text:ti_uia_runtime_LoggerProbePoint_write0__E)
                  008071e0    00000240                         : LoggerProbePoint.oe66 (.text:ti_uia_runtime_LoggerProbePoint_write1__E)
                  00807420    00000240                         : LoggerProbePoint.oe66 (.text:ti_uia_runtime_LoggerProbePoint_write2__E)
                  00807660    00000240                         : LoggerStopMode.oe66 (.text:ti_uia_runtime_LoggerStopMode_write4__E)
                  008078a0    00000240     ti.targets.rts6000.ae66 : LoggerBuf.oe66 (.text:xdc_runtime_LoggerBuf_write8__F)
                  00807ae0    00000220     sysbios.ae66 : BIOS.obj (.text:ti_sysbios_knl_Swi_run__I)
                  00807d00    00000220                  : BIOS.obj (.text:ti_sysbios_knl_Task_schedule__I)
                  00807f20    00000220                  : BIOS.obj (.text:ti_sysbios_knl_Task_startCore__E)
                  00808140    00000220     ti.targets.rts6000.ae66 : Core-mem.oe66 (.text:xdc_runtime_Core_createObject__I)
                  00808360    00000200     sysbios.ae66 : c64p_Hwi_disp_always.obj (.text:_ti_sysbios_family_c64p_Hwi_dispatchAlways)
                  00808560    00000200                  : BIOS.obj (.text:ti_sysbios_utils_Load_taskDeleteHook__E)
                  00808760    000001e0                  : BIOS.obj (.text:ti_sysbios_family_c64p_Exception_externalHandler__I)
                  00808940    000001e0                  : BIOS.obj (.text:ti_sysbios_knl_Task_checkStacks__E)
                  00808b20    000001e0                  : BIOS.obj (.text:ti_sysbios_knl_Task_postInit__I)
                  00808d00    000001e0                  : BIOS.obj (.text:ti_sysbios_timers_timer64_Timer_getFreq__E)
                  00808ee0    000001e0                  : BIOS.obj (.text:ti_sysbios_utils_Load_idleFxn__E)
                  008090c0    000001c0                  : BIOS.obj (.text:ti_sysbios_family_c64p_Exception_decodeMpfsr__I)
                  00809280    000001c0                  : BIOS.obj (.text:ti_sysbios_gates_GateMutex_enter__E)
                  00809440    000001c0                  : BIOS.obj (.text:ti_sysbios_timers_timer64_Timer_setPeriodMicroSecs__E)
                  00809600    000001c0     ti.targets.rts6000.ae66 : Text.oe66 (.text:xdc_runtime_Text_putSite__F)
                  008097c0    000001a0     sysbios.ae66 : BIOS.obj (.text:ti_sysbios_timers_timer64_Timer_start__E)
                  00809960    000001a0     ti.targets.rts6000.ae66 : LoggerBuf.oe66 (.text:xdc_runtime_LoggerBuf_write4__F)
                  00809b00    00000180     rts6600_elf.lib : copy_decompress_rle.obj (.text:__TI_decompress_rle_core)
                  00809c80    00000180     sysbios.ae66 : c64p_Exception_asm.obj (.text)
                  00809e00    00000180                  : BIOS.obj (.text:ti_sysbios_knl_Swi_schedule__I)
                  00809f80    00000180                  : BIOS.obj (.text:ti_sysbios_knl_Task_unblockI__E)
                  0080a100    00000160                  : BIOS.obj (.text:ti_sysbios_utils_Load_taskCreateHook__E)
                  0080a260    00000140     boot.ae66 : autoinit.oe66 (.text:_auto_init_elf)
                  0080a3a0    00000140     sysbios.ae66 : BIOS.obj (.text:ti_sysbios_family_c64p_Exception_Module_startup__F)
                  0080a4e0    00000140                  : BIOS.obj (.text:ti_sysbios_family_c64p_Hwi_Module_startup__F)
                  0080a620    00000140                  : BIOS.obj (.text:ti_sysbios_family_c66_Cache_Module_startup__F)
                  0080a760    00000140                  : BIOS.obj (.text:ti_sysbios_knl_Semaphore_Instance_init__F)
                  0080a8a0    00000140                  : BIOS.obj (.text:ti_sysbios_knl_Swi_post__E)
                  0080a9e0    00000140                  : BIOS.obj (.text:ti_sysbios_knl_Task_Module_startup__F)
                  0080ab20    00000140                  : BIOS.obj (.text:ti_sysbios_knl_Task_blockI__E)
                  0080ac60    00000140     ti.targets.rts6000.ae66 : Text.oe66 (.text:xdc_runtime_Text_putLab__F)
                  0080ada0    00000120     sysbios.ae66 : BIOS.obj (.text:ti_sysbios_BIOS_rtsUnlock__I)
                  0080aec0    00000120                  : BIOS.obj (.text:ti_sysbios_knl_Clock_startI__E)
                  0080afe0    00000120     ti.uia.runtime.ae66 : LoggerProbePoint.oe66 (.text:ti_uia_runtime_LoggerProbePoint_setFilterLevel__E)
                  0080b100    00000120                         : LoggerStopMode.oe66 (.text:ti_uia_runtime_LoggerStopMode_setFilterLevel__E)
                  0080b220    00000120                         : QueueDescriptor.oe66 (.text:ti_uia_runtime_QueueDescriptor_addToList__E)
                  0080b340    00000120     ti.targets.rts6000.ae66 : LoggerBuf.oe66 (.text:xdc_runtime_LoggerBuf_setFilterLevel__F)
                  0080b460    00000120                             : Text.oe66 (.text:xdc_runtime_Text_putMod__F)
                  0080b580    00000100     sysbios.ae66 : BIOS.obj (.text:ti_sysbios_knl_Swi_restoreHwi__E)
                  0080b680    00000100                  : BIOS.obj (.text:ti_sysbios_timers_timer64_Timer_initDevice__I)
                  0080b780    00000100                  : BIOS.obj (.text:ti_sysbios_utils_Load_addTask__E)
                  0080b880    00000100     ti.uia.runtime.ae66 : LoggerProbePoint.oe66 (.text:ti_uia_runtime_LoggerProbePoint_getFilterLevel__E)
                  0080b980    00000100                         : LoggerStopMode.oe66 (.text:ti_uia_runtime_LoggerStopMode_getContents__E)
                  0080ba80    00000100                         : LoggerStopMode.oe66 (.text:ti_uia_runtime_LoggerStopMode_getFilterLevel__E)
                  0080bb80    00000100     ti.targets.rts6000.ae66 : Core-mem.oe66 (.text:xdc_runtime_Core_deleteObject__I)
                  0080bc80    00000100                             : LoggerBuf.oe66 (.text:xdc_runtime_LoggerBuf_getFilterLevel__F)
                  0080bd80    00000100                             : Startup.oe66 (.text:xdc_runtime_Startup_exec__F)
                  0080be80    00000100                             : Text.oe66 (.text:xdc_runtime_Text_visitRope2__I)
                  0080bf80    000000e0     rts6600_elf.lib : copy_zero_init.obj (.text:decompress:ZI:__TI_zero_init)
                  0080c060    000000e0                     : memset.obj (.text:memset)
                  0080c140    000000e0     sysbios.ae66 : BIOS.obj (.text:ti_sysbios_knl_Clock_start__E)
                  0080c220    000000e0     Sys_BIOs_config_pe66.oe66 (.text:ti_uia_runtime_LoggerProbePoint_Object__create__S)
                  0080c300    000000e0     ti.uia.runtime.ae66 : LoggerProbePoint.oe66 (.text:ti_uia_runtime_LoggerProbePoint_getContents__E)
                  0080c3e0    000000e0                         : LoggerProbePoint.oe66 (.text:ti_uia_runtime_LoggerProbePoint_writeBlockOfMemory__I)
                  0080c4c0    000000e0     Sys_BIOs_config_pe66.oe66 (.text:ti_uia_runtime_LoggerStopMode_Object__create__S)
                  0080c5a0    000000e0     ti.uia.runtime.ae66 : LoggerStopMode.oe66 (.text:ti_uia_runtime_LoggerStopMode_writeBlockOfMemory__I)
                  0080c680    000000e0                         : QueueDescriptor.oe66 (.text:ti_uia_runtime_QueueDescriptor_removeFromList__E)
                  0080c760    000000e0     ti.targets.rts6000.ae66 : Error.oe66 (.text:xdc_runtime_Error_print__F)
                  0080c840    000000e0     Sys_BIOs_config_pe66.oe66 (.text:xdc_runtime_LoggerBuf_Object__create__S)
                  0080c920    000000e0     ti.targets.rts6000.ae66 : Memory.oe66 (.text:xdc_runtime_Memory_alloc__F)
                  0080ca00    000000c0     rts6600_elf.lib : trgdrv.obj (.text:HOSTwrite)
                  0080cac0    000000c0                     : dtor_list.obj (.text:_Z11__TI_atexitPFYvPvES_S_)
                  0080cb80    000000c0                     : dtor_list.obj (.text:__cxa_finalize)
                  0080cc40    000000c0                     : divu.obj (.text:__divu)
                  0080cd00    000000c0                     : exit.obj (.text:exit)
                  0080cdc0    000000c0     sysbios.ae66 : BIOS.obj (.text:ti_sysbios_BIOS_errorRaiseHook__I)
                  0080ce80    000000c0                  : BIOS.obj (.text:ti_sysbios_heaps_HeapMem_getStats__E)
                  0080cf40    000000c0                  : BIOS.obj (.text:ti_sysbios_knl_Clock_logTick__E)
                  0080d000    000000c0                  : BIOS.obj (.text:ti_sysbios_knl_Task_allBlockedFunction__I)
                  0080d0c0    000000c0                  : BIOS.obj (.text:ti_sysbios_timers_timer64_Timer_startup__E)
                  0080d180    000000c0                  : BIOS.obj (.text:ti_sysbios_utils_Load_taskSwitchHook__E)
                  0080d240    000000c0     ti.uia.runtime.ae66 : LoggerProbePoint.oe66 (.text:ti_uia_runtime_LoggerProbePoint_Instance_init__F)
                  0080d300    000000c0                         : LoggerProbePoint.oe66 (.text:ti_uia_runtime_LoggerProbePoint_Module_startup__F)
                  0080d3c0    000000c0                         : LoggerStopMode.oe66 (.text:ti_uia_runtime_LoggerStopMode_Instance_init__F)
                  0080d480    000000c0                         : LoggerStopMode.oe66 (.text:ti_uia_runtime_LoggerStopMode_Module_startup__F)
                  0080d540    000000c0     ti.targets.rts6000.ae66 : LoggerBuf.oe66 (.text:xdc_runtime_LoggerBuf_Instance_init__F)
                  0080d600    000000c0                             : System.oe66 (.text:xdc_runtime_System_formatNum__I)
                  0080d6c0    000000a0     rts6600_elf.lib : round.obj (.text:__c6xabi_nround)
                  0080d760    000000a0                     : remu.obj (.text:__remu)
                  0080d800    000000a0     boot.ae66 : boot.oe66 (.text:_c_int00)
                  0080d8a0    000000a0     rts6600_elf.lib : memcpy64.obj (.text:memcpy)
                  0080d940    000000a0                     : modf.obj (.text:modf)
                  0080d9e0    000000a0     sysbios.ae66 : BIOS.obj (.text:ti_sysbios_family_c64p_Hwi_getStackInfo__E)
                  0080da80    000000a0                  : BIOS.obj (.text:ti_sysbios_heaps_HeapMem_init__I)
                  0080db20    000000a0     Sys_BIOs_config_pe66.oe66 (.text:ti_sysbios_knl_Clock_Object__create__S)
                  0080dbc0    000000a0     sysbios.ae66 : BIOS.obj (.text:ti_sysbios_knl_Idle_run__E)
                  0080dc60    000000a0                  : BIOS.obj (.text:ti_sysbios_knl_Semaphore_pendTimeout__I)
                  0080dd00    000000a0                  : BIOS.obj (.text:ti_sysbios_knl_Task_processVitalTaskFlag__I)
                  0080dda0    000000a0                  : BIOS.obj (.text:ti_sysbios_timers_timer64_Timer_stop__E)
                  0080de40    000000a0     ti.uia.runtime.ae66 : LoggerProbePoint.oe66 (.text:ti_uia_runtime_LoggerProbePoint_readBlockOfMemory__I)
                  0080dee0    000000a0                         : LoggerStopMode.oe66 (.text:ti_uia_runtime_LoggerStopMode_readBlockOfMemory__I)
                  0080df80    000000a0     util.obj (.text)
                  0080e020    000000a0     ti.targets.rts6000.ae66 : Assert.oe66 (.text:xdc_runtime_Assert_raise__I)
                  0080e0c0    000000a0                             : LoggerBuf.oe66 (.text:xdc_runtime_LoggerBuf_Module_startup__F)
                  0080e160    000000a0                             : SysMin.oe66 (.text:xdc_runtime_SysMin_abort__F)
                  0080e200    000000a0                             : SysMin.oe66 (.text:xdc_runtime_SysMin_flush__F)
                  0080e2a0    000000a0                             : SysMin.oe66 (.text:xdc_runtime_SysMin_putch__F)
                  0080e340    000000a0                             : Text.oe66 (.text:xdc_runtime_Text_xprintf__I)
                  0080e3e0    00000080     rts6600_elf.lib : llshift.obj (.text:__c6xabi_llshl)
                  0080e460    00000080     sysbios.ae66 : c62_TaskSupport_asm.obj (.text:_ti_sysbios_family_c62_TaskSupport_swap__E)
                  0080e4e0    00000080     Sys_BIOs_config_pe66.oe66 (.text:malloc)
                  0080e560    00000080     rts6600_elf.lib : trgmsg.obj (.text:readmsg)
                  0080e5e0    00000080     Sys_BIOs_config_pe66.oe66 (.text:ti_sysbios_BIOS_exitFunc__I)
                  0080e660    00000080     sysbios.ae66 : BIOS.obj (.text:ti_sysbios_BIOS_registerRTSLock__I)
                  0080e6e0    00000080     Sys_BIOs_config_pe66.oe66 (.text:ti_sysbios_gates_GateHwi_Object__create__S)
                  0080e760    00000080     Sys_BIOs_config_pe66.oe66 (.text:ti_sysbios_gates_GateMutex_Object__create__S)
                  0080e7e0    00000080     sysbios.ae66 : BIOS.obj (.text:ti_sysbios_hal_Hwi_checkStack:ti_sysbios_hal_Hwi_checkStack)
                  0080e860    00000080                  : BIOS.obj (.text:ti_sysbios_hal_Hwi_initStack:ti_sysbios_hal_Hwi_initStack)
                  0080e8e0    00000080     Sys_BIOs_config_pe66.oe66 (.text:ti_sysbios_heaps_HeapMem_Object__create__S)
                  0080e960    00000080     sysbios.ae66 : BIOS.obj (.text:ti_sysbios_knl_Clock_Module_startup__F)
                  0080e9e0    00000080     Sys_BIOs_config_pe66.oe66 (.text:ti_sysbios_knl_Clock_doTick__I)
                  0080ea60    00000080     sysbios.ae66 : BIOS.obj (.text:ti_sysbios_knl_Clock_getTicks__E)
                  0080eae0    00000080     Sys_BIOs_config_pe66.oe66 (.text:ti_sysbios_knl_Queue_Object__create__S)
                  0080eb60    00000080     Sys_BIOs_config_pe66.oe66 (.text:ti_sysbios_knl_Semaphore_Object__create__S)
                  0080ebe0    00000080     sysbios.ae66 : BIOS.obj (.text:ti_sysbios_knl_Swi_startup__E)
                  0080ec60    00000080                  : BIOS.obj (.text:ti_sysbios_knl_Task_restore__E)
                  0080ece0    00000080                  : BIOS.obj (.text:ti_sysbios_timers_timer64_Timer_getCount__E)
                  0080ed60    00000080                  : BIOS.obj (.text:ti_sysbios_timers_timer64_Timer_getPeriod__E)
                  0080ede0    00000080     ti.uia.runtime.ae66 : LoggerProbePoint.oe66 (.text:ti_uia_runtime_LoggerProbePoint_disable__E)
                  0080ee60    00000080                         : LoggerProbePoint.oe66 (.text:ti_uia_runtime_LoggerProbePoint_enable__E)
                  0080eee0    00000080                         : LoggerProbePoint.oe66 (.text:ti_uia_runtime_LoggerProbePoint_filterOutEvent__I)
                  0080ef60    00000080                         : LoggerProbePoint.oe66 (.text:ti_uia_runtime_LoggerProbePoint_reset__F)
                  0080efe0    00000080                         : LoggerStopMode.oe66 (.text:ti_uia_runtime_LoggerStopMode_disable__E)
                  0080f060    00000080                         : LoggerStopMode.oe66 (.text:ti_uia_runtime_LoggerStopMode_enable__E)
                  0080f0e0    00000080                         : LoggerStopMode.oe66 (.text:ti_uia_runtime_LoggerStopMode_filterOutEvent__I)
                  0080f160    00000080                         : LoggerStopMode.oe66 (.text:ti_uia_runtime_LoggerStopMode_reset__F)
                  0080f1e0    00000080     ti.targets.rts6000.ae66 : Core-label.oe66 (.text:xdc_runtime_Core_assignLabel__I)
                  0080f260    00000080                             : Core-params.oe66 (.text:xdc_runtime_Core_assignParams__I)
                  0080f2e0    00000080                             : LoggerBuf.oe66 (.text:xdc_runtime_LoggerBuf_filterOutEvent__I)
                  0080f360    00000080     Sys_BIOs_config_pe66.oe66 (.text:xdc_runtime_SysMin_output__I)
                  0080f3e0    00000080     ti.targets.rts6000.ae66 : System.oe66 (.text:xdc_runtime_System_atexit__F)
                  0080f460    00000080                             : System.oe66 (.text:xdc_runtime_System_putchar__I)
                  0080f4e0    00000080                             : System.oe66 (.text:xdc_runtime_System_rtsExit__I)
                  0080f560    00000080                             : Text.oe66 (.text:xdc_runtime_Text_printVisFxn__I)
                  0080f5e0    00000060     rts6600_elf.lib : frcmpyd_div.obj (.text:__c6xabi_frcmpyd_div)
                  0080f640    00000060                     : llshift.obj (.text:__c6xabi_llshru)
                  0080f6a0    00000060                     : imath64.obj (.text:_subcull)
                  0080f700    00000060     sysbios.ae66 : BIOS.obj (.text:ti_sysbios_BIOS_rtsLock__I)
                  0080f760    00000060                  : BIOS.obj (.text:ti_sysbios_family_c62_TaskSupport_start__E)
                  0080f7c0    00000060                  : BIOS.obj (.text:ti_sysbios_gates_GateMutex_Instance_init__F)
                  0080f820    00000060     Sys_BIOs_config_pe66.oe66 (.text:ti_sysbios_gates_GateMutex_Object__delete__S)
                  0080f880    00000060     sysbios.ae66 : BIOS.obj (.text:ti_sysbios_knl_Swi_Module_startup__F)
                  0080f8e0    00000060                  : BIOS.obj (.text:ti_sysbios_knl_Task_enter__I)
                  0080f940    00000060                  : BIOS.obj (.text:ti_sysbios_knl_Task_sleepTimeout__I)
                  0080f9a0    00000060     ti.uia.runtime.ae66 : LogSync.oe66 (.text:ti_uia_runtime_LogSync_Module_startup__F)
                  0080fa00    00000060                         : LoggerProbePoint.oe66 (.text:ti_uia_runtime_LoggerProbePoint_Instance_finalize__F)
                  0080fa60    00000060     Sys_BIOs_config_pe66.oe66 (.text:ti_uia_runtime_LoggerProbePoint_Object__delete__S)
                  0080fac0    00000060     ti.uia.runtime.ae66 : LoggerStopMode.oe66 (.text:ti_uia_runtime_LoggerStopMode_Instance_finalize__F)
                  0080fb20    00000060     Sys_BIOs_config_pe66.oe66 (.text:ti_uia_runtime_LoggerStopMode_Object__delete__S)
                  0080fb80    00000060     rts6600_elf.lib : trgmsg.obj (.text:writemsg)
                  0080fbe0    00000060     Sys_BIOs_config_pe66.oe66 (.text:xdc_runtime_LoggerBuf_Object__delete__S)
                  0080fc40    00000060     ti.targets.rts6000.ae66 : Memory.oe66 (.text:xdc_runtime_Memory_calloc__F)
                  0080fca0    00000060                             : SysMin.oe66 (.text:xdc_runtime_SysMin_Module_startup__F)
                  0080fd00    00000060                             : SysMin.oe66 (.text:xdc_runtime_SysMin_exit__F)
                  0080fd60    00000060                             : System.oe66 (.text:xdc_runtime_System_avprintf__F)
                  0080fdc0    00000060                             : System.oe66 (.text:xdc_runtime_System_vprintf__F)
                  0080fe20    00000060                             : Text.oe66 (.text:xdc_runtime_Text_cordText__F)
                  0080fe80    00000040     rts6600_elf.lib : args_main.obj (.text:_args_main)
                  0080fec0    00000040     sysbios.ae66 : c62_TaskSupport_asm.obj (.text:_ti_sysbios_family_c62_TaskSupport_buildTaskStack)
                  0080ff00    00000040                  : c64p_Hwi_asm_switch.obj (.text:_ti_sysbios_family_xxx_Hwi_switchToIsrStack)
                  0080ff40    00000040     Sys_BIOs_config_pe66.oe66 (.text:free)
                  0080ff80    00000040     Sys_BIOs_config_pe66.oe66 (.text:ti_sysbios_BIOS_startFunc__I)
                  0080ffc0    00000040     Sys_BIOs_config_pe66.oe66 (.text:ti_sysbios_family_c64p_Hwi_Module__startupDone__F)
                  00810000    00000040     sysbios.ae66 : BIOS.obj (.text:ti_sysbios_family_c64p_Hwi_disableInterrupt__E)
                  00810040    00000040                  : BIOS.obj (.text:ti_sysbios_family_c64p_Hwi_enableInterrupt__E)
                  00810080    00000040     Sys_BIOs_config_pe66.oe66 (.text:ti_sysbios_gates_GateHwi_Handle__label__S)
                  008100c0    00000040     Sys_BIOs_config_pe66.oe66 (.text:ti_sysbios_gates_GateHwi_Object__delete__S)
                  00810100    00000040     Sys_BIOs_config_pe66.oe66 (.text:ti_sysbios_gates_GateMutex_Handle__label__S)
                  00810140    00000040     sysbios.ae66 : BIOS.obj (.text:ti_sysbios_gates_GateMutex_leave__E)
                  00810180    00000040     Sys_BIOs_config_pe66.oe66 (.text:ti_sysbios_hal_Timer_Module__startupDone__F)
                  008101c0    00000040     Sys_BIOs_config_pe66.oe66 (.text:ti_sysbios_heaps_HeapMem_Handle__label__S)
                  00810200    00000040     Sys_BIOs_config_pe66.oe66 (.text:ti_sysbios_heaps_HeapMem_Object__delete__S)
                  00810240    00000040     Sys_BIOs_config_pe66.oe66 (.text:ti_sysbios_heaps_HeapMem_Object__get__S)
                  00810280    00000040     Sys_BIOs_config_pe66.oe66 (.text:ti_sysbios_knl_Semaphore_Object__destruct__S)
                  008102c0    00000040     Sys_BIOs_config_pe66.oe66 (.text:ti_sysbios_knl_Swi_Object__get__S)
                  00810300    00000040     Sys_BIOs_config_pe66.oe66 (.text:ti_sysbios_knl_Task_Object__get__S)
                  00810340    00000040     Sys_BIOs_config_pe66.oe66 (.text:ti_sysbios_timers_timer64_Timer_Module__startupDone__F)
                  00810380    00000040     Sys_BIOs_config_pe66.oe66 (.text:ti_uia_family_c66_TimestampC66XGlobal_Module__startupDone__F)
                  008103c0    00000040     Sys_BIOs_config_pe66.oe66 (.text:ti_uia_runtime_LoggerProbePoint_Handle__label__S)
                  00810400    00000040     Sys_BIOs_config_pe66.oe66 (.text:ti_uia_runtime_LoggerProbePoint_Object__get__S)
                  00810440    00000040     Sys_BIOs_config_pe66.oe66 (.text:ti_uia_runtime_LoggerStopMode_Handle__label__S)
                  00810480    00000040     Sys_BIOs_config_pe66.oe66 (.text:ti_uia_runtime_LoggerStopMode_Object__get__S)
                  008104c0    00000040     ti.uia.runtime.ae66 : LoggerStopMode.oe66 (.text:ti_uia_runtime_LoggerStopMode_write0__E)
                  00810500    00000040                         : LoggerStopMode.oe66 (.text:ti_uia_runtime_LoggerStopMode_write1__E)
                  00810540    00000040                         : LoggerStopMode.oe66 (.text:ti_uia_runtime_LoggerStopMode_write2__E)
                  00810580    00000040                         : QueueDescriptor.oe66 (.text:ti_uia_runtime_QueueDescriptor_initHeader__E)
                  008105c0    00000040     ti.targets.rts6000.ae66 : Error.oe66 (.text:xdc_runtime_Error_check__F)
                  00810600    00000040                             : Error.oe66 (.text:xdc_runtime_Error_init__F)
                  00810640    00000040                             : Gate.oe66 (.text:xdc_runtime_Gate_leaveSystem__F)
                  00810680    00000040     Sys_BIOs_config_pe66.oe66 (.text:xdc_runtime_LoggerBuf_Handle__label__S)
                  008106c0    00000040     ti.targets.rts6000.ae66 : LoggerBuf.oe66 (.text:xdc_runtime_LoggerBuf_Instance_finalize__F)
                  00810700    00000040     Sys_BIOs_config_pe66.oe66 (.text:xdc_runtime_LoggerBuf_Object__get__S)
                  00810740    00000040     ti.targets.rts6000.ae66 : LoggerBuf.oe66 (.text:xdc_runtime_LoggerBuf_write0__F)
                  00810780    00000040                             : LoggerBuf.oe66 (.text:xdc_runtime_LoggerBuf_write1__F)
                  008107c0    00000040                             : LoggerBuf.oe66 (.text:xdc_runtime_LoggerBuf_write2__F)
                  00810800    00000040                             : Memory.oe66 (.text:xdc_runtime_Memory_free__F)
                  00810840    00000040                             : Registry.oe66 (.text:xdc_runtime_Registry_findById__F)
                  00810880    00000040                             : System.oe66 (.text:xdc_runtime_System_abort__F)
                  008108c0    00000040     Sys_BIOs_config_pe66.oe66 (.text:xdc_runtime_System_aprintf__E)
                  00810900    00000040     Sys_BIOs_config_pe66.oe66 (.text:xdc_runtime_System_printf__E)
                  00810940    00000040     ti.targets.rts6000.ae66 : Text.oe66 (.text:xdc_runtime_Text_ropeText__F)
                  00810980    00000020     rts6600_elf.lib : trunc.obj (.text:__c6xabi_trunc)
                  008109a0    00000020                     : dtor_list.obj (.text:__cxa_atexit)
                  008109c0    00000020                     : dtor_list.obj (.text:__cxa_ia64_exit)
                  008109e0    00000020     ti.targets.rts6000.ae66 : xdc_noinit.oe66 (.text:__xdc__init)
                  00810a00    00000020     rts6600_elf.lib : _lock.obj (.text:_nop)
                  00810a20    00000020                     : _lock.obj (.text:_register_lock)
                  00810a40    00000020                     : _lock.obj (.text:_register_unlock)
                  00810a60    00000020     sysbios.ae66 : c62_TaskSupport_asm.obj (.text:_ti_sysbios_family_c62_TaskSupport_glue)
                  00810a80    00000020                  : c64p_Hwi_asm_switch.obj (.text:_ti_sysbios_family_xxx_Hwi_switchToTaskStack)
                  00810aa0    00000020     rts6600_elf.lib : exit.obj (.text:abort)
                  00810ac0    00000020                     : dtor_list.obj (.text:atexit)
                  00810ae0    00000020                     : copy_decompress_none.obj (.text:decompress:none:__TI_decompress_none)
                  00810b00    00000020                     : copy_decompress_rle.obj (.text:decompress:rle24:__TI_decompress_rle24)
                  00810b20    00000020     Sys_BIOs_config_pe66.oe66 (.text:ti_sysbios_BIOS_RtsGateProxy_enter__E)
                  00810b40    00000020     Sys_BIOs_config_pe66.oe66 (.text:ti_sysbios_BIOS_RtsGateProxy_leave__E)
                  00810b60    00000020     sysbios.ae66 : BIOS.obj (.text:ti_sysbios_BIOS_getCpuFreq__E)
                  00810b80    00000020                  : BIOS.obj (.text:ti_sysbios_BIOS_nullFunc__I)
                  00810ba0    00000020                  : BIOS.obj (.text:ti_sysbios_BIOS_setThreadType__E)
                  00810bc0    00000020                  : BIOS.obj (.text:ti_sysbios_BIOS_start__E)
                  00810be0    00000020     Sys_BIOs_config_pe66.oe66 (.text:ti_sysbios_family_c62_TaskSupport_Module__startupDone__S)
                  00810c00    00000020     sysbios.ae66 : BIOS.obj (.text:ti_sysbios_family_c62_TaskSupport_checkStack__E)
                  00810c20    00000020                  : BIOS.obj (.text:ti_sysbios_family_c64p_Hwi_clearInterrupt__E)
                  00810c40    00000020                  : BIOS.obj (.text:ti_sysbios_family_c64p_Hwi_startup__E)
                  00810c60    00000020                  : BIOS.obj (.text:ti_sysbios_family_c64p_Hwi_switchFromBootStack__E)
                  00810c80    00000020                  : BIOS.obj (.text:ti_sysbios_family_c64p_TimestampProvider_Module_startup__F)
                  00810ca0    00000020                  : BIOS.obj (.text:ti_sysbios_family_c64p_TimestampProvider_get32__E)
                  00810cc0    00000020                  : BIOS.obj (.text:ti_sysbios_family_c64p_TimestampProvider_get64__E)
                  00810ce0    00000020                  : BIOS.obj (.text:ti_sysbios_family_c64p_tci6488_TimerSupport_enable__E)
                  00810d00    00000020                  : BIOS.obj (.text:ti_sysbios_gates_GateHwi_Instance_init__F)
                  00810d20    00000020                  : BIOS.obj (.text:ti_sysbios_gates_GateHwi_enter__E)
                  00810d40    00000020                  : BIOS.obj (.text:ti_sysbios_gates_GateHwi_leave__E)
                  00810d60    00000020                  : BIOS.obj (.text:ti_sysbios_gates_GateHwi_query__F)
                  00810d80    00000020                  : BIOS.obj (.text:ti_sysbios_gates_GateMutex_Instance_finalize__F)
                  00810da0    00000020                  : BIOS.obj (.text:ti_sysbios_gates_GateMutex_query__F)
                  00810dc0    00000020     Sys_BIOs_config_pe66.oe66 (.text:ti_sysbios_hal_Hwi_HwiProxy_Module__startupDone__S)
                  00810de0    00000020     sysbios.ae66 : BIOS.obj (.text:ti_sysbios_hal_Hwi_Module_startup__F)
                  00810e00    00000020                  : BIOS.obj (.text:ti_sysbios_hal_Timer_Module_startup__F)
                  00810e20    00000020     Sys_BIOs_config_pe66.oe66 (.text:ti_sysbios_hal_Timer_TimerProxy_Module__startupDone__S)
                  00810e40    00000020     Sys_BIOs_config_pe66.oe66 (.text:ti_sysbios_hal_Timer_TimerProxy_getExpiredCounts__E)
                  00810e60    00000020     Sys_BIOs_config_pe66.oe66 (.text:ti_sysbios_hal_Timer_TimerProxy_getPeriod__E)
                  00810e80    00000020     Sys_BIOs_config_pe66.oe66 (.text:ti_sysbios_hal_Timer_TimerProxy_setNextTick__E)
                  00810ea0    00000020     Sys_BIOs_config_pe66.oe66 (.text:ti_sysbios_heaps_HeapMem_Module_GateProxy_enter__E)
                  00810ec0    00000020     Sys_BIOs_config_pe66.oe66 (.text:ti_sysbios_heaps_HeapMem_Module_GateProxy_leave__E)
                  00810ee0    00000020     sysbios.ae66 : BIOS.obj (.text:ti_sysbios_heaps_HeapMem_isBlocking__E)
                  00810f00    00000020     Sys_BIOs_config_pe66.oe66 (.text:ti_sysbios_knl_Clock_Params__init__S)
                  00810f20    00000020     sysbios.ae66 : BIOS.obj (.text:ti_sysbios_knl_Idle_loop__E)
                  00810f40    00000020                  : BIOS.obj (.text:ti_sysbios_knl_Queue_Instance_init__F)
                  00810f60    00000020     Sys_BIOs_config_pe66.oe66 (.text:ti_sysbios_knl_Queue_Object__destruct__S)
                  00810f80    00000020     Sys_BIOs_config_pe66.oe66 (.text:ti_sysbios_knl_Queue_Object__get__S)
                  00810fa0    00000020     sysbios.ae66 : BIOS.obj (.text:ti_sysbios_knl_Queue_empty__E)
                  00810fc0    00000020                  : BIOS.obj (.text:ti_sysbios_knl_Semaphore_Instance_finalize__F)
                  00810fe0    00000020                  : BIOS.obj (.text:ti_sysbios_knl_Swi_disable__E)
                  00811000    00000020     Sys_BIOs_config_pe66.oe66 (.text:ti_sysbios_knl_Task_Object__first__S)
                  00811020    00000020     Sys_BIOs_config_pe66.oe66 (.text:ti_sysbios_knl_Task_Object__next__S)
                  00811040    00000020     Sys_BIOs_config_pe66.oe66 (.text:ti_sysbios_knl_Task_SupportProxy_Module__startupDone__S)
                  00811060    00000020     sysbios.ae66 : BIOS.obj (.text:ti_sysbios_knl_Task_disable__E)
                  00811080    00000020                  : BIOS.obj (.text:ti_sysbios_knl_Task_startup__E)
                  008110a0    00000020                  : BIOS.obj (.text:ti_sysbios_timers_timer64_Timer_setNextTick__E)
                  008110c0    00000020                  : BIOS.obj (.text:ti_sysbios_utils_Load_taskRegHook__E)
                  008110e0    00000020     ti.uia.family.c66.ae66 : TimestampC66XGlobal.oe66 (.text:ti_uia_family_c66_TimestampC66XGlobal_Module_startup__F)
                  00811100    00000020     Sys_BIOs_config_pe66.oe66 (.text:ti_uia_runtime_LogSync_CpuTimestampProxy_Module__startupDone__S)
                  00811120    00000020     Sys_BIOs_config_pe66.oe66 (.text:ti_uia_runtime_LogSync_GlobalTimestampProxy_Module__startupDone__S)
                  00811140    00000020     ti.uia.runtime.ae66 : LoggerProbePoint.oe66 (.text:ti_uia_runtime_LoggerProbePoint_getFreeSize__E)
                  00811160    00000020                         : LoggerProbePoint.oe66 (.text:ti_uia_runtime_LoggerProbePoint_getInstanceId__E)
                  00811180    00000020                         : LoggerProbePoint.oe66 (.text:ti_uia_runtime_LoggerProbePoint_getMaxLength__E)
                  008111a0    00000020                         : LoggerProbePoint.oe66 (.text:ti_uia_runtime_LoggerProbePoint_getPriority__E)
                  008111c0    00000020                         : LoggerProbePoint.oe66 (.text:ti_uia_runtime_LoggerProbePoint_getTransferType__F)
                  008111e0    00000020                         : LoggerProbePoint.oe66 (.text:ti_uia_runtime_LoggerProbePoint_getUnreadSize__E)
                  00811200    00000020                         : LoggerProbePoint.oe66 (.text:ti_uia_runtime_LoggerProbePoint_isEmpty__E)
                  00811220    00000020                         : LoggerProbePoint.oe66 (.text:ti_uia_runtime_LoggerProbePoint_setPriority__E)
                  00811240    00000020                         : LoggerStopMode.oe66 (.text:ti_uia_runtime_LoggerStopMode_getFreeSize__E)
                  00811260    00000020                         : LoggerStopMode.oe66 (.text:ti_uia_runtime_LoggerStopMode_getInstanceId__E)
                  00811280    00000020                         : LoggerStopMode.oe66 (.text:ti_uia_runtime_LoggerStopMode_getMaxLength__E)
                  008112a0    00000020                         : LoggerStopMode.oe66 (.text:ti_uia_runtime_LoggerStopMode_getPriority__E)
                  008112c0    00000020                         : LoggerStopMode.oe66 (.text:ti_uia_runtime_LoggerStopMode_getTransferType__F)
                  008112e0    00000020                         : LoggerStopMode.oe66 (.text:ti_uia_runtime_LoggerStopMode_getUnreadSize__E)
                  00811300    00000020                         : LoggerStopMode.oe66 (.text:ti_uia_runtime_LoggerStopMode_isEmpty__E)
                  00811320    00000020                         : LoggerStopMode.oe66 (.text:ti_uia_runtime_LoggerStopMode_setPriority__E)
                  00811340    00000020     ti.targets.rts6000.ae66 : Gate.oe66 (.text:xdc_runtime_Gate_enterSystem__F)
                  00811360    00000020     Sys_BIOs_config_pe66.oe66 (.text:xdc_runtime_IHeap_alloc)
                  00811380    00000020     Sys_BIOs_config_pe66.oe66 (.text:xdc_runtime_IHeap_free)
                  008113a0    00000020     Sys_BIOs_config_pe66.oe66 (.text:xdc_runtime_LoggerBuf_Module_GateProxy_enter__E)
                  008113c0    00000020     Sys_BIOs_config_pe66.oe66 (.text:xdc_runtime_LoggerBuf_Module_GateProxy_leave__E)
                  008113e0    00000020     ti.targets.rts6000.ae66 : LoggerBuf.oe66 (.text:xdc_runtime_LoggerBuf_disable__F)
                  00811400    00000020                             : LoggerBuf.oe66 (.text:xdc_runtime_LoggerBuf_enable__F)
                  00811420    00000020     Sys_BIOs_config_pe66.oe66 (.text:xdc_runtime_Memory_HeapProxy_alloc__E)
                  00811440    00000020     Sys_BIOs_config_pe66.oe66 (.text:xdc_runtime_Memory_HeapProxy_free__E)
                  00811460    00000020     Sys_BIOs_config_pe66.oe66 (.text:xdc_runtime_Startup_exec__I)
                  00811480    00000020     Sys_BIOs_config_pe66.oe66 (.text:xdc_runtime_Startup_reset__I)
                  008114a0    00000020     ti.targets.rts6000.ae66 : SysMin.oe66 (.text:xdc_runtime_SysMin_ready__F)
                  008114c0    00000020     Sys_BIOs_config_pe66.oe66 (.text:xdc_runtime_System_Module_GateProxy_enter__E)
                  008114e0    00000020     Sys_BIOs_config_pe66.oe66 (.text:xdc_runtime_System_Module_GateProxy_leave__E)
                  00811500    00000020     ti.targets.rts6000.ae66 : System.oe66 (.text:xdc_runtime_System_Module_startup__F)
                  00811520    00000020                             : System.oe66 (.text:xdc_runtime_System_exit__F)
                  00811540    00000020                             : System.oe66 (.text:xdc_runtime_System_lastFxn__I)
                  00811560    00000020                             : System.oe66 (.text:xdc_runtime_System_vsnprintf__F)
                  00811580    00000020     Sys_BIOs_config_pe66.oe66 (.text:xdc_runtime_Text_visitRope__I)
                  008115a0    00000020     Sys_BIOs_config_pe66.oe66 (.text:xdc_runtime_Timestamp_Module__startupDone__S)

.far       0    008115c0    00003e40     UNINITIALIZED
                  008115c0    00002618     Sys_BIOs_config_pe66.oe66 (.far)
                  00813bd8    00001800     Sys_BIOs_config_pe66.oe66 (.far:taskStackSection)
                  008153d8    00000020     util.obj (.far)
                  008153f8    00000008     rts6600_elf.lib : trgdrv.obj (.far)

.const     0    00815400    000036d4     
                  00815400    000021b1     Sys_BIOs_config_pe66.oe66 (.const:xdc_runtime_Text_charTab__A)
                  008175b1    00000683     sysbios.ae66 : BIOS.obj (.const:.string)
                  00817c34    00000004     ti.targets.rts6000.ae66 : Assert.oe66 (.const:.string)
                  00817c38    00000400     Sys_BIOs_config_pe66.oe66 (.const:ti_sysbios_family_c66_Cache_marvalues__C)
                  00818038    00000128     Sys_BIOs_config_pe66.oe66 (.const:xdc_runtime_Text_nodeTab__A)
                  00818160    00000094     util.obj (.const:.string)
                  008181f4    00000060     Sys_BIOs_config_pe66.oe66 (.const:ti_uia_runtime_LoggerProbePoint_Module__FXNS__C)
                  00818254    00000060     Sys_BIOs_config_pe66.oe66 (.const:ti_uia_runtime_LoggerStopMode_Module__FXNS__C)
                  008182b4    00000058     ti.targets.rts6000.ae66 : Error.oe66 (.const:.string)
                  0081830c    00000047     Sys_BIOs_config_pe66.oe66 (.const:.string)
                  00818353    00000001     --HOLE-- [fill = 0]
                  00818354    00000004     Sys_BIOs_config_pe66.oe66 (.const:ti_sysbios_BIOS_Module__diagsEnabled__C)
                  00818358    00000044     Sys_BIOs_config_pe66.oe66 (.const:xdc_runtime_Startup_sfxnTab__A)
                  0081839c    00000040     ti.targets.rts6000.ae66 : Text.oe66 (.const:.string)
                  008183dc    0000003c     Sys_BIOs_config_pe66.oe66 (.const:xdc_runtime_LoggerBuf_Module__FXNS__C)
                  00818418    00000034     Sys_BIOs_config_pe66.oe66 (.const:ti_uia_runtime_LoggerProbePoint_Object__PARAMS__C)
                  0081844c    00000034     Sys_BIOs_config_pe66.oe66 (.const:ti_uia_runtime_LoggerStopMode_Object__PARAMS__C)
                  00818480    00000030     Sys_BIOs_config_pe66.oe66 (.const:ti_sysbios_knl_Task_hooks__A)
                  008184b0    0000002c     ti.targets.rts6000.ae66 : Startup.oe66 (.const:.string)
                  008184dc    00000028     Sys_BIOs_config_pe66.oe66 (.const:ti_sysbios_heaps_HeapMem_Module__FXNS__C)
                  00818504    00000028     Sys_BIOs_config_pe66.oe66 (.const:xdc_runtime_LoggerBuf_Object__PARAMS__C)
                  0081852c    00000024     Sys_BIOs_config_pe66.oe66 (.const:ti_sysbios_gates_GateHwi_Module__FXNS__C)
                  00818550    00000024     Sys_BIOs_config_pe66.oe66 (.const:ti_sysbios_gates_GateMutex_Module__FXNS__C)
                  00818574    00000024     Sys_BIOs_config_pe66.oe66 (.const:ti_sysbios_heaps_HeapMem_Object__PARAMS__C)
                  00818598    00000024     Sys_BIOs_config_pe66.oe66 (.const:ti_sysbios_knl_Clock_Object__PARAMS__C)
                  008185bc    00000024     Sys_BIOs_config_pe66.oe66 (.const:ti_sysbios_knl_Semaphore_Object__PARAMS__C)
                  008185e0    00000022     Sys_BIOs_config_pe66.oe66 (.const:xdc_runtime_Startup_sfxnRts__A)
                  00818602    00000002     Sys_BIOs_config_pe66.oe66 (.const:ti_sysbios_BIOS_Module__id__C)
                  00818604    00000020     Sys_BIOs_config_pe66.oe66 (.const:ti_sysbios_gates_GateHwi_Object__DESC__C)
                  00818624    00000020     Sys_BIOs_config_pe66.oe66 (.const:ti_sysbios_gates_GateMutex_Object__DESC__C)
                  00818644    00000020     Sys_BIOs_config_pe66.oe66 (.const:ti_sysbios_heaps_HeapMem_Object__DESC__C)
                  00818664    00000020     Sys_BIOs_config_pe66.oe66 (.const:ti_sysbios_knl_Clock_Object__DESC__C)
                  00818684    00000020     Sys_BIOs_config_pe66.oe66 (.const:ti_sysbios_knl_Queue_Object__DESC__C)
                  008186a4    00000020     Sys_BIOs_config_pe66.oe66 (.const:ti_sysbios_knl_Semaphore_Object__DESC__C)
                  008186c4    00000020     Sys_BIOs_config_pe66.oe66 (.const:ti_uia_runtime_LoggerProbePoint_Object__DESC__C)
                  008186e4    00000020     Sys_BIOs_config_pe66.oe66 (.const:ti_uia_runtime_LoggerStopMode_Object__DESC__C)
                  00818704    00000020     Sys_BIOs_config_pe66.oe66 (.const:xdc_runtime_LoggerBuf_Object__DESC__C)
                  00818724    00000018     Sys_BIOs_config_pe66.oe66 (.const:ti_sysbios_gates_GateHwi_Object__PARAMS__C)
                  0081873c    00000018     Sys_BIOs_config_pe66.oe66 (.const:ti_sysbios_gates_GateMutex_Object__PARAMS__C)
                  00818754    00000018     Sys_BIOs_config_pe66.oe66 (.const:ti_sysbios_knl_Queue_Object__PARAMS__C)
                  0081876c    00000014     main_gtz.obj (.const:.string)
                  00818780    00000011     ti.targets.rts6000.ae66 : System.oe66 (.const:digtohex)
                  00818791    00000001     --HOLE-- [fill = 0]
                  00818792    00000002     Sys_BIOs_config_pe66.oe66 (.const:ti_sysbios_family_c64p_Exception_Module__id__C)
                  00818794    0000000c     Sys_BIOs_config_pe66.oe66 (.const:ti_sysbios_family_c66_Cache_initSize__C)
                  008187a0    00000008     ti.targets.rts6000.ae66 : System.oe66 (.const:.string)
                  008187a8    00000008     Sys_BIOs_config_pe66.oe66 (.const:ti_sysbios_knl_Idle_coreList__A)
                  008187b0    00000008     Sys_BIOs_config_pe66.oe66 (.const:ti_sysbios_knl_Idle_coreList__C)
                  008187b8    00000008     Sys_BIOs_config_pe66.oe66 (.const:ti_sysbios_knl_Idle_funcList__A)
                  008187c0    00000008     Sys_BIOs_config_pe66.oe66 (.const:ti_sysbios_knl_Idle_funcList__C)
                  008187c8    00000008     Sys_BIOs_config_pe66.oe66 (.const:ti_sysbios_knl_Task_hooks__C)
                  008187d0    00000008     Sys_BIOs_config_pe66.oe66 (.const:xdc_runtime_Startup_firstFxns__A)
                  008187d8    00000008     Sys_BIOs_config_pe66.oe66 (.const:xdc_runtime_Startup_firstFxns__C)
                  008187e0    00000008     Sys_BIOs_config_pe66.oe66 (.const:xdc_runtime_Startup_lastFxns__C)
                  008187e8    00000004     Sys_BIOs_config_pe66.oe66 (.const:ti_sysbios_BIOS_Module__diagsIncluded__C)
                  008187ec    00000004     Sys_BIOs_config_pe66.oe66 (.const:ti_sysbios_BIOS_Module__diagsMask__C)
                  008187f0    00000004     Sys_BIOs_config_pe66.oe66 (.const:ti_sysbios_BIOS_installedErrorHook__C)
                  008187f4    00000004     Sys_BIOs_config_pe66.oe66 (.const:ti_sysbios_family_c64p_Exception_E_exceptionMax__C)
                  008187f8    00000004     Sys_BIOs_config_pe66.oe66 (.const:ti_sysbios_family_c64p_Exception_E_exceptionMin__C)
                  008187fc    00000004     Sys_BIOs_config_pe66.oe66 (.const:ti_sysbios_family_c64p_Exception_exceptionHook__C)
                  00818800    00000004     Sys_BIOs_config_pe66.oe66 (.const:ti_sysbios_family_c64p_Exception_externalHook__C)
                  00818804    00000004     Sys_BIOs_config_pe66.oe66 (.const:ti_sysbios_family_c64p_Exception_internalHook__C)
                  00818808    00000004     Sys_BIOs_config_pe66.oe66 (.const:ti_sysbios_family_c64p_Exception_nmiHook__C)
                  0081880c    00000004     Sys_BIOs_config_pe66.oe66 (.const:ti_sysbios_family_c64p_Hwi_LD_end__C)
                  00818810    00000004     Sys_BIOs_config_pe66.oe66 (.const:ti_sysbios_family_c64p_Hwi_LM_begin__C)
                  00818814    00000004     Sys_BIOs_config_pe66.oe66 (.const:ti_sysbios_family_c64p_Hwi_Module__diagsEnabled__C)
                  00818818    00000004     Sys_BIOs_config_pe66.oe66 (.const:ti_sysbios_family_c64p_Hwi_Module__diagsIncluded__C)
                  0081881c    00000004     Sys_BIOs_config_pe66.oe66 (.const:ti_sysbios_family_c64p_Hwi_Module__diagsMask__C)
                  00818820    00000004     Sys_BIOs_config_pe66.oe66 (.const:ti_sysbios_family_c64p_Hwi_Module__loggerFxn1__C)
                  00818824    00000004     Sys_BIOs_config_pe66.oe66 (.const:ti_sysbios_family_c64p_Hwi_Module__loggerFxn8__C)
                  00818828    00000004     Sys_BIOs_config_pe66.oe66 (.const:ti_sysbios_family_c64p_Hwi_Module__loggerObj__C)
                  0081882c    00000004     Sys_BIOs_config_pe66.oe66 (.const:ti_sysbios_gates_GateMutex_A_badContext__C)
                  00818830    00000004     Sys_BIOs_config_pe66.oe66 (.const:ti_sysbios_gates_GateMutex_Instance_State_sem__O)
                  00818834    00000004     Sys_BIOs_config_pe66.oe66 (.const:ti_sysbios_gates_GateMutex_Module__diagsEnabled__C)
                  00818838    00000004     Sys_BIOs_config_pe66.oe66 (.const:ti_sysbios_gates_GateMutex_Module__diagsIncluded__C)
                  0081883c    00000004     Sys_BIOs_config_pe66.oe66 (.const:ti_sysbios_gates_GateMutex_Module__diagsMask__C)
                  00818840    00000004     Sys_BIOs_config_pe66.oe66 (.const:ti_sysbios_hal_Hwi_E_stackOverflow__C)
                  00818844    00000004     Sys_BIOs_config_pe66.oe66 (.const:ti_sysbios_heaps_HeapMem_A_align__C)
                  00818848    00000004     Sys_BIOs_config_pe66.oe66 (.const:ti_sysbios_heaps_HeapMem_A_heapSize__C)
                  0081884c    00000004     Sys_BIOs_config_pe66.oe66 (.const:ti_sysbios_heaps_HeapMem_A_invalidFree__C)
                  00818850    00000004     Sys_BIOs_config_pe66.oe66 (.const:ti_sysbios_heaps_HeapMem_A_zeroBlock__C)
                  00818854    00000004     Sys_BIOs_config_pe66.oe66 (.const:ti_sysbios_heaps_HeapMem_E_memory__C)
                  00818858    00000004     Sys_BIOs_config_pe66.oe66 (.const:ti_sysbios_heaps_HeapMem_Module__diagsEnabled__C)
                  0081885c    00000004     Sys_BIOs_config_pe66.oe66 (.const:ti_sysbios_heaps_HeapMem_Module__diagsIncluded__C)
                  00818860    00000004     Sys_BIOs_config_pe66.oe66 (.const:ti_sysbios_heaps_HeapMem_Module__diagsMask__C)
                  00818864    00000004     Sys_BIOs_config_pe66.oe66 (.const:ti_sysbios_heaps_HeapMem_Module__gateObj__C)
                  00818868    00000004     Sys_BIOs_config_pe66.oe66 (.const:ti_sysbios_heaps_HeapMem_Object__count__C)
                  0081886c    00000004     Sys_BIOs_config_pe66.oe66 (.const:ti_sysbios_heaps_HeapMem_reqAlign__C)
                  00818870    00000004     Sys_BIOs_config_pe66.oe66 (.const:ti_sysbios_knl_Clock_A_badThreadType__C)
                  00818874    00000004     Sys_BIOs_config_pe66.oe66 (.const:ti_sysbios_knl_Clock_LM_begin__C)
                  00818878    00000004     Sys_BIOs_config_pe66.oe66 (.const:ti_sysbios_knl_Clock_LM_tick__C)
                  0081887c    00000004     Sys_BIOs_config_pe66.oe66 (.const:ti_sysbios_knl_Clock_LW_delayed__C)
                  00818880    00000004     Sys_BIOs_config_pe66.oe66 (.const:ti_sysbios_knl_Clock_Module_State_clockQ__O)
                  00818884    00000004     Sys_BIOs_config_pe66.oe66 (.const:ti_sysbios_knl_Clock_Module__diagsEnabled__C)
                  00818888    00000004     Sys_BIOs_config_pe66.oe66 (.const:ti_sysbios_knl_Clock_Module__diagsIncluded__C)
                  0081888c    00000004     Sys_BIOs_config_pe66.oe66 (.const:ti_sysbios_knl_Clock_Module__diagsMask__C)
                  00818890    00000004     Sys_BIOs_config_pe66.oe66 (.const:ti_sysbios_knl_Clock_Module__loggerFxn1__C)
                  00818894    00000004     Sys_BIOs_config_pe66.oe66 (.const:ti_sysbios_knl_Clock_Module__loggerFxn2__C)
                  00818898    00000004     Sys_BIOs_config_pe66.oe66 (.const:ti_sysbios_knl_Clock_Module__loggerObj__C)
                  0081889c    00000004     Sys_BIOs_config_pe66.oe66 (.const:ti_sysbios_knl_Clock_tickMode__C)
                  008188a0    00000004     Sys_BIOs_config_pe66.oe66 (.const:ti_sysbios_knl_Clock_tickSource__C)
                  008188a4    00000004     Sys_BIOs_config_pe66.oe66 (.const:ti_sysbios_knl_Semaphore_A_badContext__C)
                  008188a8    00000004     Sys_BIOs_config_pe66.oe66 (.const:ti_sysbios_knl_Semaphore_A_noEvents__C)
                  008188ac    00000004     Sys_BIOs_config_pe66.oe66 (.const:ti_sysbios_knl_Semaphore_A_overflow__C)
                  008188b0    00000004     Sys_BIOs_config_pe66.oe66 (.const:ti_sysbios_knl_Semaphore_A_pendTaskDisabled__C)
                  008188b4    00000004     Sys_BIOs_config_pe66.oe66 (.const:ti_sysbios_knl_Semaphore_Instance_State_pendQ__O)
                  008188b8    00000004     Sys_BIOs_config_pe66.oe66 (.const:ti_sysbios_knl_Semaphore_LM_pend__C)
                  008188bc    00000004     Sys_BIOs_config_pe66.oe66 (.const:ti_sysbios_knl_Semaphore_LM_post__C)
                  008188c0    00000004     Sys_BIOs_config_pe66.oe66 (.const:ti_sysbios_knl_Semaphore_Module__diagsEnabled__C)
                  008188c4    00000004     Sys_BIOs_config_pe66.oe66 (.const:ti_sysbios_knl_Semaphore_Module__diagsIncluded__C)
                  008188c8    00000004     Sys_BIOs_config_pe66.oe66 (.const:ti_sysbios_knl_Semaphore_Module__diagsMask__C)
                  008188cc    00000004     Sys_BIOs_config_pe66.oe66 (.const:ti_sysbios_knl_Semaphore_Module__loggerFxn2__C)
                  008188d0    00000004     Sys_BIOs_config_pe66.oe66 (.const:ti_sysbios_knl_Semaphore_Module__loggerFxn4__C)
                  008188d4    00000004     Sys_BIOs_config_pe66.oe66 (.const:ti_sysbios_knl_Semaphore_Module__loggerObj__C)
                  008188d8    00000004     Sys_BIOs_config_pe66.oe66 (.const:ti_sysbios_knl_Swi_LD_end__C)
                  008188dc    00000004     Sys_BIOs_config_pe66.oe66 (.const:ti_sysbios_knl_Swi_LM_begin__C)
                  008188e0    00000004     Sys_BIOs_config_pe66.oe66 (.const:ti_sysbios_knl_Swi_LM_post__C)
                  008188e4    00000004     Sys_BIOs_config_pe66.oe66 (.const:ti_sysbios_knl_Swi_Module__diagsEnabled__C)
                  008188e8    00000004     Sys_BIOs_config_pe66.oe66 (.const:ti_sysbios_knl_Swi_Module__diagsIncluded__C)
                  008188ec    00000004     Sys_BIOs_config_pe66.oe66 (.const:ti_sysbios_knl_Swi_Module__diagsMask__C)
                  008188f0    00000004     Sys_BIOs_config_pe66.oe66 (.const:ti_sysbios_knl_Swi_Module__loggerFxn1__C)
                  008188f4    00000004     Sys_BIOs_config_pe66.oe66 (.const:ti_sysbios_knl_Swi_Module__loggerFxn4__C)
                  008188f8    00000004     Sys_BIOs_config_pe66.oe66 (.const:ti_sysbios_knl_Swi_Module__loggerObj__C)
                  008188fc    00000004     Sys_BIOs_config_pe66.oe66 (.const:ti_sysbios_knl_Swi_Object__count__C)
                  00818900    00000004     Sys_BIOs_config_pe66.oe66 (.const:ti_sysbios_knl_Task_A_badTimeout__C)
                  00818904    00000004     Sys_BIOs_config_pe66.oe66 (.const:ti_sysbios_knl_Task_A_sleepTaskDisabled__C)
                  00818908    00000004     Sys_BIOs_config_pe66.oe66 (.const:ti_sysbios_knl_Task_E_spOutOfBounds__C)
                  0081890c    00000004     Sys_BIOs_config_pe66.oe66 (.const:ti_sysbios_knl_Task_E_stackOverflow__C)
                  00818910    00000004     Sys_BIOs_config_pe66.oe66 (.const:ti_sysbios_knl_Task_LD_block__C)
                  00818914    00000004     Sys_BIOs_config_pe66.oe66 (.const:ti_sysbios_knl_Task_LD_exit__C)
                  00818918    00000004     Sys_BIOs_config_pe66.oe66 (.const:ti_sysbios_knl_Task_LD_ready__C)
                  0081891c    00000004     Sys_BIOs_config_pe66.oe66 (.const:ti_sysbios_knl_Task_LM_sleep__C)
                  00818920    00000004     Sys_BIOs_config_pe66.oe66 (.const:ti_sysbios_knl_Task_LM_switch__C)
                  00818924    00000004     Sys_BIOs_config_pe66.oe66 (.const:ti_sysbios_knl_Task_Module_State_inactiveQ__O)
                  00818928    00000004     Sys_BIOs_config_pe66.oe66 (.const:ti_sysbios_knl_Task_Module_State_terminatedQ__O)
                  0081892c    00000004     Sys_BIOs_config_pe66.oe66 (.const:ti_sysbios_knl_Task_Module__diagsEnabled__C)
                  00818930    00000004     Sys_BIOs_config_pe66.oe66 (.const:ti_sysbios_knl_Task_Module__diagsIncluded__C)
                  00818934    00000004     Sys_BIOs_config_pe66.oe66 (.const:ti_sysbios_knl_Task_Module__diagsMask__C)
                  00818938    00000004     Sys_BIOs_config_pe66.oe66 (.const:ti_sysbios_knl_Task_Module__loggerFxn2__C)
                  0081893c    00000004     Sys_BIOs_config_pe66.oe66 (.const:ti_sysbios_knl_Task_Module__loggerFxn4__C)
                  00818940    00000004     Sys_BIOs_config_pe66.oe66 (.const:ti_sysbios_knl_Task_Module__loggerObj__C)
                  00818944    00000004     Sys_BIOs_config_pe66.oe66 (.const:ti_sysbios_knl_Task_Object__count__C)
                  00818948    00000004     Sys_BIOs_config_pe66.oe66 (.const:ti_sysbios_knl_Task_Object__heap__C)
                  0081894c    00000004     Sys_BIOs_config_pe66.oe66 (.const:ti_sysbios_knl_Task_allBlockedFunc__C)
                  00818950    00000004     Sys_BIOs_config_pe66.oe66 (.const:ti_sysbios_knl_Task_numConstructedTasks__C)
                  00818954    00000004     Sys_BIOs_config_pe66.oe66 (.const:ti_sysbios_timers_timer64_Timer_A_notAvailable__C)
                  00818958    00000004     Sys_BIOs_config_pe66.oe66 (.const:ti_sysbios_timers_timer64_Timer_E_cannotSupport__C)
                  0081895c    00000004     Sys_BIOs_config_pe66.oe66 (.const:ti_sysbios_timers_timer64_Timer_Module__diagsEnabled__C)
                  00818960    00000004     Sys_BIOs_config_pe66.oe66 (.const:ti_sysbios_timers_timer64_Timer_Module__diagsIncluded__C)
                  00818964    00000004     Sys_BIOs_config_pe66.oe66 (.const:ti_sysbios_timers_timer64_Timer_Module__diagsMask__C)
                  00818968    00000004     Sys_BIOs_config_pe66.oe66 (.const:ti_sysbios_timers_timer64_Timer_anyMask__C)
                  0081896c    00000004     Sys_BIOs_config_pe66.oe66 (.const:ti_sysbios_timers_timer64_Timer_freqDivisor__C)
                  00818970    00000004     Sys_BIOs_config_pe66.oe66 (.const:ti_sysbios_timers_timer64_Timer_numLocalTimers__C)
                  00818974    00000004     Sys_BIOs_config_pe66.oe66 (.const:ti_sysbios_timers_timer64_Timer_numTimerDevices__C)
                  00818978    00000004     Sys_BIOs_config_pe66.oe66 (.const:ti_sysbios_utils_Load_LS_cpuLoad__C)
                  0081897c    00000004     Sys_BIOs_config_pe66.oe66 (.const:ti_sysbios_utils_Load_LS_hwiLoad__C)
                  00818980    00000004     Sys_BIOs_config_pe66.oe66 (.const:ti_sysbios_utils_Load_LS_swiLoad__C)
                  00818984    00000004     Sys_BIOs_config_pe66.oe66 (.const:ti_sysbios_utils_Load_LS_taskLoad__C)
                  00818988    00000004     Sys_BIOs_config_pe66.oe66 (.const:ti_sysbios_utils_Load_Module_State_taskList__O)
                  0081898c    00000004     Sys_BIOs_config_pe66.oe66 (.const:ti_sysbios_utils_Load_Module__diagsEnabled__C)
                  00818990    00000004     Sys_BIOs_config_pe66.oe66 (.const:ti_sysbios_utils_Load_Module__diagsIncluded__C)
                  00818994    00000004     Sys_BIOs_config_pe66.oe66 (.const:ti_sysbios_utils_Load_Module__diagsMask__C)
                  00818998    00000004     Sys_BIOs_config_pe66.oe66 (.const:ti_sysbios_utils_Load_Module__loggerFxn1__C)
                  0081899c    00000004     Sys_BIOs_config_pe66.oe66 (.const:ti_sysbios_utils_Load_Module__loggerFxn2__C)
                  008189a0    00000004     Sys_BIOs_config_pe66.oe66 (.const:ti_sysbios_utils_Load_Module__loggerFxn4__C)
                  008189a4    00000004     Sys_BIOs_config_pe66.oe66 (.const:ti_sysbios_utils_Load_Module__loggerObj__C)
                  008189a8    00000004     Sys_BIOs_config_pe66.oe66 (.const:ti_sysbios_utils_Load_postUpdate__C)
                  008189ac    00000004     Sys_BIOs_config_pe66.oe66 (.const:ti_sysbios_utils_Load_windowInMs__C)
                  008189b0    00000004     Sys_BIOs_config_pe66.oe66 (.const:ti_uia_family_c66_TimestampC66XGlobal_timerBaseAdrs__C)
                  008189b4    00000004     Sys_BIOs_config_pe66.oe66 (.const:ti_uia_runtime_ILoggerSnapshot_Interface__BASE__C)
                  008189b8    00000004     Sys_BIOs_config_pe66.oe66 (.const:ti_uia_runtime_IUIATransfer_Interface__BASE__C)
                  008189bc    00000004     Sys_BIOs_config_pe66.oe66 (.const:ti_uia_runtime_LoggerProbePoint_E_badLevel__C)
                  008189c0    00000004     Sys_BIOs_config_pe66.oe66 (.const:ti_uia_runtime_LoggerProbePoint_Object__count__C)
                  008189c4    00000004     Sys_BIOs_config_pe66.oe66 (.const:ti_uia_runtime_LoggerProbePoint_overflowLogger__C)
                  008189c8    00000004     Sys_BIOs_config_pe66.oe66 (.const:ti_uia_runtime_LoggerProbePoint_statusLogger__C)
                  008189cc    00000004     Sys_BIOs_config_pe66.oe66 (.const:ti_uia_runtime_LoggerStopMode_E_badLevel__C)
                  008189d0    00000004     Sys_BIOs_config_pe66.oe66 (.const:ti_uia_runtime_LoggerStopMode_Object__count__C)
                  008189d4    00000004     Sys_BIOs_config_pe66.oe66 (.const:ti_uia_runtime_LoggerStopMode_overflowLogger__C)
                  008189d8    00000004     Sys_BIOs_config_pe66.oe66 (.const:ti_uia_runtime_LoggerStopMode_statusLogger__C)
                  008189dc    00000004     Sys_BIOs_config_pe66.oe66 (.const:xdc_runtime_Assert_E_assertFailed__C)
                  008189e0    00000004     Sys_BIOs_config_pe66.oe66 (.const:xdc_runtime_Core_A_initializedParams__C)
                  008189e4    00000004     Sys_BIOs_config_pe66.oe66 (.const:xdc_runtime_Core_Module__diagsEnabled__C)
                  008189e8    00000004     Sys_BIOs_config_pe66.oe66 (.const:xdc_runtime_Core_Module__diagsIncluded__C)
                  008189ec    00000004     Sys_BIOs_config_pe66.oe66 (.const:xdc_runtime_Core_Module__diagsMask__C)
                  008189f0    00000004     Sys_BIOs_config_pe66.oe66 (.const:xdc_runtime_Error_E_memory__C)
                  008189f4    00000004     Sys_BIOs_config_pe66.oe66 (.const:xdc_runtime_Error_Module__diagsEnabled__C)
                  008189f8    00000004     Sys_BIOs_config_pe66.oe66 (.const:xdc_runtime_Error_Module__diagsIncluded__C)
                  008189fc    00000004     Sys_BIOs_config_pe66.oe66 (.const:xdc_runtime_Error_Module__diagsMask__C)
                  00818a00    00000004     Sys_BIOs_config_pe66.oe66 (.const:xdc_runtime_Error_Module__loggerFxn8__C)
                  00818a04    00000004     Sys_BIOs_config_pe66.oe66 (.const:xdc_runtime_Error_Module__loggerObj__C)
                  00818a08    00000004     Sys_BIOs_config_pe66.oe66 (.const:xdc_runtime_Error_policy__C)
                  00818a0c    00000004     Sys_BIOs_config_pe66.oe66 (.const:xdc_runtime_Error_raiseHook__C)
                  00818a10    00000004     Sys_BIOs_config_pe66.oe66 (.const:xdc_runtime_IFilterLogger_Interface__BASE__C)
                  00818a14    00000004     Sys_BIOs_config_pe66.oe66 (.const:xdc_runtime_IGateProvider_Interface__BASE__C)
                  00818a18    00000004     Sys_BIOs_config_pe66.oe66 (.const:xdc_runtime_IHeap_Interface__BASE__C)
                  00818a1c    00000004     Sys_BIOs_config_pe66.oe66 (.const:xdc_runtime_ILogger_Interface__BASE__C)
                  00818a20    00000004     Sys_BIOs_config_pe66.oe66 (.const:xdc_runtime_IModule_Interface__BASE__C)
                  00818a24    00000004     Sys_BIOs_config_pe66.oe66 (.const:xdc_runtime_Log_L_error__C)
                  00818a28    00000004     Sys_BIOs_config_pe66.oe66 (.const:xdc_runtime_LoggerBuf_E_badLevel__C)
                  00818a2c    00000004     Sys_BIOs_config_pe66.oe66 (.const:xdc_runtime_LoggerBuf_Module__gateObj__C)
                  00818a30    00000004     Sys_BIOs_config_pe66.oe66 (.const:xdc_runtime_LoggerBuf_Object__count__C)
                  00818a34    00000004     Sys_BIOs_config_pe66.oe66 (.const:xdc_runtime_LoggerBuf_statusLogger__C)
                  00818a38    00000004     Sys_BIOs_config_pe66.oe66 (.const:xdc_runtime_Memory_defaultHeapInstance__C)
                  00818a3c    00000004     Sys_BIOs_config_pe66.oe66 (.const:xdc_runtime_Startup_execImpl__C)
                  00818a40    00000004     Sys_BIOs_config_pe66.oe66 (.const:xdc_runtime_Startup_lastFxns__A)
                  00818a44    00000004     Sys_BIOs_config_pe66.oe66 (.const:xdc_runtime_Startup_maxPasses__C)
                  00818a48    00000004     Sys_BIOs_config_pe66.oe66 (.const:xdc_runtime_Startup_sfxnRts__C)
                  00818a4c    00000004     Sys_BIOs_config_pe66.oe66 (.const:xdc_runtime_Startup_sfxnTab__C)
                  00818a50    00000004     Sys_BIOs_config_pe66.oe66 (.const:xdc_runtime_SysMin_bufSize__C)
                  00818a54    00000004     Sys_BIOs_config_pe66.oe66 (.const:xdc_runtime_SysMin_outputFunc__C)
                  00818a58    00000004     Sys_BIOs_config_pe66.oe66 (.const:xdc_runtime_System_Module__gateObj__C)
                  00818a5c    00000004     Sys_BIOs_config_pe66.oe66 (.const:xdc_runtime_System_extendFxn__C)
                  00818a60    00000004     Sys_BIOs_config_pe66.oe66 (.const:xdc_runtime_System_maxAtexitHandlers__C)
                  00818a64    00000004     Sys_BIOs_config_pe66.oe66 (.const:xdc_runtime_Text_charTab__C)
                  00818a68    00000004     Sys_BIOs_config_pe66.oe66 (.const:xdc_runtime_Text_nameEmpty__C)
                  00818a6c    00000004     Sys_BIOs_config_pe66.oe66 (.const:xdc_runtime_Text_nameStatic__C)
                  00818a70    00000004     Sys_BIOs_config_pe66.oe66 (.const:xdc_runtime_Text_nameUnknown__C)
                  00818a74    00000004     Sys_BIOs_config_pe66.oe66 (.const:xdc_runtime_Text_nodeTab__C)
                  00818a78    00000004     Sys_BIOs_config_pe66.oe66 (.const:xdc_runtime_Text_visitRopeFxn__C)
                  00818a7c    00000002     Sys_BIOs_config_pe66.oe66 (.const:ti_sysbios_family_c64p_Exception_enableExternalMPC__C)
                  00818a7e    00000002     Sys_BIOs_config_pe66.oe66 (.const:ti_sysbios_family_c64p_Exception_enablePrint__C)
                  00818a80    00000002     Sys_BIOs_config_pe66.oe66 (.const:ti_sysbios_family_c64p_Exception_useInternalBuffer__C)
                  00818a82    00000002     Sys_BIOs_config_pe66.oe66 (.const:ti_sysbios_family_c64p_Hwi_Module__id__C)
                  00818a84    00000002     Sys_BIOs_config_pe66.oe66 (.const:ti_sysbios_family_c64p_Hwi_Module__loggerDefined__C)
                  00818a86    00000002     Sys_BIOs_config_pe66.oe66 (.const:ti_sysbios_gates_GateMutex_Module__id__C)
                  00818a88    00000002     Sys_BIOs_config_pe66.oe66 (.const:ti_sysbios_hal_Hwi_Module__id__C)
                  00818a8a    00000002     Sys_BIOs_config_pe66.oe66 (.const:ti_sysbios_heaps_HeapMem_Module__id__C)
                  00818a8c    00000002     Sys_BIOs_config_pe66.oe66 (.const:ti_sysbios_knl_Clock_Module__id__C)
                  00818a8e    00000002     Sys_BIOs_config_pe66.oe66 (.const:ti_sysbios_knl_Clock_Module__loggerDefined__C)
                  00818a90    00000002     Sys_BIOs_config_pe66.oe66 (.const:ti_sysbios_knl_Semaphore_Module__id__C)
                  00818a92    00000002     Sys_BIOs_config_pe66.oe66 (.const:ti_sysbios_knl_Semaphore_Module__loggerDefined__C)
                  00818a94    00000002     Sys_BIOs_config_pe66.oe66 (.const:ti_sysbios_knl_Swi_Module__id__C)
                  00818a96    00000002     Sys_BIOs_config_pe66.oe66 (.const:ti_sysbios_knl_Swi_Module__loggerDefined__C)
                  00818a98    00000002     Sys_BIOs_config_pe66.oe66 (.const:ti_sysbios_knl_Task_Module__id__C)
                  00818a9a    00000002     Sys_BIOs_config_pe66.oe66 (.const:ti_sysbios_knl_Task_Module__loggerDefined__C)
                  00818a9c    00000002     Sys_BIOs_config_pe66.oe66 (.const:ti_sysbios_knl_Task_deleteTerminatedTasks__C)
                  00818a9e    00000002     Sys_BIOs_config_pe66.oe66 (.const:ti_sysbios_knl_Task_initStackFlag__C)
                  00818aa0    00000002     Sys_BIOs_config_pe66.oe66 (.const:ti_sysbios_timers_timer64_Timer_Module__id__C)
                  00818aa2    00000002     Sys_BIOs_config_pe66.oe66 (.const:ti_sysbios_timers_timer64_Timer_startupNeeded__C)
                  00818aa4    00000002     Sys_BIOs_config_pe66.oe66 (.const:ti_sysbios_utils_Load_Module__id__C)
                  00818aa6    00000002     Sys_BIOs_config_pe66.oe66 (.const:ti_sysbios_utils_Load_Module__loggerDefined__C)
                  00818aa8    00000002     Sys_BIOs_config_pe66.oe66 (.const:ti_sysbios_utils_Load_autoAddTasks__C)
                  00818aaa    00000002     Sys_BIOs_config_pe66.oe66 (.const:ti_sysbios_utils_Load_hwiEnabled__C)
                  00818aac    00000002     Sys_BIOs_config_pe66.oe66 (.const:ti_sysbios_utils_Load_swiEnabled__C)
                  00818aae    00000002     Sys_BIOs_config_pe66.oe66 (.const:ti_sysbios_utils_Load_taskEnabled__C)
                  00818ab0    00000002     Sys_BIOs_config_pe66.oe66 (.const:ti_sysbios_utils_Load_updateInIdle__C)
                  00818ab2    00000002     Sys_BIOs_config_pe66.oe66 (.const:ti_uia_runtime_LoggerProbePoint_Module__id__C)
                  00818ab4    00000002     Sys_BIOs_config_pe66.oe66 (.const:ti_uia_runtime_LoggerProbePoint_filterByLevel__C)
                  00818ab6    00000002     Sys_BIOs_config_pe66.oe66 (.const:ti_uia_runtime_LoggerProbePoint_isTimestampEnabled__C)
                  00818ab8    00000002     Sys_BIOs_config_pe66.oe66 (.const:ti_uia_runtime_LoggerStopMode_Module__id__C)
                  00818aba    00000002     Sys_BIOs_config_pe66.oe66 (.const:ti_uia_runtime_LoggerStopMode_filterByLevel__C)
                  00818abc    00000002     Sys_BIOs_config_pe66.oe66 (.const:ti_uia_runtime_LoggerStopMode_isTimestampEnabled__C)
                  00818abe    00000002     Sys_BIOs_config_pe66.oe66 (.const:xdc_runtime_Core_Module__id__C)
                  00818ac0    00000002     Sys_BIOs_config_pe66.oe66 (.const:xdc_runtime_Error_Module__loggerDefined__C)
                  00818ac2    00000002     Sys_BIOs_config_pe66.oe66 (.const:xdc_runtime_Error_maxDepth__C)
                  00818ac4    00000002     Sys_BIOs_config_pe66.oe66 (.const:xdc_runtime_LoggerBuf_Module__id__C)
                  00818ac6    00000002     Sys_BIOs_config_pe66.oe66 (.const:xdc_runtime_LoggerBuf_filterByLevel__C)
                  00818ac8    00000002     Sys_BIOs_config_pe66.oe66 (.const:xdc_runtime_Memory_Module__id__C)
                  00818aca    00000002     Sys_BIOs_config_pe66.oe66 (.const:xdc_runtime_SysMin_flushAtExit__C)
                  00818acc    00000002     Sys_BIOs_config_pe66.oe66 (.const:xdc_runtime_Text_charCnt__C)
                  00818ace    00000002     Sys_BIOs_config_pe66.oe66 (.const:xdc_runtime_Text_isLoaded__C)
                  00818ad0    00000002     Sys_BIOs_config_pe66.oe66 (.const:xdc_runtime_Text_registryModsLastId__C)
                  00818ad2    00000002     Sys_BIOs_config_pe66.oe66 (.const:xdc_runtime_Text_unnamedModsLastId__C)

.stack     0    00818ad8    00001000     UNINITIALIZED
                  00818ad8    00000008     boot.ae66 : boot.oe66 (.stack)
                  00818ae0    00000ff8     --HOLE--

.fardata   0    00819ad8    00000b54     
                  00819ad8    000002e0     Sys_BIOs_config_pe66.oe66 (.fardata)
                  00819db8    00000180     Sys_BIOs_config_pe66.oe66 (.fardata:ti_sysbios_timers_timer64_Timer_Module_State_0_device__A)
                  00819f38    00000114     Sys_BIOs_config_pe66.oe66 (.fardata:ti_uia_runtime_LoggerProbePoint_Object__table__V)
                  0081a04c    00000004     rts6600_elf.lib : dtor_list.obj (.fardata)
                  0081a050    000000f0     Sys_BIOs_config_pe66.oe66 (.fardata:ti_sysbios_knl_Task_Object__table__V)
                  0081a140    00000080     Sys_BIOs_config_pe66.oe66 (.fardata:ti_sysbios_knl_Swi_Module_State_0_readyQ__A)
                  0081a1c0    00000080     Sys_BIOs_config_pe66.oe66 (.fardata:ti_sysbios_knl_Task_Module_State_0_readyQ__A)
                  0081a240    00000080     Sys_BIOs_config_pe66.oe66 (.fardata:ti_sysbios_timers_timer64_Timer_Module_State_0_gctrl__A)
                  0081a2c0    00000080     Sys_BIOs_config_pe66.oe66 (.fardata:ti_sysbios_timers_timer64_Timer_Module_State_0_handles__A)
                  0081a340    00000080     Sys_BIOs_config_pe66.oe66 (.fardata:ti_sysbios_timers_timer64_Timer_Module_State_0_intFreqs__A)
                  0081a3c0    0000005c     Sys_BIOs_config_pe66.oe66 (.fardata:ti_uia_runtime_LoggerStopMode_Object__table__V)
                  0081a41c    00000004     --HOLE--
                  0081a420    0000004c     Sys_BIOs_config_pe66.oe66 (.fardata:ti_sysbios_timers_timer64_Timer_Object__table__V)
                  0081a46c    00000004     --HOLE--
                  0081a470    00000040     rts6600_elf.lib : cos.obj (.fardata:R$1)
                  0081a4b0    00000040                     : sin.obj (.fardata:R$1)
                  0081a4f0    00000040     Sys_BIOs_config_pe66.oe66 (.fardata:ti_sysbios_gates_GateMutex_Object__table__V)
                  0081a530    00000030     Sys_BIOs_config_pe66.oe66 (.fardata:ti_sysbios_knl_Swi_Object__table__V)
                  0081a560    00000024     Sys_BIOs_config_pe66.oe66 (.fardata:xdc_runtime_LoggerBuf_Object__table__V)
                  0081a584    00000004     --HOLE--
                  0081a588    00000018     Sys_BIOs_config_pe66.oe66 (.fardata:ti_sysbios_family_c64p_Hwi_Object__table__V)
                  0081a5a0    00000018     Sys_BIOs_config_pe66.oe66 (.fardata:ti_sysbios_heaps_HeapMem_Object__table__V)
                  0081a5b8    00000010     util.obj (.fardata:coef)
                  0081a5c8    00000010     util.obj (.fardata:freqs)
                  0081a5d8    00000010     Sys_BIOs_config_pe66.oe66 (.fardata:xdc_runtime_System_Module_State_0_atexitHandlers__A)
                  0081a5e8    0000000c     rts6600_elf.lib : exit.obj (.fardata)
                  0081a5f4    00000008                     : _lock.obj (.fardata)
                  0081a5fc    00000004     --HOLE--
                  0081a600    00000008     Sys_BIOs_config_pe66.oe66 (.fardata:ti_sysbios_hal_Hwi_Object__table__V)
                  0081a608    00000008     Sys_BIOs_config_pe66.oe66 (.fardata:ti_sysbios_hal_Timer_Object__table__V)
                  0081a610    00000004     Sys_BIOs_config_pe66.oe66 (.fardata:ti_sysbios_gates_GateHwi_Object__table__V)
                  0081a614    00000004     --HOLE--
                  0081a618    00000004     Sys_BIOs_config_pe66.oe66 (.fardata:ti_sysbios_knl_Task_Module_State_0_idleTask__A)
                  0081a61c    00000004     --HOLE--
                  0081a620    00000004     Sys_BIOs_config_pe66.oe66 (.fardata:ti_sysbios_utils_Load_Module_State_0_runningTask__A)
                  0081a624    00000004     --HOLE--
                  0081a628    00000004     Sys_BIOs_config_pe66.oe66 (.fardata:ti_sysbios_utils_Load_Module_State_0_taskStartTime__A)

.cio       0    0081a630    00000120     UNINITIALIZED
                  0081a630    00000120     rts6600_elf.lib : trgmsg.obj (.cio)

.bss       0    0081a750    00000026     UNINITIALIZED
                  0081a750    00000020     util.obj (.bss)
                  0081a770    00000006     main_gtz.obj (.bss)

.neardata 
*          0    0081a778    00000018     
                  0081a778    0000000c     main_gtz.obj (.neardata)
                  0081a784    00000008     ti.uia.runtime.ae66 : QueueDescriptor.oe66 (.neardata)
                  0081a78c    00000004     util.obj (.neardata)

.rodata    0    0081a790    00000004     
                  0081a790    00000004     main_gtz.obj (.rodata)

.vecs      0    0081a800    00000200     
                  0081a800    00000200     Sys_BIOs_config_pe66.oe66 (.vecs)

.cinit     0    0081aa00    00000874     
                  0081aa00    00000815     (.cinit..fardata.load) [load image, compression = rle]
                  0081b215    00000003     --HOLE-- [fill = 0]
                  0081b218    0000000c     (__TI_handler_table)
                  0081b224    0000000a     (.cinit..rodata.load) [load image, compression = rle]
                  0081b22e    00000002     --HOLE-- [fill = 0]
                  0081b230    00000009     (.cinit..neardata.load) [load image, compression = rle]
                  0081b239    00000003     --HOLE-- [fill = 0]
                  0081b23c    00000008     (.cinit..bss.load) [load image, compression = zero_init]
                  0081b244    00000008     (.cinit..far.load) [load image, compression = zero_init]
                  0081b24c    00000028     (__TI_cinit_table)


LINKER GENERATED COPY TABLES

__TI_cinit_table @ 0081b24c records: 5, size/record: 8, table size: 40
	.fardata: load addr=0081aa00, load size=00000815 bytes, run addr=00819ad8, run size=00000b54 bytes, compression=rle
	.rodata: load addr=0081b224, load size=0000000a bytes, run addr=0081a790, run size=00000004 bytes, compression=rle
	.neardata: load addr=0081b230, load size=00000009 bytes, run addr=0081a778, run size=00000018 bytes, compression=rle
	.bss: load addr=0081b23c, load size=00000008 bytes, run addr=0081a750, run size=00000026 bytes, compression=zero_init
	.far: load addr=0081b244, load size=00000008 bytes, run addr=008115c0, run size=00003e40 bytes, compression=zero_init


LINKER GENERATED HANDLER TABLE

__TI_handler_table @ 0081b218 records: 3, size/record: 4, table size: 12
	index: 0, handler: __TI_zero_init
	index: 1, handler: __TI_decompress_rle24
	index: 2, handler: __TI_decompress_none


GLOBAL SYMBOLS: SORTED ALPHABETICALLY BY Name 

address    name
--------   ----
00810aa0   C$$EXIT
0080fbd8   C$$IO$$
0080ca00   HOSTwrite
0081a778   N
0081a790   N_const
0081a0f0   TSK_idle
[...]
008113c0   xdc_runtime_LoggerBuf_Module_GateProxy_leave__E
008113e0   xdc_runtime_LoggerBuf_disable__E
008113e0   xdc_runtime_LoggerBuf_disable__F
00811400   xdc_runtime_LoggerBuf_enable__E
00811400   xdc_runtime_LoggerBuf_enable__F
00811420   xdc_runtime_Memory_HeapProxy_alloc__E
00811440   xdc_runtime_Memory_HeapProxy_free__E
00811460   xdc_runtime_Startup_exec__I
00811480   xdc_runtime_Startup_reset__I
008114a0   xdc_runtime_SysMin_ready__E
008114a0   xdc_runtime_SysMin_ready__F
008114a0   xdc_runtime_System_SupportProxy_ready__E
008114c0   xdc_runtime_System_Module_GateProxy_enter__E
008114e0   xdc_runtime_System_Module_GateProxy_leave__E
00811500   xdc_runtime_System_Module_startup__E
00811500   xdc_runtime_System_Module_startup__F
00811520   xdc_runtime_System_exit__E
00811520   xdc_runtime_System_exit__F
00811540   xdc_runtime_System_lastFxn__I
00811560   xdc_runtime_System_snprintf_va__E
00811560   xdc_runtime_System_snprintf_va__F
00811560   xdc_runtime_System_vsnprintf__E
00811560   xdc_runtime_System_vsnprintf__F
00811580   xdc_runtime_Text_visitRope__I
008115a0   xdc_runtime_Timestamp_Module__startupDone__S
008115c0   ti_sysbios_heaps_HeapMem_Instance_State_0_buf__A
008125c0   ti_sysbios_knl_Task_Instance_State_0_hookEnv__A
008125c8   ti_sysbios_knl_Task_Instance_State_1_hookEnv__A
008125d0   ti_sysbios_knl_Task_Instance_State_2_hookEnv__A
008125d8   ti_uia_runtime_LoggerProbePoint_Instance_State_0_bufferArray__A
00812858   ti_uia_runtime_LoggerProbePoint_Instance_State_1_bufferArray__A
00812cd8   ti_uia_runtime_LoggerProbePoint_Instance_State_2_bufferArray__A
00813158   ti_uia_runtime_LoggerStopMode_Instance_State_0_bufferArray__A
008133d8   xdc_runtime_LoggerBuf_Instance_State_0_entryArr__A
008137d8   xdc_runtime_SysMin_Module_State_0_outbuf__A
00813bd8   ti_sysbios_knl_Task_Instance_State_0_stack__A
008143d8   ti_sysbios_knl_Task_Instance_State_1_stack__A
00814bd8   ti_sysbios_knl_Task_Instance_State_2_stack__A
008153d8   gtz_out
00815400   xdc_runtime_Text_charTab__A
00817c38   ti_sysbios_family_c66_Cache_marvalues__C
00818038   xdc_runtime_Text_nodeTab__A
008181f4   ti_uia_runtime_LoggerProbePoint_Module__FXNS__C
00818254   ti_uia_runtime_LoggerStopMode_Module__FXNS__C
00818354   ti_sysbios_BIOS_Module__diagsEnabled__C
00818358   xdc_runtime_Startup_sfxnTab__A
008183dc   xdc_runtime_LoggerBuf_Module__FXNS__C
00818418   ti_uia_runtime_LoggerProbePoint_Object__PARAMS__C
0081844c   ti_uia_runtime_LoggerStopMode_Object__PARAMS__C
00818480   ti_sysbios_knl_Task_hooks__A
008184dc   ti_sysbios_heaps_HeapMem_Module__FXNS__C
00818504   xdc_runtime_LoggerBuf_Object__PARAMS__C
0081852c   ti_sysbios_gates_GateHwi_Module__FXNS__C
00818550   ti_sysbios_gates_GateMutex_Module__FXNS__C
00818574   ti_sysbios_heaps_HeapMem_Object__PARAMS__C
00818598   ti_sysbios_knl_Clock_Object__PARAMS__C
008185bc   ti_sysbios_knl_Semaphore_Object__PARAMS__C
008185e0   xdc_runtime_Startup_sfxnRts__A
00818602   ti_sysbios_BIOS_Module__id__C
00818604   ti_sysbios_gates_GateHwi_Object__DESC__C
00818624   ti_sysbios_gates_GateMutex_Object__DESC__C
00818644   ti_sysbios_heaps_HeapMem_Object__DESC__C
00818664   ti_sysbios_knl_Clock_Object__DESC__C
00818684   ti_sysbios_knl_Queue_Object__DESC__C
008186a4   ti_sysbios_knl_Semaphore_Object__DESC__C
008186c4   ti_uia_runtime_LoggerProbePoint_Object__DESC__C
008186e4   ti_uia_runtime_LoggerStopMode_Object__DESC__C
00818704   xdc_runtime_LoggerBuf_Object__DESC__C
00818724   ti_sysbios_gates_GateHwi_Object__PARAMS__C
0081873c   ti_sysbios_gates_GateMutex_Object__PARAMS__C
00818754   ti_sysbios_knl_Queue_Object__PARAMS__C
00818792   ti_sysbios_family_c64p_Exception_Module__id__C
00818794   ti_sysbios_family_c66_Cache_initSize__C
008187a8   ti_sysbios_knl_Idle_coreList__A
008187b0   ti_sysbios_knl_Idle_coreList__C
008187b8   ti_sysbios_knl_Idle_funcList__A
008187c0   ti_sysbios_knl_Idle_funcList__C
008187c8   ti_sysbios_knl_Task_hooks__C
008187d0   xdc_runtime_Startup_firstFxns__A
008187d8   xdc_runtime_Startup_firstFxns__C
008187e0   xdc_runtime_Startup_lastFxns__C
008187e8   ti_sysbios_BIOS_Module__diagsIncluded__C
008187ec   ti_sysbios_BIOS_Module__diagsMask__C
008187f0   ti_sysbios_BIOS_installedErrorHook__C
008187f4   ti_sysbios_family_c64p_Exception_E_exceptionMax__C
008187f8   ti_sysbios_family_c64p_Exception_E_exceptionMin__C
008187fc   ti_sysbios_family_c64p_Exception_exceptionHook__C
00818800   ti_sysbios_family_c64p_Exception_externalHook__C
00818804   ti_sysbios_family_c64p_Exception_internalHook__C
00818808   ti_sysbios_family_c64p_Exception_nmiHook__C
0081880c   ti_sysbios_family_c64p_Hwi_LD_end__C
00818810   ti_sysbios_family_c64p_Hwi_LM_begin__C
00818814   ti_sysbios_family_c64p_Hwi_Module__diagsEnabled__C
00818818   ti_sysbios_family_c64p_Hwi_Module__diagsIncluded__C
0081881c   ti_sysbios_family_c64p_Hwi_Module__diagsMask__C
00818820   ti_sysbios_family_c64p_Hwi_Module__loggerFxn1__C
00818824   ti_sysbios_family_c64p_Hwi_Module__loggerFxn8__C
00818828   ti_sysbios_family_c64p_Hwi_Module__loggerObj__C
0081882c   ti_sysbios_gates_GateMutex_A_badContext__C
00818830   ti_sysbios_gates_GateMutex_Instance_State_sem__O
00818834   ti_sysbios_gates_GateMutex_Module__diagsEnabled__C
00818838   ti_sysbios_gates_GateMutex_Module__diagsIncluded__C
0081883c   ti_sysbios_gates_GateMutex_Module__diagsMask__C
00818840   ti_sysbios_hal_Hwi_E_stackOverflow__C
00818844   ti_sysbios_heaps_HeapMem_A_align__C
00818848   ti_sysbios_heaps_HeapMem_A_heapSize__C
0081884c   ti_sysbios_heaps_HeapMem_A_invalidFree__C
00818850   ti_sysbios_heaps_HeapMem_A_zeroBlock__C
00818854   ti_sysbios_heaps_HeapMem_E_memory__C
00818858   ti_sysbios_heaps_HeapMem_Module__diagsEnabled__C
0081885c   ti_sysbios_heaps_HeapMem_Module__diagsIncluded__C
00818860   ti_sysbios_heaps_HeapMem_Module__diagsMask__C
00818864   ti_sysbios_heaps_HeapMem_Module__gateObj__C
00818868   ti_sysbios_heaps_HeapMem_Object__count__C
0081886c   ti_sysbios_heaps_HeapMem_reqAlign__C
00818870   ti_sysbios_knl_Clock_A_badThreadType__C
00818874   ti_sysbios_knl_Clock_LM_begin__C
00818878   ti_sysbios_knl_Clock_LM_tick__C
0081887c   ti_sysbios_knl_Clock_LW_delayed__C
00818880   ti_sysbios_knl_Clock_Module_State_clockQ__O
00818884   ti_sysbios_knl_Clock_Module__diagsEnabled__C
00818888   ti_sysbios_knl_Clock_Module__diagsIncluded__C
0081888c   ti_sysbios_knl_Clock_Module__diagsMask__C
00818890   ti_sysbios_knl_Clock_Module__loggerFxn1__C
00818894   ti_sysbios_knl_Clock_Module__loggerFxn2__C
00818898   ti_sysbios_knl_Clock_Module__loggerObj__C
0081889c   ti_sysbios_knl_Clock_tickMode__C
008188a0   ti_sysbios_knl_Clock_tickSource__C
008188a4   ti_sysbios_knl_Semaphore_A_badContext__C
008188a8   ti_sysbios_knl_Semaphore_A_noEvents__C
008188ac   ti_sysbios_knl_Semaphore_A_overflow__C
008188b0   ti_sysbios_knl_Semaphore_A_pendTaskDisabled__C
008188b4   ti_sysbios_knl_Semaphore_Instance_State_pendQ__O
008188b8   ti_sysbios_knl_Semaphore_LM_pend__C
008188bc   ti_sysbios_knl_Semaphore_LM_post__C
008188c0   ti_sysbios_knl_Semaphore_Module__diagsEnabled__C
008188c4   ti_sysbios_knl_Semaphore_Module__diagsIncluded__C
008188c8   ti_sysbios_knl_Semaphore_Module__diagsMask__C
008188cc   ti_sysbios_knl_Semaphore_Module__loggerFxn2__C
008188d0   ti_sysbios_knl_Semaphore_Module__loggerFxn4__C
008188d4   ti_sysbios_knl_Semaphore_Module__loggerObj__C
008188d8   ti_sysbios_knl_Swi_LD_end__C
008188dc   ti_sysbios_knl_Swi_LM_begin__C
008188e0   ti_sysbios_knl_Swi_LM_post__C
008188e4   ti_sysbios_knl_Swi_Module__diagsEnabled__C
008188e8   ti_sysbios_knl_Swi_Module__diagsIncluded__C
008188ec   ti_sysbios_knl_Swi_Module__diagsMask__C
008188f0   ti_sysbios_knl_Swi_Module__loggerFxn1__C
008188f4   ti_sysbios_knl_Swi_Module__loggerFxn4__C
008188f8   ti_sysbios_knl_Swi_Module__loggerObj__C
008188fc   ti_sysbios_knl_Swi_Object__count__C
00818900   ti_sysbios_knl_Task_A_badTimeout__C
00818904   ti_sysbios_knl_Task_A_sleepTaskDisabled__C
00818908   ti_sysbios_knl_Task_E_spOutOfBounds__C
0081890c   ti_sysbios_knl_Task_E_stackOverflow__C
00818910   ti_sysbios_knl_Task_LD_block__C
00818914   ti_sysbios_knl_Task_LD_exit__C
00818918   ti_sysbios_knl_Task_LD_ready__C
0081891c   ti_sysbios_knl_Task_LM_sleep__C
00818920   ti_sysbios_knl_Task_LM_switch__C
00818924   ti_sysbios_knl_Task_Module_State_inactiveQ__O
00818928   ti_sysbios_knl_Task_Module_State_terminatedQ__O
0081892c   ti_sysbios_knl_Task_Module__diagsEnabled__C
00818930   ti_sysbios_knl_Task_Module__diagsIncluded__C
00818934   ti_sysbios_knl_Task_Module__diagsMask__C
00818938   ti_sysbios_knl_Task_Module__loggerFxn2__C
0081893c   ti_sysbios_knl_Task_Module__loggerFxn4__C
00818940   ti_sysbios_knl_Task_Module__loggerObj__C
00818944   ti_sysbios_knl_Task_Object__count__C
00818948   ti_sysbios_knl_Task_Object__heap__C
0081894c   ti_sysbios_knl_Task_allBlockedFunc__C
00818950   ti_sysbios_knl_Task_numConstructedTasks__C
00818954   ti_sysbios_timers_timer64_Timer_A_notAvailable__C
00818958   ti_sysbios_timers_timer64_Timer_E_cannotSupport__C
0081895c   ti_sysbios_timers_timer64_Timer_Module__diagsEnabled__C
00818960   ti_sysbios_timers_timer64_Timer_Module__diagsIncluded__C
00818964   ti_sysbios_timers_timer64_Timer_Module__diagsMask__C
00818968   ti_sysbios_timers_timer64_Timer_anyMask__C
0081896c   ti_sysbios_timers_timer64_Timer_freqDivisor__C
00818970   ti_sysbios_timers_timer64_Timer_numLocalTimers__C
00818974   ti_sysbios_timers_timer64_Timer_numTimerDevices__C
00818978   ti_sysbios_utils_Load_LS_cpuLoad__C
0081897c   ti_sysbios_utils_Load_LS_hwiLoad__C
00818980   ti_sysbios_utils_Load_LS_swiLoad__C
00818984   ti_sysbios_utils_Load_LS_taskLoad__C
00818988   ti_sysbios_utils_Load_Module_State_taskList__O
0081898c   ti_sysbios_utils_Load_Module__diagsEnabled__C
00818990   ti_sysbios_utils_Load_Module__diagsIncluded__C
00818994   ti_sysbios_utils_Load_Module__diagsMask__C
00818998   ti_sysbios_utils_Load_Module__loggerFxn1__C
0081899c   ti_sysbios_utils_Load_Module__loggerFxn2__C
008189a0   ti_sysbios_utils_Load_Module__loggerFxn4__C
008189a4   ti_sysbios_utils_Load_Module__loggerObj__C
008189a8   ti_sysbios_utils_Load_postUpdate__C
008189ac   ti_sysbios_utils_Load_windowInMs__C
008189b0   ti_uia_family_c66_TimestampC66XGlobal_timerBaseAdrs__C
008189b4   ti_uia_runtime_ILoggerSnapshot_Interface__BASE__C
008189b8   ti_uia_runtime_IUIATransfer_Interface__BASE__C
008189bc   ti_uia_runtime_LoggerProbePoint_E_badLevel__C
008189c0   ti_uia_runtime_LoggerProbePoint_Object__count__C
008189c4   ti_uia_runtime_LoggerProbePoint_overflowLogger__C
008189c8   ti_uia_runtime_LoggerProbePoint_statusLogger__C
008189cc   ti_uia_runtime_LoggerStopMode_E_badLevel__C
008189d0   ti_uia_runtime_LoggerStopMode_Object__count__C
008189d4   ti_uia_runtime_LoggerStopMode_overflowLogger__C
008189d8   ti_uia_runtime_LoggerStopMode_statusLogger__C
008189dc   xdc_runtime_Assert_E_assertFailed__C
008189e0   xdc_runtime_Core_A_initializedParams__C
008189e4   xdc_runtime_Core_Module__diagsEnabled__C
008189e8   xdc_runtime_Core_Module__diagsIncluded__C
008189ec   xdc_runtime_Core_Module__diagsMask__C
008189f0   xdc_runtime_Error_E_memory__C
008189f4   xdc_runtime_Error_Module__diagsEnabled__C
008189f8   xdc_runtime_Error_Module__diagsIncluded__C
008189fc   xdc_runtime_Error_Module__diagsMask__C
00818a00   xdc_runtime_Error_Module__loggerFxn8__C
00818a04   xdc_runtime_Error_Module__loggerObj__C
00818a08   xdc_runtime_Error_policy__C
00818a0c   xdc_runtime_Error_raiseHook__C
00818a10   xdc_runtime_IFilterLogger_Interface__BASE__C
00818a14   xdc_runtime_IGateProvider_Interface__BASE__C
00818a18   xdc_runtime_IHeap_Interface__BASE__C
00818a1c   xdc_runtime_ILogger_Interface__BASE__C
00818a20   xdc_runtime_IModule_Interface__BASE__C
00818a24   xdc_runtime_Log_L_error__C
00818a28   xdc_runtime_LoggerBuf_E_badLevel__C
00818a2c   xdc_runtime_LoggerBuf_Module__gateObj__C
00818a30   xdc_runtime_LoggerBuf_Object__count__C
00818a34   xdc_runtime_LoggerBuf_statusLogger__C
00818a38   xdc_runtime_Memory_defaultHeapInstance__C
00818a3c   xdc_runtime_Startup_execImpl__C
00818a40   xdc_runtime_Startup_lastFxns__A
00818a44   xdc_runtime_Startup_maxPasses__C
00818a48   xdc_runtime_Startup_sfxnRts__C
00818a4c   xdc_runtime_Startup_sfxnTab__C
00818a50   xdc_runtime_SysMin_bufSize__C
00818a54   xdc_runtime_SysMin_outputFunc__C
00818a58   xdc_runtime_System_Module__gateObj__C
00818a5c   xdc_runtime_System_extendFxn__C
00818a60   xdc_runtime_System_maxAtexitHandlers__C
00818a64   xdc_runtime_Text_charTab__C
00818a68   xdc_runtime_Text_nameEmpty__C
00818a6c   xdc_runtime_Text_nameStatic__C
00818a70   xdc_runtime_Text_nameUnknown__C
00818a74   xdc_runtime_Text_nodeTab__C
00818a78   xdc_runtime_Text_visitRopeFxn__C
00818a7c   ti_sysbios_family_c64p_Exception_enableExternalMPC__C
00818a7e   ti_sysbios_family_c64p_Exception_enablePrint__C
00818a80   ti_sysbios_family_c64p_Exception_useInternalBuffer__C
00818a82   ti_sysbios_family_c64p_Hwi_Module__id__C
00818a84   ti_sysbios_family_c64p_Hwi_Module__loggerDefined__C
00818a86   ti_sysbios_gates_GateMutex_Module__id__C
00818a88   ti_sysbios_hal_Hwi_Module__id__C
00818a8a   ti_sysbios_heaps_HeapMem_Module__id__C
00818a8c   ti_sysbios_knl_Clock_Module__id__C
00818a8e   ti_sysbios_knl_Clock_Module__loggerDefined__C
00818a90   ti_sysbios_knl_Semaphore_Module__id__C
00818a92   ti_sysbios_knl_Semaphore_Module__loggerDefined__C
00818a94   ti_sysbios_knl_Swi_Module__id__C
00818a96   ti_sysbios_knl_Swi_Module__loggerDefined__C
00818a98   ti_sysbios_knl_Task_Module__id__C
00818a9a   ti_sysbios_knl_Task_Module__loggerDefined__C
00818a9c   ti_sysbios_knl_Task_deleteTerminatedTasks__C
00818a9e   ti_sysbios_knl_Task_initStackFlag__C
00818aa0   ti_sysbios_timers_timer64_Timer_Module__id__C
00818aa2   ti_sysbios_timers_timer64_Timer_startupNeeded__C
00818aa4   ti_sysbios_utils_Load_Module__id__C
00818aa6   ti_sysbios_utils_Load_Module__loggerDefined__C
00818aa8   ti_sysbios_utils_Load_autoAddTasks__C
00818aaa   ti_sysbios_utils_Load_hwiEnabled__C
00818aac   ti_sysbios_utils_Load_swiEnabled__C
00818aae   ti_sysbios_utils_Load_taskEnabled__C
00818ab0   ti_sysbios_utils_Load_updateInIdle__C
00818ab2   ti_uia_runtime_LoggerProbePoint_Module__id__C
00818ab4   ti_uia_runtime_LoggerProbePoint_filterByLevel__C
00818ab6   ti_uia_runtime_LoggerProbePoint_isTimestampEnabled__C
00818ab8   ti_uia_runtime_LoggerStopMode_Module__id__C
00818aba   ti_uia_runtime_LoggerStopMode_filterByLevel__C
00818abc   ti_uia_runtime_LoggerStopMode_isTimestampEnabled__C
00818abe   xdc_runtime_Core_Module__id__C
00818ac0   xdc_runtime_Error_Module__loggerDefined__C
00818ac2   xdc_runtime_Error_maxDepth__C
00818ac4   xdc_runtime_LoggerBuf_Module__id__C
00818ac6   xdc_runtime_LoggerBuf_filterByLevel__C
00818ac8   xdc_runtime_Memory_Module__id__C
00818aca   xdc_runtime_SysMin_flushAtExit__C
00818acc   xdc_runtime_Text_charCnt__C
00818ace   xdc_runtime_Text_isLoaded__C
00818ad0   xdc_runtime_Text_registryModsLastId__C
00818ad2   xdc_runtime_Text_unnamedModsLastId__C
00818ad8   _stack
00819ad8   __TI_STACK_END
00819ad8   ti_sysbios_BIOS_Module__state__V
00819af8   ti_sysbios_family_c64p_Exception_Module__state__V
00819b28   ti_sysbios_family_c64p_Hwi_Module__root__V
00819b30   ti_sysbios_family_c64p_Hwi_Module__state__V
00819b98   ti_sysbios_gates_GateHwi_Module__root__V
00819ba0   ti_sysbios_gates_GateMutex_Module__root__V
00819ba8   ti_sysbios_hal_Hwi_Module__root__V
00819bb0   ti_sysbios_hal_Timer_Module__root__V
00819bb8   ti_sysbios_heaps_HeapMem_Module__root__V
00819bc0   ti_sysbios_knl_Clock_Module__root__V
00819bc8   ti_sysbios_knl_Clock_Module__state__V
00819bf0   ti_sysbios_knl_Event_Module__root__V
00819bfc   ti_sysbios_knl_Queue_Module__root__V
00819c04   ti_sysbios_knl_Semaphore_Module__root__V
00819c10   ti_sysbios_knl_Swi_Module__root__V
00819c1c   ti_sysbios_knl_Swi_Module__state__V
00819c38   ti_sysbios_knl_Task_Module__root__V
00819c44   ti_sysbios_knl_Task_Module__state__V
00819c88   ti_sysbios_timers_timer64_Timer_Module__root__V
00819c90   ti_sysbios_timers_timer64_Timer_Module__state__V
00819ca4   ti_sysbios_utils_Load_Module__root__V
00819ca8   ti_sysbios_utils_Load_Module__state__V
00819d24   ti_uia_family_c66_TimestampC66XGlobal_Module__root__V
00819d2c   ti_uia_runtime_LogSync_Module__root__V
00819d34   ti_uia_runtime_LogSync_Module__state__V
00819d40   ti_uia_runtime_LoggerProbePoint_Module__root__V
00819d48   ti_uia_runtime_LoggerProbePoint_Module__state__V
00819d50   ti_uia_runtime_LoggerStopMode_Module__root__V
00819d58   ti_uia_runtime_LoggerStopMode_Module__state__V
00819d60   ti_uia_runtime_QueueDescriptor_Module__state__V
00819d6c   xdc_runtime_Error_Module__state__V
00819d70   xdc_runtime_LoggerBuf_Module__root__V
00819d78   xdc_runtime_LoggerBuf_Module__state__V
00819d7e   xdc_runtime_Main_Module__root__V
00819d80   xdc_runtime_Memory_Module__state__V
00819d84   xdc_runtime_Registry_Module__state__V
00819d8c   xdc_runtime_Startup_Module__state__V
00819d94   xdc_runtime_SysMin_Module__state__V
00819da0   xdc_runtime_System_Module__state__V
00819dac   xdc_runtime_Text_Module__state__V
00819db4   __xdc__init__addr
00819db8   ti_sysbios_timers_timer64_Timer_Module_State_0_device__A
00819f38   ti_uia_runtime_LoggerProbePoint_Object__table__V
0081a050   ti_sysbios_knl_Task_Object__table__V
0081a0f0   TSK_idle
0081a140   ti_sysbios_knl_Swi_Module_State_0_readyQ__A
0081a1c0   ti_sysbios_knl_Task_Module_State_0_readyQ__A
0081a240   ti_sysbios_timers_timer64_Timer_Module_State_0_gctrl__A
0081a2c0   ti_sysbios_timers_timer64_Timer_Module_State_0_handles__A
0081a340   ti_sysbios_timers_timer64_Timer_Module_State_0_intFreqs__A
0081a3c0   ti_uia_runtime_LoggerStopMode_Object__table__V
0081a420   ti_sysbios_timers_timer64_Timer_Object__table__V
0081a4f0   ti_sysbios_gates_GateMutex_Object__table__V
0081a530   ti_sysbios_knl_Swi_Object__table__V
0081a560   xdc_runtime_LoggerBuf_Object__table__V
0081a588   ti_sysbios_family_c64p_Hwi_Object__table__V
0081a5a0   ti_sysbios_heaps_HeapMem_Object__table__V
0081a5b8   coef
0081a5c8   freqs
0081a5d8   xdc_runtime_System_Module_State_0_atexitHandlers__A
0081a5e8   _cleanup_ptr
0081a5ec   _dtors_ptr
0081a5f0   __TI_enable_exit_profile_output
0081a5f4   _lock
0081a5f8   _unlock
0081a600   ti_sysbios_hal_Hwi_Object__table__V
0081a608   ti_sysbios_hal_Timer_Object__table__V
0081a610   ti_sysbios_gates_GateHwi_Object__table__V
0081a618   ti_sysbios_knl_Task_Module_State_0_idleTask__A
0081a620   ti_sysbios_utils_Load_Module_State_0_runningTask__A
0081a628   ti_sysbios_utils_Load_Module_State_0_taskStartTime__A
0081a630   __CIOBUF_
0081a750   __TI_STATIC_BASE
0081a750   time1
0081a754   time2
0081a758   digit
0081a75c   freq1
0081a760   freq2
0081a764   mag1
0081a768   mag2
0081a76c   sample
0081a778   N
0081a784   ti_uia_runtime_QueueDescriptor_gPtrToFirstDescriptor
0081a788   ti_uia_runtime_QueueDescriptor_gUpdateCount
0081a78c   flag
0081a790   N_const
0081a800   ti_sysbios_family_c64p_Hwi0
0081a800   ti_sysbios_family_c64p_Hwi_int0
0081a820   ti_sysbios_family_c64p_Hwi_int1
0081a840   ti_sysbios_family_c64p_Hwi_int2
0081a860   ti_sysbios_family_c64p_Hwi_int3
0081a880   ti_sysbios_family_c64p_Hwi_int4
0081a8a0   ti_sysbios_family_c64p_Hwi_int5
0081a8c0   ti_sysbios_family_c64p_Hwi_int6
0081a8e0   ti_sysbios_family_c64p_Hwi_int7
0081a900   ti_sysbios_family_c64p_Hwi_int8
0081a920   ti_sysbios_family_c64p_Hwi_int9
0081a940   ti_sysbios_family_c64p_Hwi_int10
0081a960   ti_sysbios_family_c64p_Hwi_int11
0081a980   ti_sysbios_family_c64p_Hwi_int12
0081a9a0   ti_sysbios_family_c64p_Hwi_int13
0081a9c0   ti_sysbios_family_c64p_Hwi_int14
0081a9e0   ti_sysbios_family_c64p_Hwi_int15
0081b218   __TI_Handler_Table_Base
0081b224   __TI_Handler_Table_Limit
0081b24c   __TI_CINIT_Base
0081b274   __TI_CINIT_Limit
ffffffff   __TI_pprof_out_hndl
ffffffff   __TI_prof_data_size
ffffffff   __TI_prof_data_start
ffffffff   __binit__
ffffffff   __c_args__
ffffffff   binit
UNDEFED    __TI_INITARRAY_Base
UNDEFED    __TI_INITARRAY_Limit

[852 symbols]
